Component: ARM Compiler 5.06 update 1 (build 61) Tool: armlink [4d35a8]

==============================================================================

Section Cross References

    main.o(i.main) refers to system_stm32f0xx.o(i.SystemInit) for SystemInit
    main.o(i.main) refers to system_stm32f0xx.o(i.SystemCoreClockUpdate) for SystemCoreClockUpdate
    main.o(i.main) refers to sys_lib.o(i.SYS_Init_ALL) for SYS_Init_ALL
    main.o(i.main) refers to sys_lib.o(i.SYS_Run) for SYS_Run
    delay.o(i.SysTick_Config) refers to delay.o(i.NVIC_SetPriority) for NVIC_SetPriority
    delay.o(i.SysTick_Handler) refers to delay.o(.data) for delay
    delay.o(i.delay_ms) refers to aeabi_sdiv.o(.text) for __aeabi_uidivmod
    delay.o(i.delay_ms) refers to delay.o(i.SysTick_Config) for SysTick_Config
    delay.o(i.delay_ms) refers to system_stm32f0xx.o(.data) for SystemCoreClock
    delay.o(i.delay_ms) refers to delay.o(.data) for delay
    delay.o(i.delay_us) refers to aeabi_sdiv.o(.text) for __aeabi_uidivmod
    delay.o(i.delay_us) refers to delay.o(i.SysTick_Config) for SysTick_Config
    delay.o(i.delay_us) refers to system_stm32f0xx.o(.data) for SystemCoreClock
    delay.o(i.delay_us) refers to delay.o(.data) for delay
    uart.o(i.Send_String) refers to uart.o(i.Send_char) for Send_char
    uart.o(i.Send_char) refers to stm32f0xx_usart.o(i.USART_SendData) for USART_SendData
    uart.o(i.Send_char) refers to stm32f0xx_usart.o(i.USART_GetFlagStatus) for USART_GetFlagStatus
    uart.o(i.UART_Init) refers to stm32f0xx_rcc.o(i.RCC_APB2PeriphClockCmd) for RCC_APB2PeriphClockCmd
    uart.o(i.UART_Init) refers to stm32f0xx_rcc.o(i.RCC_AHBPeriphClockCmd) for RCC_AHBPeriphClockCmd
    uart.o(i.UART_Init) refers to stm32f0xx_gpio.o(i.GPIO_PinAFConfig) for GPIO_PinAFConfig
    uart.o(i.USART1_IRQHandler) refers to stm32f0xx_usart.o(i.USART_GetITStatus) for USART_GetITStatus
    uart.o(i.USART1_IRQHandler) refers to stm32f0xx_usart.o(i.USART_ReceiveData) for USART_ReceiveData
    uart.o(i.USART1_IRQHandler) refers to stm32f0xx_usart.o(i.USART_ClearITPendingBit) for USART_ClearITPendingBit
    uart.o(i.USART1_IRQHandler) refers to uart.o(.data) for temp_char
    uart.o(i.USART1_IRQHandler) refers to uart.o(.bss) for RRX
    ct_lib.o(i.CT_BeeP) refers to stm32f0xx_gpio.o(i.GPIO_WriteBit) for GPIO_WriteBit
    ct_lib.o(i.CT_BeeP) refers to delay.o(i.delay_ms) for delay_ms
    ct_lib.o(i.CT_Init) refers to stm32f0xx_rcc.o(i.RCC_AHBPeriphClockCmd) for RCC_AHBPeriphClockCmd
    ct_lib.o(i.CT_Init) refers to stm32f0xx_gpio.o(i.GPIO_Init) for GPIO_Init
    ct_lib.o(i.CT_ReadAllButton) refers to stm32f0xx_gpio.o(i.GPIO_ReadInputDataBit) for GPIO_ReadInputDataBit
    ct_lib.o(i.CT_ReadAllButton) refers to ct_lib.o(i.ct_buttonread) for ct_buttonread
    ct_lib.o(i.CT_ReadAllButton) refers to ct_lib.o(.data) for BT1
    ct_lib.o(i.CT_Relay) refers to stm32f0xx_gpio.o(i.GPIO_WriteBit) for GPIO_WriteBit
    motor_lib.o(i.CT_Motor_1) refers to motor_lib.o(i.CT_Motor_PWM1) for CT_Motor_PWM1
    motor_lib.o(i.CT_Motor_1) refers to stm32f0xx_gpio.o(i.GPIO_WriteBit) for GPIO_WriteBit
    motor_lib.o(i.CT_Motor_2) refers to motor_lib.o(i.CT_Motor_PWM2) for CT_Motor_PWM2
    motor_lib.o(i.CT_Motor_2) refers to stm32f0xx_gpio.o(i.GPIO_WriteBit) for GPIO_WriteBit
    motor_lib.o(i.CT_Motor_Init) refers to motor_lib.o(i.PWM_Init) for PWM_Init
    motor_lib.o(i.CT_Motor_Init) refers to motor_lib.o(i.GPIO_Control_Init) for GPIO_Control_Init
    motor_lib.o(i.CT_Motor_PWM1) refers to motor_lib.o(i.map) for map
    motor_lib.o(i.CT_Motor_PWM2) refers to motor_lib.o(i.map) for map
    motor_lib.o(i.GPIO_Control_Init) refers to stm32f0xx_rcc.o(i.RCC_AHBPeriphClockCmd) for RCC_AHBPeriphClockCmd
    motor_lib.o(i.GPIO_Control_Init) refers to stm32f0xx_gpio.o(i.GPIO_Init) for GPIO_Init
    motor_lib.o(i.PWM_Init) refers to stm32f0xx_rcc.o(i.RCC_AHBPeriphClockCmd) for RCC_AHBPeriphClockCmd
    motor_lib.o(i.PWM_Init) refers to stm32f0xx_rcc.o(i.RCC_APB2PeriphClockCmd) for RCC_APB2PeriphClockCmd
    motor_lib.o(i.PWM_Init) refers to stm32f0xx_gpio.o(i.GPIO_Init) for GPIO_Init
    motor_lib.o(i.PWM_Init) refers to stm32f0xx_gpio.o(i.GPIO_PinAFConfig) for GPIO_PinAFConfig
    motor_lib.o(i.PWM_Init) refers to stm32f0xx_tim.o(i.TIM_TimeBaseInit) for TIM_TimeBaseInit
    motor_lib.o(i.PWM_Init) refers to stm32f0xx_tim.o(i.TIM_OC1Init) for TIM_OC1Init
    motor_lib.o(i.PWM_Init) refers to stm32f0xx_tim.o(i.TIM_OC1PreloadConfig) for TIM_OC1PreloadConfig
    motor_lib.o(i.PWM_Init) refers to stm32f0xx_tim.o(i.TIM_OC2Init) for TIM_OC2Init
    motor_lib.o(i.PWM_Init) refers to stm32f0xx_tim.o(i.TIM_OC2PreloadConfig) for TIM_OC2PreloadConfig
    motor_lib.o(i.PWM_Init) refers to stm32f0xx_tim.o(i.TIM_ARRPreloadConfig) for TIM_ARRPreloadConfig
    motor_lib.o(i.PWM_Init) refers to stm32f0xx_tim.o(i.TIM_Cmd) for TIM_Cmd
    motor_lib.o(i.PWM_Init) refers to stm32f0xx_tim.o(i.TIM_CtrlPWMOutputs) for TIM_CtrlPWMOutputs
[...]
    Removing stm32f0xx_tim.o(i.TIM_OC1PolarityConfig), (24 bytes).
    Removing stm32f0xx_tim.o(i.TIM_OC2FastConfig), (24 bytes).
    Removing stm32f0xx_tim.o(i.TIM_OC2NPolarityConfig), (24 bytes).
    Removing stm32f0xx_tim.o(i.TIM_OC2PolarityConfig), (24 bytes).
    Removing stm32f0xx_tim.o(i.TIM_OC3FastConfig), (24 bytes).
    Removing stm32f0xx_tim.o(i.TIM_OC3Init), (152 bytes).
    Removing stm32f0xx_tim.o(i.TIM_OC3NPolarityConfig), (24 bytes).
    Removing stm32f0xx_tim.o(i.TIM_OC3PolarityConfig), (24 bytes).
    Removing stm32f0xx_tim.o(i.TIM_OC3PreloadConfig), (24 bytes).
    Removing stm32f0xx_tim.o(i.TIM_OC4FastConfig), (24 bytes).
    Removing stm32f0xx_tim.o(i.TIM_OC4Init), (112 bytes).
    Removing stm32f0xx_tim.o(i.TIM_OC4PolarityConfig), (24 bytes).
    Removing stm32f0xx_tim.o(i.TIM_OC4PreloadConfig), (24 bytes).
    Removing stm32f0xx_tim.o(i.TIM_OCStructInit), (20 bytes).
    Removing stm32f0xx_tim.o(i.TIM_PWMIConfig), (124 bytes).
    Removing stm32f0xx_tim.o(i.TIM_PrescalerConfig), (6 bytes).
    Removing stm32f0xx_tim.o(i.TIM_RemapConfig), (6 bytes).
    Removing stm32f0xx_tim.o(i.TIM_SelectCCDMA), (28 bytes).
    Removing stm32f0xx_tim.o(i.TIM_SelectCOM), (28 bytes).
    Removing stm32f0xx_tim.o(i.TIM_SelectHallSensor), (28 bytes).
    Removing stm32f0xx_tim.o(i.TIM_SelectInputTrigger), (24 bytes).
    Removing stm32f0xx_tim.o(i.TIM_SelectMasterSlaveMode), (20 bytes).
    Removing stm32f0xx_tim.o(i.TIM_SelectOCREFClear), (20 bytes).
    Removing stm32f0xx_tim.o(i.TIM_SelectOCxM), (82 bytes).
    Removing stm32f0xx_tim.o(i.TIM_SelectOnePulseMode), (20 bytes).
    Removing stm32f0xx_tim.o(i.TIM_SelectOutputTrigger), (20 bytes).
    Removing stm32f0xx_tim.o(i.TIM_SelectSlaveMode), (20 bytes).
    Removing stm32f0xx_tim.o(i.TIM_SetAutoreload), (4 bytes).
    Removing stm32f0xx_tim.o(i.TIM_SetClockDivision), (20 bytes).
    Removing stm32f0xx_tim.o(i.TIM_SetCompare1), (4 bytes).
    Removing stm32f0xx_tim.o(i.TIM_SetCompare2), (4 bytes).
    Removing stm32f0xx_tim.o(i.TIM_SetCompare3), (4 bytes).
    Removing stm32f0xx_tim.o(i.TIM_SetCompare4), (4 bytes).
    Removing stm32f0xx_tim.o(i.TIM_SetCounter), (4 bytes).
    Removing stm32f0xx_tim.o(i.TIM_SetIC1Prescaler), (20 bytes).
    Removing stm32f0xx_tim.o(i.TIM_SetIC2Prescaler), (24 bytes).
    Removing stm32f0xx_tim.o(i.TIM_SetIC3Prescaler), (20 bytes).
    Removing stm32f0xx_tim.o(i.TIM_SetIC4Prescaler), (24 bytes).
    Removing stm32f0xx_tim.o(i.TIM_TIxExternalClockConfig), (58 bytes).
    Removing stm32f0xx_tim.o(i.TIM_TimeBaseStructInit), (18 bytes).
    Removing stm32f0xx_tim.o(i.TIM_UpdateDisableConfig), (28 bytes).
    Removing stm32f0xx_tim.o(i.TIM_UpdateRequestConfig), (28 bytes).
    Removing stm32f0xx_usart.o(.rev16_text), (4 bytes).
    Removing stm32f0xx_usart.o(.revsh_text), (4 bytes).
    Removing stm32f0xx_usart.o(i.USART_AddressDetectionConfig), (16 bytes).
    Removing stm32f0xx_usart.o(i.USART_AutoBaudRateCmd), (28 bytes).
    Removing stm32f0xx_usart.o(i.USART_AutoBaudRateConfig), (18 bytes).
    Removing stm32f0xx_usart.o(i.USART_ClearFlag), (4 bytes).
    Removing stm32f0xx_usart.o(i.USART_ClockInit), (36 bytes).
    Removing stm32f0xx_usart.o(i.USART_ClockStructInit), (12 bytes).
    Removing stm32f0xx_usart.o(i.USART_Cmd), (24 bytes).
    Removing stm32f0xx_usart.o(i.USART_DECmd), (28 bytes).
    Removing stm32f0xx_usart.o(i.USART_DEPolarityConfig), (18 bytes).
    Removing stm32f0xx_usart.o(i.USART_DMACmd), (20 bytes).
    Removing stm32f0xx_usart.o(i.USART_DMAReceptionErrorConfig), (18 bytes).
    Removing stm32f0xx_usart.o(i.USART_DataInvCmd), (28 bytes).
    Removing stm32f0xx_usart.o(i.USART_DeInit), (124 bytes).
    Removing stm32f0xx_usart.o(i.USART_DirectionModeCmd), (20 bytes).
    Removing stm32f0xx_usart.o(i.USART_GetFlagStatus), (20 bytes).
    Removing stm32f0xx_usart.o(i.USART_HalfDuplexCmd), (24 bytes).
    Removing stm32f0xx_usart.o(i.USART_ITConfig), (66 bytes).
    Removing stm32f0xx_usart.o(i.USART_Init), (232 bytes).
    Removing stm32f0xx_usart.o(i.USART_InvPinCmd), (20 bytes).
    Removing stm32f0xx_usart.o(i.USART_IrDACmd), (24 bytes).
    Removing stm32f0xx_usart.o(i.USART_IrDAConfig), (16 bytes).
    Removing stm32f0xx_usart.o(i.USART_LINBreakDetectLengthConfig), (16 bytes).
    Removing stm32f0xx_usart.o(i.USART_LINCmd), (28 bytes).
    Removing stm32f0xx_usart.o(i.USART_MSBFirstCmd), (28 bytes).
    Removing stm32f0xx_usart.o(i.USART_MuteModeCmd), (28 bytes).
    Removing stm32f0xx_usart.o(i.USART_MuteModeWakeUpConfig), (18 bytes).
    Removing stm32f0xx_usart.o(i.USART_OneBitMethodCmd), (28 bytes).
    Removing stm32f0xx_usart.o(i.USART_OverSampling8Cmd), (28 bytes).
    Removing stm32f0xx_usart.o(i.USART_OverrunDetectionConfig), (18 bytes).
    Removing stm32f0xx_usart.o(i.USART_ReceiverTimeOutCmd), (28 bytes).
    Removing stm32f0xx_usart.o(i.USART_RequestCmd), (20 bytes).
    Removing stm32f0xx_usart.o(i.USART_STOPModeCmd), (24 bytes).
    Removing stm32f0xx_usart.o(i.USART_SWAPPinCmd), (28 bytes).
    Removing stm32f0xx_usart.o(i.USART_SendData), (8 bytes).
    Removing stm32f0xx_usart.o(i.USART_SetAddress), (18 bytes).
    Removing stm32f0xx_usart.o(i.USART_SetAutoRetryCount), (20 bytes).
    Removing stm32f0xx_usart.o(i.USART_SetBlockLength), (18 bytes).
    Removing stm32f0xx_usart.o(i.USART_SetDEAssertionTime), (20 bytes).
    Removing stm32f0xx_usart.o(i.USART_SetDEDeassertionTime), (20 bytes).
    Removing stm32f0xx_usart.o(i.USART_SetGuardTime), (16 bytes).
    Removing stm32f0xx_usart.o(i.USART_SetPrescaler), (18 bytes).
    Removing stm32f0xx_usart.o(i.USART_SetReceiverTimeOut), (16 bytes).
    Removing stm32f0xx_usart.o(i.USART_SmartCardCmd), (24 bytes).
    Removing stm32f0xx_usart.o(i.USART_SmartCardNACKCmd), (24 bytes).
    Removing stm32f0xx_usart.o(i.USART_StopModeWakeUpSourceConfig), (18 bytes).
    Removing stm32f0xx_usart.o(i.USART_StructInit), (24 bytes).
    Removing stm32f0xx_wwdg.o(.rev16_text), (4 bytes).
    Removing stm32f0xx_wwdg.o(.revsh_text), (4 bytes).
    Removing stm32f0xx_wwdg.o(i.WWDG_ClearFlag), (12 bytes).
    Removing stm32f0xx_wwdg.o(i.WWDG_DeInit), (22 bytes).
    Removing stm32f0xx_wwdg.o(i.WWDG_Enable), (16 bytes).
    Removing stm32f0xx_wwdg.o(i.WWDG_EnableIT), (20 bytes).
    Removing stm32f0xx_wwdg.o(i.WWDG_GetFlagStatus), (24 bytes).
    Removing stm32f0xx_wwdg.o(i.WWDG_SetCounter), (16 bytes).
    Removing stm32f0xx_wwdg.o(i.WWDG_SetPrescaler), (32 bytes).
    Removing stm32f0xx_wwdg.o(i.WWDG_SetWindowValue), (40 bytes).
    Removing system_stm32f0xx.o(.rev16_text), (4 bytes).
    Removing system_stm32f0xx.o(.revsh_text), (4 bytes).

582 unused section(s) (total 21160 bytes) removed from the image.

==============================================================================

Image Symbol Table

    Local Symbols

    Symbol Name                              Value     Ov Type        Size  Object(Section)

    ../clib/angel/boardlib.s                 0x00000000   Number         0  boardinit1.o ABSOLUTE
    ../clib/angel/boardlib.s                 0x00000000   Number         0  boardinit2.o ABSOLUTE
    ../clib/angel/boardlib.s                 0x00000000   Number         0  boardinit3.o ABSOLUTE
    ../clib/angel/boardlib.s                 0x00000000   Number         0  boardshut.o ABSOLUTE
    ../clib/angel/handlers.s                 0x00000000   Number         0  __scatter_zi.o ABSOLUTE
    ../clib/angel/handlers.s                 0x00000000   Number         0  __scatter_copy.o ABSOLUTE
    ../clib/angel/kernel.s                   0x00000000   Number         0  rtexit2.o ABSOLUTE
    ../clib/angel/kernel.s                   0x00000000   Number         0  __rtentry.o ABSOLUTE
    ../clib/angel/kernel.s                   0x00000000   Number         0  rtexit.o ABSOLUTE
    ../clib/angel/kernel.s                   0x00000000   Number         0  __rtentry2.o ABSOLUTE
    ../clib/angel/kernel.s                   0x00000000   Number         0  __rtentry4.o ABSOLUTE
    ../clib/angel/rt.s                       0x00000000   Number         0  aeabi_idiv0_sigfpe.o ABSOLUTE
    ../clib/angel/rt.s                       0x00000000   Number         0  rt_raise.o ABSOLUTE
    ../clib/angel/rt.s                       0x00000000   Number         0  rt_div0.o ABSOLUTE
    ../clib/angel/rt.s                       0x00000000   Number         0  aeabi_idiv0.o ABSOLUTE
    ../clib/angel/scatterp.s                 0x00000000   Number         0  __scatter.o ABSOLUTE
    ../clib/angel/startup.s                  0x00000000   Number         0  __main.o ABSOLUTE
    ../clib/angel/sys.s                      0x00000000   Number         0  tempstk.o ABSOLUTE
    ../clib/angel/sys.s                      0x00000000   Number         0  indicate_semi.o ABSOLUTE
    ../clib/angel/sys.s                      0x00000000   Number         0  use_no_semi.o ABSOLUTE
    ../clib/angel/sys.s                      0x00000000   Number         0  libspace.o ABSOLUTE
    ../clib/angel/sys.s                      0x00000000   Number         0  sys_stackheap_outer.o ABSOLUTE
    ../clib/angel/sysapp.c                   0x00000000   Number         0  sys_command.o ABSOLUTE
    ../clib/angel/sysapp.c                   0x00000000   Number         0  sys_wrch.o ABSOLUTE
    ../clib/angel/sysapp.c                   0x00000000   Number         0  sys_exit.o ABSOLUTE
    ../clib/armsys.c                         0x00000000   Number         0  no_argv.o ABSOLUTE
    ../clib/armsys.c                         0x00000000   Number         0  argv_veneer.o ABSOLUTE
    ../clib/armsys.c                         0x00000000   Number         0  _get_argv_nomalloc.o ABSOLUTE
    ../clib/division.s                       0x00000000   Number         0  aeabi_sdiv.o ABSOLUTE
    ../clib/division.s                       0x00000000   Number         0  aeabi_sdiv_div0.o ABSOLUTE
    ../clib/heapalloc.c                      0x00000000   Number         0  hrguard.o ABSOLUTE
    ../clib/heapaux.c                        0x00000000   Number         0  heapauxi.o ABSOLUTE
    ../clib/libinit.s                        0x00000000   Number         0  libshutdown.o ABSOLUTE
    ../clib/libinit.s                        0x00000000   Number         0  libshutdown2.o ABSOLUTE
    ../clib/libinit.s                        0x00000000   Number         0  libinit2.o ABSOLUTE
    ../clib/libinit.s                        0x00000000   Number         0  libinit.o ABSOLUTE
    ../clib/signal.c                         0x00000000   Number         0  defsig_rtmem_outer.o ABSOLUTE
    ../clib/signal.c                         0x00000000   Number         0  defsig_rtmem_inner.o ABSOLUTE
    ../clib/signal.c                         0x00000000   Number         0  defsig_rtred_inner.o ABSOLUTE
    ../clib/signal.c                         0x00000000   Number         0  defsig_abrt_inner.o ABSOLUTE
    ../clib/signal.c                         0x00000000   Number         0  defsig_general.o ABSOLUTE
    ../clib/signal.c                         0x00000000   Number         0  __raise.o ABSOLUTE
    ../clib/signal.c                         0x00000000   Number         0  defsig_fpe_inner.o ABSOLUTE
    ../clib/signal.c                         0x00000000   Number         0  defsig_exit.o ABSOLUTE
    ../clib/signal.c                         0x00000000   Number         0  defsig_fpe_formal.o ABSOLUTE
    ../clib/signal.c                         0x00000000   Number         0  defsig_fpe_outer.o ABSOLUTE
    ../clib/signal.c                         0x00000000   Number         0  defsig_other.o ABSOLUTE
    ../clib/signal.c                         0x00000000   Number         0  defsig_segv_inner.o ABSOLUTE
    ../clib/signal.c                         0x00000000   Number         0  defsig_cppl_inner.o ABSOLUTE
    ../clib/signal.c                         0x00000000   Number         0  defsig_pvfn_inner.o ABSOLUTE
    ../clib/signal.c                         0x00000000   Number         0  defsig_stak_inner.o ABSOLUTE
    ../clib/signal.c                         0x00000000   Number         0  defsig_rtmem_formal.o ABSOLUTE
    ../clib/signal.s                         0x00000000   Number         0  defsig.o ABSOLUTE
    ../clib/stdlib.c                         0x00000000   Number         0  exit.o ABSOLUTE
    ../fplib/cfplib/cmpret.c                 0x00000000   Number         0  cmpret.o ABSOLUTE
    ../fplib/cfplib/d2f.c                    0x00000000   Number         0  d2f.o ABSOLUTE
    ../fplib/cfplib/ddiv.c                   0x00000000   Number         0  ddiv.o ABSOLUTE
    ../fplib/cfplib/dmul.c                   0x00000000   Number         0  dmul.o ABSOLUTE
    ../fplib/cfplib/f2d.c                    0x00000000   Number         0  f2d.o ABSOLUTE
    ../fplib/cfplib/fcmpin.c                 0x00000000   Number         0  fcmpin.o ABSOLUTE
    ../fplib/cfplib/fdiv.c                   0x00000000   Number         0  fdiv.o ABSOLUTE
    ../fplib/cfplib/ffix.c                   0x00000000   Number         0  dfixui.o ABSOLUTE
    ../fplib/cfplib/ffix.c                   0x00000000   Number         0  ffixui.o ABSOLUTE
    ../fplib/cfplib/fflt.c                   0x00000000   Number         0  dflti.o ABSOLUTE
    ../fplib/cfplib/fflt.c                   0x00000000   Number         0  fflti.o ABSOLUTE
    ../fplib/cfplib/fpinit.c                 0x00000000   Number         0  fpinit.o ABSOLUTE
    ../fplib/cfplib/nan2.c                   0x00000000   Number         0  fnan2.o ABSOLUTE
    ../fplib/cfplib/retnan.c                 0x00000000   Number         0  retnan.o ABSOLUTE
    ../fplib/faddsub6m.s                     0x00000000   Number         0  faddsub.o ABSOLUTE
    ../fplib/fleqf6m.s                       0x00000000   Number         0  flef.o ABSOLUTE
    ../fplib/fmul6m.s                        0x00000000   Number         0  fmul.o ABSOLUTE
    ../fplib/frleqf6m.s                      0x00000000   Number         0  frlef.o ABSOLUTE
    ../fplib/usenofp.s                       0x00000000   Number         0  usenofp.o ABSOLUTE
    ..\Libraries\STM32F0xx_StdPeriph_Driver\src\stm32f0xx_adc.c 0x00000000   Number         0  stm32f0xx_adc.o ABSOLUTE
    ..\Libraries\STM32F0xx_StdPeriph_Driver\src\stm32f0xx_can.c 0x00000000   Number         0  stm32f0xx_can.o ABSOLUTE
    ..\Libraries\STM32F0xx_StdPeriph_Driver\src\stm32f0xx_cec.c 0x00000000   Number         0  stm32f0xx_cec.o ABSOLUTE
    ..\Libraries\STM32F0xx_StdPeriph_Driver\src\stm32f0xx_comp.c 0x00000000   Number         0  stm32f0xx_comp.o ABSOLUTE
    ..\Libraries\STM32F0xx_StdPeriph_Driver\src\stm32f0xx_crc.c 0x00000000   Number         0  stm32f0xx_crc.o ABSOLUTE
    ..\Libraries\STM32F0xx_StdPeriph_Driver\src\stm32f0xx_crs.c 0x00000000   Number         0  stm32f0xx_crs.o ABSOLUTE
    ..\Libraries\STM32F0xx_StdPeriph_Driver\src\stm32f0xx_dac.c 0x00000000   Number         0  stm32f0xx_dac.o ABSOLUTE
    ..\Libraries\STM32F0xx_StdPeriph_Driver\src\stm32f0xx_dbgmcu.c 0x00000000   Number         0  stm32f0xx_dbgmcu.o ABSOLUTE
    ..\Libraries\STM32F0xx_StdPeriph_Driver\src\stm32f0xx_dma.c 0x00000000   Number         0  stm32f0xx_dma.o ABSOLUTE
    ..\Libraries\STM32F0xx_StdPeriph_Driver\src\stm32f0xx_exti.c 0x00000000   Number         0  stm32f0xx_exti.o ABSOLUTE
    ..\Libraries\STM32F0xx_StdPeriph_Driver\src\stm32f0xx_flash.c 0x00000000   Number         0  stm32f0xx_flash.o ABSOLUTE
    ..\Libraries\STM32F0xx_StdPeriph_Driver\src\stm32f0xx_gpio.c 0x00000000   Number         0  stm32f0xx_gpio.o ABSOLUTE
    ..\Libraries\STM32F0xx_StdPeriph_Driver\src\stm32f0xx_i2c.c 0x00000000   Number         0  stm32f0xx_i2c.o ABSOLUTE
    ..\Libraries\STM32F0xx_StdPeriph_Driver\src\stm32f0xx_iwdg.c 0x00000000   Number         0  stm32f0xx_iwdg.o ABSOLUTE
    ..\Libraries\STM32F0xx_StdPeriph_Driver\src\stm32f0xx_misc.c 0x00000000   Number         0  stm32f0xx_misc.o ABSOLUTE
    ..\Libraries\STM32F0xx_StdPeriph_Driver\src\stm32f0xx_pwr.c 0x00000000   Number         0  stm32f0xx_pwr.o ABSOLUTE
    ..\Libraries\STM32F0xx_StdPeriph_Driver\src\stm32f0xx_rcc.c 0x00000000   Number         0  stm32f0xx_rcc.o ABSOLUTE
    ..\Libraries\STM32F0xx_StdPeriph_Driver\src\stm32f0xx_rtc.c 0x00000000   Number         0  stm32f0xx_rtc.o ABSOLUTE
    ..\Libraries\STM32F0xx_StdPeriph_Driver\src\stm32f0xx_spi.c 0x00000000   Number         0  stm32f0xx_spi.o ABSOLUTE
    ..\Libraries\STM32F0xx_StdPeriph_Driver\src\stm32f0xx_syscfg.c 0x00000000   Number         0  stm32f0xx_syscfg.o ABSOLUTE
    ..\Libraries\STM32F0xx_StdPeriph_Driver\src\stm32f0xx_tim.c 0x00000000   Number         0  stm32f0xx_tim.o ABSOLUTE
    ..\Libraries\STM32F0xx_StdPeriph_Driver\src\stm32f0xx_usart.c 0x00000000   Number         0  stm32f0xx_usart.o ABSOLUTE
    ..\Libraries\STM32F0xx_StdPeriph_Driver\src\stm32f0xx_wwdg.c 0x00000000   Number         0  stm32f0xx_wwdg.o ABSOLUTE
    ..\USER\Delay.c                          0x00000000   Number         0  delay.o ABSOLUTE
    ..\USER\IWDG.c                           0x00000000   Number         0  iwdg.o ABSOLUTE
    ..\USER\adc_lib.c                        0x00000000   Number         0  adc_lib.o ABSOLUTE
    ..\USER\ct_lib.c                         0x00000000   Number         0  ct_lib.o ABSOLUTE
    ..\USER\main.c                           0x00000000   Number         0  main.o ABSOLUTE
    ..\USER\motor_lib.c                      0x00000000   Number         0  motor_lib.o ABSOLUTE
    ..\USER\spi_lib.c                        0x00000000   Number         0  spi_lib.o ABSOLUTE
    ..\USER\startup_stm32f030.s              0x00000000   Number         0  startup_stm32f030.o ABSOLUTE
    ..\USER\sys_lib.c                        0x00000000   Number         0  sys_lib.o ABSOLUTE
    ..\USER\system_stm32f0xx.c               0x00000000   Number         0  system_stm32f0xx.o ABSOLUTE
    ..\USER\uart.c                           0x00000000   Number         0  uart.o ABSOLUTE
    ..\\Libraries\\STM32F0xx_StdPeriph_Driver\\src\\stm32f0xx_adc.c 0x00000000   Number         0  stm32f0xx_adc.o ABSOLUTE
    ..\\Libraries\\STM32F0xx_StdPeriph_Driver\\src\\stm32f0xx_can.c 0x00000000   Number         0  stm32f0xx_can.o ABSOLUTE
    ..\\Libraries\\STM32F0xx_StdPeriph_Driver\\src\\stm32f0xx_cec.c 0x00000000   Number         0  stm32f0xx_cec.o ABSOLUTE
    ..\\Libraries\\STM32F0xx_StdPeriph_Driver\\src\\stm32f0xx_comp.c 0x00000000   Number         0  stm32f0xx_comp.o ABSOLUTE
    ..\\Libraries\\STM32F0xx_StdPeriph_Driver\\src\\stm32f0xx_crc.c 0x00000000   Number         0  stm32f0xx_crc.o ABSOLUTE
    ..\\Libraries\\STM32F0xx_StdPeriph_Driver\\src\\stm32f0xx_crs.c 0x00000000   Number         0  stm32f0xx_crs.o ABSOLUTE
    ..\\Libraries\\STM32F0xx_StdPeriph_Driver\\src\\stm32f0xx_dac.c 0x00000000   Number         0  stm32f0xx_dac.o ABSOLUTE
    ..\\Libraries\\STM32F0xx_StdPeriph_Driver\\src\\stm32f0xx_dbgmcu.c 0x00000000   Number         0  stm32f0xx_dbgmcu.o ABSOLUTE
    ..\\Libraries\\STM32F0xx_StdPeriph_Driver\\src\\stm32f0xx_dma.c 0x00000000   Number         0  stm32f0xx_dma.o ABSOLUTE
    ..\\Libraries\\STM32F0xx_StdPeriph_Driver\\src\\stm32f0xx_exti.c 0x00000000   Number         0  stm32f0xx_exti.o ABSOLUTE
    ..\\Libraries\\STM32F0xx_StdPeriph_Driver\\src\\stm32f0xx_flash.c 0x00000000   Number         0  stm32f0xx_flash.o ABSOLUTE
    ..\\Libraries\\STM32F0xx_StdPeriph_Driver\\src\\stm32f0xx_gpio.c 0x00000000   Number         0  stm32f0xx_gpio.o ABSOLUTE
    ..\\Libraries\\STM32F0xx_StdPeriph_Driver\\src\\stm32f0xx_i2c.c 0x00000000   Number         0  stm32f0xx_i2c.o ABSOLUTE
    ..\\Libraries\\STM32F0xx_StdPeriph_Driver\\src\\stm32f0xx_iwdg.c 0x00000000   Number         0  stm32f0xx_iwdg.o ABSOLUTE
    ..\\Libraries\\STM32F0xx_StdPeriph_Driver\\src\\stm32f0xx_misc.c 0x00000000   Number         0  stm32f0xx_misc.o ABSOLUTE
    ..\\Libraries\\STM32F0xx_StdPeriph_Driver\\src\\stm32f0xx_pwr.c 0x00000000   Number         0  stm32f0xx_pwr.o ABSOLUTE
    ..\\Libraries\\STM32F0xx_StdPeriph_Driver\\src\\stm32f0xx_rcc.c 0x00000000   Number         0  stm32f0xx_rcc.o ABSOLUTE
    ..\\Libraries\\STM32F0xx_StdPeriph_Driver\\src\\stm32f0xx_rtc.c 0x00000000   Number         0  stm32f0xx_rtc.o ABSOLUTE
    ..\\Libraries\\STM32F0xx_StdPeriph_Driver\\src\\stm32f0xx_spi.c 0x00000000   Number         0  stm32f0xx_spi.o ABSOLUTE
    ..\\Libraries\\STM32F0xx_StdPeriph_Driver\\src\\stm32f0xx_syscfg.c 0x00000000   Number         0  stm32f0xx_syscfg.o ABSOLUTE
    ..\\Libraries\\STM32F0xx_StdPeriph_Driver\\src\\stm32f0xx_tim.c 0x00000000   Number         0  stm32f0xx_tim.o ABSOLUTE
    ..\\Libraries\\STM32F0xx_StdPeriph_Driver\\src\\stm32f0xx_usart.c 0x00000000   Number         0  stm32f0xx_usart.o ABSOLUTE
    ..\\Libraries\\STM32F0xx_StdPeriph_Driver\\src\\stm32f0xx_wwdg.c 0x00000000   Number         0  stm32f0xx_wwdg.o ABSOLUTE
    ..\\USER\\Delay.c                        0x00000000   Number         0  delay.o ABSOLUTE
    ..\\USER\\IWDG.c                         0x00000000   Number         0  iwdg.o ABSOLUTE
    ..\\USER\\adc_lib.c                      0x00000000   Number         0  adc_lib.o ABSOLUTE
    ..\\USER\\ct_lib.c                       0x00000000   Number         0  ct_lib.o ABSOLUTE
    ..\\USER\\main.c                         0x00000000   Number         0  main.o ABSOLUTE
    ..\\USER\\motor_lib.c                    0x00000000   Number         0  motor_lib.o ABSOLUTE
    ..\\USER\\spi_lib.c                      0x00000000   Number         0  spi_lib.o ABSOLUTE
    ..\\USER\\sys_lib.c                      0x00000000   Number         0  sys_lib.o ABSOLUTE
    ..\\USER\\system_stm32f0xx.c             0x00000000   Number         0  system_stm32f0xx.o ABSOLUTE
    ..\\USER\\uart.c                         0x00000000   Number         0  uart.o ABSOLUTE
    dc.s                                     0x00000000   Number         0  dc.o ABSOLUTE
    RESET                                    0x08000000   Section      180  startup_stm32f030.o(RESET)
    !!!main                                  0x080000b4   Section        8  __main.o(!!!main)
    !!!scatter                               0x080000bc   Section       60  __scatter.o(!!!scatter)
    !!handler_copy                           0x080000f8   Section       26  __scatter_copy.o(!!handler_copy)
    !!handler_zi                             0x08000114   Section       28  __scatter_zi.o(!!handler_zi)
    .ARM.Collect$$libinit$$00000000          0x08000130   Section        2  libinit.o(.ARM.Collect$$libinit$$00000000)
    .ARM.Collect$$libinit$$00000002          0x08000132   Section        0  libinit2.o(.ARM.Collect$$libinit$$00000002)
    .ARM.Collect$$libinit$$00000004          0x08000132   Section        0  libinit2.o(.ARM.Collect$$libinit$$00000004)
    .ARM.Collect$$libinit$$0000000A          0x08000132   Section        0  libinit2.o(.ARM.Collect$$libinit$$0000000A)
    .ARM.Collect$$libinit$$0000000C          0x08000132   Section        0  libinit2.o(.ARM.Collect$$libinit$$0000000C)
    .ARM.Collect$$libinit$$0000000E          0x08000132   Section        0  libinit2.o(.ARM.Collect$$libinit$$0000000E)
    .ARM.Collect$$libinit$$00000011          0x08000132   Section        0  libinit2.o(.ARM.Collect$$libinit$$00000011)
    .ARM.Collect$$libinit$$00000013          0x08000132   Section        0  libinit2.o(.ARM.Collect$$libinit$$00000013)
    .ARM.Collect$$libinit$$00000015          0x08000132   Section        0  libinit2.o(.ARM.Collect$$libinit$$00000015)
    .ARM.Collect$$libinit$$00000017          0x08000132   Section        0  libinit2.o(.ARM.Collect$$libinit$$00000017)
    .ARM.Collect$$libinit$$00000019          0x08000132   Section        0  libinit2.o(.ARM.Collect$$libinit$$00000019)
    .ARM.Collect$$libinit$$0000001B          0x08000132   Section        0  libinit2.o(.ARM.Collect$$libinit$$0000001B)
    .ARM.Collect$$libinit$$0000001D          0x08000132   Section        0  libinit2.o(.ARM.Collect$$libinit$$0000001D)
    .ARM.Collect$$libinit$$0000001F          0x08000132   Section        0  libinit2.o(.ARM.Collect$$libinit$$0000001F)
    .ARM.Collect$$libinit$$00000021          0x08000132   Section        0  libinit2.o(.ARM.Collect$$libinit$$00000021)
    .ARM.Collect$$libinit$$00000023          0x08000132   Section        0  libinit2.o(.ARM.Collect$$libinit$$00000023)
    .ARM.Collect$$libinit$$00000025          0x08000132   Section        0  libinit2.o(.ARM.Collect$$libinit$$00000025)
    .ARM.Collect$$libinit$$0000002C          0x08000132   Section        0  libinit2.o(.ARM.Collect$$libinit$$0000002C)
    .ARM.Collect$$libinit$$0000002E          0x08000132   Section        0  libinit2.o(.ARM.Collect$$libinit$$0000002E)
    .ARM.Collect$$libinit$$00000030          0x08000132   Section        0  libinit2.o(.ARM.Collect$$libinit$$00000030)
    .ARM.Collect$$libinit$$00000032          0x08000132   Section        0  libinit2.o(.ARM.Collect$$libinit$$00000032)
    .ARM.Collect$$libinit$$00000033          0x08000132   Section        2  libinit2.o(.ARM.Collect$$libinit$$00000033)
    .ARM.Collect$$libshutdown$$00000000      0x08000134   Section        2  libshutdown.o(.ARM.Collect$$libshutdown$$00000000)
    .ARM.Collect$$libshutdown$$00000002      0x08000136   Section        0  libshutdown2.o(.ARM.Collect$$libshutdown$$00000002)
    .ARM.Collect$$libshutdown$$00000004      0x08000136   Section        0  libshutdown2.o(.ARM.Collect$$libshutdown$$00000004)
    .ARM.Collect$$libshutdown$$00000007      0x08000136   Section        0  libshutdown2.o(.ARM.Collect$$libshutdown$$00000007)
    .ARM.Collect$$libshutdown$$0000000A      0x08000136   Section        0  libshutdown2.o(.ARM.Collect$$libshutdown$$0000000A)
    .ARM.Collect$$libshutdown$$0000000C      0x08000136   Section        0  libshutdown2.o(.ARM.Collect$$libshutdown$$0000000C)
    .ARM.Collect$$libshutdown$$0000000F      0x08000136   Section        0  libshutdown2.o(.ARM.Collect$$libshutdown$$0000000F)
    .ARM.Collect$$libshutdown$$00000010      0x08000136   Section        2  libshutdown2.o(.ARM.Collect$$libshutdown$$00000010)
    .ARM.Collect$$rtentry$$00000000          0x08000138   Section        0  __rtentry.o(.ARM.Collect$$rtentry$$00000000)
    .ARM.Collect$$rtentry$$00000002          0x08000138   Section        0  __rtentry2.o(.ARM.Collect$$rtentry$$00000002)
    .ARM.Collect$$rtentry$$00000004          0x08000138   Section        6  __rtentry4.o(.ARM.Collect$$rtentry$$00000004)
    .ARM.Collect$$rtentry$$00000009          0x0800013e   Section        0  __rtentry2.o(.ARM.Collect$$rtentry$$00000009)
    .ARM.Collect$$rtentry$$0000000A          0x0800013e   Section        4  __rtentry2.o(.ARM.Collect$$rtentry$$0000000A)
    .ARM.Collect$$rtentry$$0000000C          0x08000142   Section        0  __rtentry2.o(.ARM.Collect$$rtentry$$0000000C)
    .ARM.Collect$$rtentry$$0000000D          0x08000142   Section        8  __rtentry2.o(.ARM.Collect$$rtentry$$0000000D)
    .ARM.Collect$$rtexit$$00000000           0x0800014a   Section        2  rtexit.o(.ARM.Collect$$rtexit$$00000000)
    .ARM.Collect$$rtexit$$00000002           0x0800014c   Section        0  rtexit2.o(.ARM.Collect$$rtexit$$00000002)
    .ARM.Collect$$rtexit$$00000003           0x0800014c   Section        4  rtexit2.o(.ARM.Collect$$rtexit$$00000003)
    .ARM.Collect$$rtexit$$00000004           0x08000150   Section        6  rtexit2.o(.ARM.Collect$$rtexit$$00000004)
    .text                                    0x08000158   Section      116  startup_stm32f030.o(.text)
    .text                                    0x080001cc   Section      346  aeabi_sdiv.o(.text)
    .text                                    0x08000326   Section        0  heapauxi.o(.text)
    .text                                    0x0800032c   Section        0  d2f.o(.text)
    .text                                    0x080003a8   Section        0  ddiv.o(.text)
    .text                                    0x080007f0   Section        0  dfixui.o(.text)
    .text                                    0x08000838   Section        0  dflti.o(.text)
    .text                                    0x08000890   Section        0  dmul.o(.text)
    .text                                    0x08000ad8   Section        0  f2d.o(.text)
    .text                                    0x08000b2c   Section        0  fdiv.o(.text)
    .text                                    0x08000c8c   Section        0  ffixui.o(.text)
    .text                                    0x08000cbc   Section        0  fflti.o(.text)
    .text                                    0x08000d1c   Section        0  fcmpin.o(.text)
    .text                                    0x08000d80   Section        0  cmpret.o(.text)
    .text                                    0x08000db0   Section        0  fnan2.o(.text)
    .text                                    0x08000dc0   Section       62  sys_stackheap_outer.o(.text)
    .text                                    0x08000dfe   Section        0  exit.o(.text)
    .text                                    0x08000e0e   Section        0  retnan.o(.text)
    .text                                    0x08000e6c   Section        8  libspace.o(.text)
    .text                                    0x08000e74   Section        0  sys_exit.o(.text)
    .text                                    0x08000e80   Section        2  use_no_semi.o(.text)
    .text                                    0x08000e82   Section        0  indicate_semi.o(.text)
    i.ADC1_IRQHandler                        0x08000e84   Section        0  adc_lib.o(i.ADC1_IRQHandler)
    i.ADC_ClearITPendingBit                  0x08000ef0   Section        0  stm32f0xx_adc.o(i.ADC_ClearITPendingBit)
    i.ADC_Cmd                                0x08000ef4   Section        0  stm32f0xx_adc.o(i.ADC_Cmd)
    i.ADC_DiscModeCmd                        0x08000f0c   Section        0  stm32f0xx_adc.o(i.ADC_DiscModeCmd)
    i.ADC_GetCalibrationFactor               0x08000f28   Section        0  stm32f0xx_adc.o(i.ADC_GetCalibrationFactor)
    i.ADC_GetConversionValue                 0x08000f64   Section        0  stm32f0xx_adc.o(i.ADC_GetConversionValue)
    i.ADC_GetFlagStatus                      0x08000f6c   Section        0  stm32f0xx_adc.o(i.ADC_GetFlagStatus)
    i.ADC_GetITStatus                        0x08000f9c   Section        0  stm32f0xx_adc.o(i.ADC_GetITStatus)
    i.ADC_ITConfig                           0x08000fbe   Section        0  stm32f0xx_adc.o(i.ADC_ITConfig)
    i.ADC_Init                               0x08000fd4   Section        0  stm32f0xx_adc.o(i.ADC_Init)
    i.ADC_Init_All                           0x08001000   Section        0  adc_lib.o(i.ADC_Init_All)
    i.ADC_Kalman_Filter                      0x080010b0   Section        0  adc_lib.o(i.ADC_Kalman_Filter)
    i.ADC_Read_All                           0x08001158   Section        0  adc_lib.o(i.ADC_Read_All)
    i.ADC_StartOfConversion                  0x0800121c   Section        0  stm32f0xx_adc.o(i.ADC_StartOfConversion)
    i.ADC_StopOfConversion                   0x08001226   Section        0  stm32f0xx_adc.o(i.ADC_StopOfConversion)
    i.CT_BeeP                                0x08001230   Section        0  ct_lib.o(i.CT_BeeP)
    i.CT_Init                                0x08001294   Section        0  ct_lib.o(i.CT_Init)
    i.CT_Motor_1                             0x08001328   Section        0  motor_lib.o(i.CT_Motor_1)
    i.CT_Motor_Init                          0x08001390   Section        0  motor_lib.o(i.CT_Motor_Init)
    i.CT_Motor_PWM1                          0x0800139c   Section        0  motor_lib.o(i.CT_Motor_PWM1)
    CT_Motor_PWM1                            0x0800139d   Thumb Code    28  motor_lib.o(i.CT_Motor_PWM1)
    i.CT_ReadAllButton                       0x080013bc   Section        0  ct_lib.o(i.CT_ReadAllButton)
    i.CT_Relay                               0x080013ec   Section        0  ct_lib.o(i.CT_Relay)
    i.GPIO_Control_Init                      0x08001414   Section        0  motor_lib.o(i.GPIO_Control_Init)
    GPIO_Control_Init                        0x08001415   Thumb Code    78  motor_lib.o(i.GPIO_Control_Init)
    i.GPIO_Init                              0x08001468   Section        0  stm32f0xx_gpio.o(i.GPIO_Init)
    i.GPIO_PinAFConfig                       0x080014f8   Section        0  stm32f0xx_gpio.o(i.GPIO_PinAFConfig)
    i.GPIO_ReadInputDataBit                  0x0800153c   Section        0  stm32f0xx_gpio.o(i.GPIO_ReadInputDataBit)
    i.GPIO_WriteBit                          0x08001550   Section        0  stm32f0xx_gpio.o(i.GPIO_WriteBit)
    i.IWD_Clear_Time_Out                     0x0800155c   Section        0  iwdg.o(i.IWD_Clear_Time_Out)
    i.IWD_Init                               0x0800156c   Section        0  iwdg.o(i.IWD_Init)
    i.NVIC_SetPriority                       0x080016ac   Section        0  delay.o(i.NVIC_SetPriority)
    NVIC_SetPriority                         0x080016ad   Thumb Code   110  delay.o(i.NVIC_SetPriority)
    i.PWM_Init                               0x08001724   Section        0  motor_lib.o(i.PWM_Init)
    PWM_Init                                 0x08001725   Thumb Code   200  motor_lib.o(i.PWM_Init)
    i.RCC_AHBPeriphClockCmd                  0x080017f0   Section        0  stm32f0xx_rcc.o(i.RCC_AHBPeriphClockCmd)
    i.RCC_APB1PeriphClockCmd                 0x08001810   Section        0  stm32f0xx_rcc.o(i.RCC_APB1PeriphClockCmd)
    i.RCC_APB2PeriphClockCmd                 0x08001830   Section        0  stm32f0xx_rcc.o(i.RCC_APB2PeriphClockCmd)
    i.RCC_PLLConfig                          0x08001850   Section        0  stm32f0xx_rcc.o(i.RCC_PLLConfig)
    i.SPI_Cmd                                0x08001874   Section        0  stm32f0xx_spi.o(i.SPI_Cmd)
    i.SPI_Command_Init                       0x08001890   Section        0  spi_lib.o(i.SPI_Command_Init)
    i.SPI_Init                               0x08001954   Section        0  stm32f0xx_spi.o(i.SPI_Init)
    i.SPIx_DisableSlave                      0x080019ac   Section        0  spi_lib.o(i.SPIx_DisableSlave)
    i.SPIx_EnableSlave                       0x080019b8   Section        0  spi_lib.o(i.SPIx_EnableSlave)
    i.SPIx_Transfer                          0x080019c4   Section        0  spi_lib.o(i.SPIx_Transfer)
    i.SYS_Init_ALL                           0x080019f0   Section        0  sys_lib.o(i.SYS_Init_ALL)
    i.SYS_Run                                0x08001a34   Section        0  sys_lib.o(i.SYS_Run)
    i.SYS_TIM3_Init                          0x08001c40   Section        0  sys_lib.o(i.SYS_TIM3_Init)
    SYS_TIM3_Init                            0x08001c41   Thumb Code    64  sys_lib.o(i.SYS_TIM3_Init)
    i.SetSysClock                            0x08001c8c   Section        0  system_stm32f0xx.o(i.SetSysClock)
    SetSysClock                              0x08001c8d   Thumb Code   216  system_stm32f0xx.o(i.SetSysClock)
    i.SysTick_Config                         0x08001d6c   Section        0  delay.o(i.SysTick_Config)
    SysTick_Config                           0x08001d6d   Thumb Code    44  delay.o(i.SysTick_Config)
    i.SysTick_Handler                        0x08001da0   Section        0  delay.o(i.SysTick_Handler)
    i.SystemCoreClockUpdate                  0x08001db8   Section        0  system_stm32f0xx.o(i.SystemCoreClockUpdate)
    i.SystemInit                             0x08001e68   Section        0  system_stm32f0xx.o(i.SystemInit)
    i.TIM3_IRQHandler                        0x08001ee4   Section        0  sys_lib.o(i.TIM3_IRQHandler)
    i.TIM_ARRPreloadConfig                   0x08001fdc   Section        0  stm32f0xx_tim.o(i.TIM_ARRPreloadConfig)
    i.TIM_ClearITPendingBit                  0x08001ff8   Section        0  stm32f0xx_tim.o(i.TIM_ClearITPendingBit)
    i.TIM_Cmd                                0x08002000   Section        0  stm32f0xx_tim.o(i.TIM_Cmd)
    i.TIM_CtrlPWMOutputs                     0x0800201c   Section        0  stm32f0xx_tim.o(i.TIM_CtrlPWMOutputs)
    i.TIM_GetITStatus                        0x0800203e   Section        0  stm32f0xx_tim.o(i.TIM_GetITStatus)
    i.TIM_ITConfig                           0x08002064   Section        0  stm32f0xx_tim.o(i.TIM_ITConfig)
    i.TIM_OC1Init                            0x08002078   Section        0  stm32f0xx_tim.o(i.TIM_OC1Init)
    i.TIM_OC1PreloadConfig                   0x0800210c   Section        0  stm32f0xx_tim.o(i.TIM_OC1PreloadConfig)
    i.TIM_OC2Init                            0x08002124   Section        0  stm32f0xx_tim.o(i.TIM_OC2Init)
    i.TIM_OC2PreloadConfig                   0x080021d0   Section        0  stm32f0xx_tim.o(i.TIM_OC2PreloadConfig)
    i.TIM_TimeBaseInit                       0x080021e8   Section        0  stm32f0xx_tim.o(i.TIM_TimeBaseInit)
    i.Transfer_Data                          0x08002264   Section        0  spi_lib.o(i.Transfer_Data)
    i.UART_Init                              0x0800228a   Section        0  uart.o(i.UART_Init)
    i.USART1_IRQHandler                      0x080022b4   Section        0  uart.o(i.USART1_IRQHandler)
    i.USART_ClearITPendingBit                0x08002324   Section        0  stm32f0xx_usart.o(i.USART_ClearITPendingBit)
    i.USART_GetITStatus                      0x08002336   Section        0  stm32f0xx_usart.o(i.USART_GetITStatus)
    i.USART_ReceiveData                      0x08002384   Section        0  stm32f0xx_usart.o(i.USART_ReceiveData)
    i.__ARM_common_switch8                   0x0800238e   Section        0  adc_lib.o(i.__ARM_common_switch8)
    i.ct_buttonread                          0x080023ac   Section        0  ct_lib.o(i.ct_buttonread)
    ct_buttonread                            0x080023ad   Thumb Code    50  ct_lib.o(i.ct_buttonread)
    i.delay_ms                               0x080023e4   Section        0  delay.o(i.delay_ms)
    i.main                                   0x08002414   Section        0  main.o(i.main)
    i.map                                    0x08002428   Section        0  motor_lib.o(i.map)
    map                                      0x08002429   Thumb Code    32  motor_lib.o(i.map)
    i.map                                    0x08002448   Section        0  sys_lib.o(i.map)
    i.read_adc_all                           0x08002468   Section        0  adc_lib.o(i.read_adc_all)
    read_adc_all                             0x08002469   Thumb Code   110  adc_lib.o(i.read_adc_all)
    i.sys_assign_adc                         0x080024ec   Section        0  sys_lib.o(i.sys_assign_adc)
    sys_assign_adc                           0x080024ed   Thumb Code   424  sys_lib.o(i.sys_assign_adc)
    i.sys_control_motor                      0x080026b0   Section        0  sys_lib.o(i.sys_control_motor)
    sys_control_motor                        0x080026b1   Thumb Code   172  sys_lib.o(i.sys_control_motor)
    i.sys_status_abnormal_overload           0x08002760   Section        0  sys_lib.o(i.sys_status_abnormal_overload)
    sys_status_abnormal_overload             0x08002761   Thumb Code    34  sys_lib.o(i.sys_status_abnormal_overload)
    i.sys_status_abnormal_overvoltage        0x08002788   Section        0  sys_lib.o(i.sys_status_abnormal_overvoltage)
    sys_status_abnormal_overvoltage          0x08002789   Thumb Code    34  sys_lib.o(i.sys_status_abnormal_overvoltage)
    i.sys_status_abnormal_undervoltage       0x080027b0   Section        0  sys_lib.o(i.sys_status_abnormal_undervoltage)
    sys_status_abnormal_undervoltage         0x080027b1   Thumb Code    34  sys_lib.o(i.sys_status_abnormal_undervoltage)
    i.sys_status_error                       0x080027d8   Section        0  sys_lib.o(i.sys_status_error)
    sys_status_error                         0x080027d9   Thumb Code    30  sys_lib.o(i.sys_status_error)
    i.sys_status_init                        0x080027fc   Section        0  sys_lib.o(i.sys_status_init)
    sys_status_init                          0x080027fd   Thumb Code    28  sys_lib.o(i.sys_status_init)
    i.sys_status_normal_loading              0x0800281c   Section        0  sys_lib.o(i.sys_status_normal_loading)
    sys_status_normal_loading                0x0800281d   Thumb Code    62  sys_lib.o(i.sys_status_normal_loading)
    i.sys_status_normal_overload             0x08002860   Section        0  sys_lib.o(i.sys_status_normal_overload)
    sys_status_normal_overload               0x08002861   Thumb Code    38  sys_lib.o(i.sys_status_normal_overload)
    i.sys_status_normal_overvoltage          0x0800288c   Section        0  sys_lib.o(i.sys_status_normal_overvoltage)
    sys_status_normal_overvoltage            0x0800288d   Thumb Code    38  sys_lib.o(i.sys_status_normal_overvoltage)
    i.sys_status_normal_undervoltage         0x080028b8   Section        0  sys_lib.o(i.sys_status_normal_undervoltage)
    sys_status_normal_undervoltage           0x080028b9   Thumb Code    38  sys_lib.o(i.sys_status_normal_undervoltage)
    i.sys_status_reset                       0x080028e4   Section        0  sys_lib.o(i.sys_status_reset)
    sys_status_reset                         0x080028e5   Thumb Code     8  sys_lib.o(i.sys_status_reset)
    i.sys_status_stanby                      0x080028f0   Section        0  sys_lib.o(i.sys_status_stanby)
    sys_status_stanby                        0x080028f1   Thumb Code    30  sys_lib.o(i.sys_status_stanby)
    x$fpl$fadd                               0x08002914   Section      140  faddsub.o(x$fpl$fadd)
    _fadd1                                   0x08002921   Thumb Code     0  faddsub.o(x$fpl$fadd)
    x$fpl$fleqf                              0x080029a0   Section       84  flef.o(x$fpl$fleqf)
    x$fpl$fmul                               0x080029f4   Section      176  fmul.o(x$fpl$fmul)
    x$fpl$frleqf                             0x08002aa4   Section       88  frlef.o(x$fpl$frleqf)
    x$fpl$fsub                               0x08002afc   Section      208  faddsub.o(x$fpl$fsub)
    _fsub1                                   0x08002b09   Thumb Code     0  faddsub.o(x$fpl$fsub)
    .constdata                               0x08002bcc   Section      128  ddiv.o(.constdata)
    x$fpl$usenofp                            0x08002bcc   Section        0  usenofp.o(x$fpl$usenofp)
    ddiv_reciptbl                            0x08002bcc   Data         128  ddiv.o(.constdata)
    .constdata                               0x08002c4c   Section       64  fdiv.o(.constdata)
    fdiv_tab                                 0x08002c4c   Data          64  fdiv.o(.constdata)
    .data                                    0x20000000   Section        2  delay.o(.data)
    .data                                    0x20000004   Section        9  uart.o(.data)
    .data                                    0x2000000e   Section        8  ct_lib.o(.data)
    .data                                    0x20000018   Section       52  sys_lib.o(.data)
    VOUT_AVG                                 0x20000018   Data           2  sys_lib.o(.data)
    Table_Correction_volt_in                 0x2000001c   Data          24  sys_lib.o(.data)
    Table_Correction_volt_out                0x20000034   Data          24  sys_lib.o(.data)
    .data                                    0x2000004c   Section       40  adc_lib.o(.data)
    Arr_Channel                              0x20000058   Data          24  adc_lib.o(.data)
    channel_read_all                         0x20000070   Data           1  adc_lib.o(.data)
    .data                                    0x20000074   Section       20  system_stm32f0xx.o(.data)
    .bss                                     0x20000088   Section       90  uart.o(.bss)
    .bss                                     0x200000e4   Section       52  sys_lib.o(.bss)
    Time_tick                                0x200000e4   Data          10  sys_lib.o(.bss)
    Adc_Arr_Convert                          0x200000ee   Data          12  sys_lib.o(.bss)
    sys_var                                  0x200000fc   Data          28  sys_lib.o(.bss)
    .bss                                     0x20000118   Section      192  adc_lib.o(.bss)
    .bss                                     0x200001d8   Section       96  libspace.o(.bss)
    HEAP                                     0x20000238   Section      512  startup_stm32f030.o(HEAP)
    Heap_Mem                                 0x20000238   Data         512  startup_stm32f030.o(HEAP)
    STACK                                    0x20000438   Section     1024  startup_stm32f030.o(STACK)
    Stack_Mem                                0x20000438   Data        1024  startup_stm32f030.o(STACK)
    __initial_sp                             0x20000838   Data           0  startup_stm32f030.o(STACK)

    Global Symbols

    Symbol Name                              Value     Ov Type        Size  Object(Section)

    BuildAttributes$$THM_ISAv3M$S$PE$A:L22$X:L11$S22$IEEE1$IW$USESV6$~STKCKD$USESV7$~SHL$OSPACE$ROPI$EBA8$UX$STANDARDLIB$REQ8$PRES8$EABIv2 0x00000000   Number         0  anon$$obj.o ABSOLUTE
    __ARM_use_no_argv                        0x00000000   Number         0  main.o ABSOLUTE
    __ARM_exceptions_init                     - Undefined Weak Reference
    __alloca_initialize                       - Undefined Weak Reference
    __arm_preinit_                            - Undefined Weak Reference
    __cpp_initialize__aeabi_                  - Undefined Weak Reference
    __cxa_finalize                            - Undefined Weak Reference
    __rt_locale                               - Undefined Weak Reference
    __sigvec_lookup                           - Undefined Weak Reference
    _atexit_init                              - Undefined Weak Reference
    _call_atexit_fns                          - Undefined Weak Reference
    _clock_init                               - Undefined Weak Reference
    _fp_trap_init                             - Undefined Weak Reference
    _fp_trap_shutdown                         - Undefined Weak Reference
    _get_lc_collate                           - Undefined Weak Reference
    _get_lc_ctype                             - Undefined Weak Reference
    _get_lc_monetary                          - Undefined Weak Reference
    _get_lc_numeric                           - Undefined Weak Reference
    _get_lc_time                              - Undefined Weak Reference
    _getenv_init                              - Undefined Weak Reference
    _handle_redirection                       - Undefined Weak Reference
    _init_alloc                               - Undefined Weak Reference
    _init_user_alloc                          - Undefined Weak Reference
    _initio                                   - Undefined Weak Reference
    _rand_init                                - Undefined Weak Reference
    _signal_finish                            - Undefined Weak Reference
    _signal_init                              - Undefined Weak Reference
    _terminate_alloc                          - Undefined Weak Reference
    _terminate_user_alloc                     - Undefined Weak Reference
    _terminateio                              - Undefined Weak Reference
    __Vectors_Size                           0x000000b4   Number         0  startup_stm32f030.o ABSOLUTE
    __Vectors                                0x08000000   Data           4  startup_stm32f030.o(RESET)
    __Vectors_End                            0x080000b4   Data           0  startup_stm32f030.o(RESET)
    __main                                   0x080000b5   Thumb Code     8  __main.o(!!!main)
    __scatterload                            0x080000bd   Thumb Code     0  __scatter.o(!!!scatter)
    __scatterload_rt2                        0x080000bd   Thumb Code    52  __scatter.o(!!!scatter)
    __scatterload_rt2_thumb_only             0x080000bd   Thumb Code     0  __scatter.o(!!!scatter)
    __scatterload_null                       0x080000cd   Thumb Code     0  __scatter.o(!!!scatter)
    __scatterload_copy                       0x080000f9   Thumb Code    26  __scatter_copy.o(!!handler_copy)
    __scatterload_zeroinit                   0x08000115   Thumb Code    28  __scatter_zi.o(!!handler_zi)
    __rt_lib_init                            0x08000131   Thumb Code     0  libinit.o(.ARM.Collect$$libinit$$00000000)
    __rt_lib_init_alloca_1                   0x08000133   Thumb Code     0  libinit2.o(.ARM.Collect$$libinit$$0000002E)
    __rt_lib_init_argv_1                     0x08000133   Thumb Code     0  libinit2.o(.ARM.Collect$$libinit$$0000002C)
    __rt_lib_init_atexit_1                   0x08000133   Thumb Code     0  libinit2.o(.ARM.Collect$$libinit$$0000001B)
    __rt_lib_init_clock_1                    0x08000133   Thumb Code     0  libinit2.o(.ARM.Collect$$libinit$$00000021)
    __rt_lib_init_cpp_1                      0x08000133   Thumb Code     0  libinit2.o(.ARM.Collect$$libinit$$00000032)
    __rt_lib_init_exceptions_1               0x08000133   Thumb Code     0  libinit2.o(.ARM.Collect$$libinit$$00000030)
    __rt_lib_init_fp_1                       0x08000133   Thumb Code     0  libinit2.o(.ARM.Collect$$libinit$$00000002)
    __rt_lib_init_fp_trap_1                  0x08000133   Thumb Code     0  libinit2.o(.ARM.Collect$$libinit$$0000001F)
    __rt_lib_init_getenv_1                   0x08000133   Thumb Code     0  libinit2.o(.ARM.Collect$$libinit$$00000023)
    __rt_lib_init_heap_1                     0x08000133   Thumb Code     0  libinit2.o(.ARM.Collect$$libinit$$0000000A)
    __rt_lib_init_lc_collate_1               0x08000133   Thumb Code     0  libinit2.o(.ARM.Collect$$libinit$$00000011)
    __rt_lib_init_lc_ctype_1                 0x08000133   Thumb Code     0  libinit2.o(.ARM.Collect$$libinit$$00000013)
    __rt_lib_init_lc_monetary_1              0x08000133   Thumb Code     0  libinit2.o(.ARM.Collect$$libinit$$00000015)
    __rt_lib_init_lc_numeric_1               0x08000133   Thumb Code     0  libinit2.o(.ARM.Collect$$libinit$$00000017)
    __rt_lib_init_lc_time_1                  0x08000133   Thumb Code     0  libinit2.o(.ARM.Collect$$libinit$$00000019)
    __rt_lib_init_preinit_1                  0x08000133   Thumb Code     0  libinit2.o(.ARM.Collect$$libinit$$00000004)
    __rt_lib_init_rand_1                     0x08000133   Thumb Code     0  libinit2.o(.ARM.Collect$$libinit$$0000000E)
    __rt_lib_init_return                     0x08000133   Thumb Code     0  libinit2.o(.ARM.Collect$$libinit$$00000033)
    __rt_lib_init_signal_1                   0x08000133   Thumb Code     0  libinit2.o(.ARM.Collect$$libinit$$0000001D)
    __rt_lib_init_stdio_1                    0x08000133   Thumb Code     0  libinit2.o(.ARM.Collect$$libinit$$00000025)
    __rt_lib_init_user_alloc_1               0x08000133   Thumb Code     0  libinit2.o(.ARM.Collect$$libinit$$0000000C)
    __rt_lib_shutdown                        0x08000135   Thumb Code     0  libshutdown.o(.ARM.Collect$$libshutdown$$00000000)
    __rt_lib_shutdown_cpp_1                  0x08000137   Thumb Code     0  libshutdown2.o(.ARM.Collect$$libshutdown$$00000002)
    __rt_lib_shutdown_fp_trap_1              0x08000137   Thumb Code     0  libshutdown2.o(.ARM.Collect$$libshutdown$$00000007)
    __rt_lib_shutdown_heap_1                 0x08000137   Thumb Code     0  libshutdown2.o(.ARM.Collect$$libshutdown$$0000000F)
    __rt_lib_shutdown_return                 0x08000137   Thumb Code     0  libshutdown2.o(.ARM.Collect$$libshutdown$$00000010)
    __rt_lib_shutdown_signal_1               0x08000137   Thumb Code     0  libshutdown2.o(.ARM.Collect$$libshutdown$$0000000A)
    __rt_lib_shutdown_stdio_1                0x08000137   Thumb Code     0  libshutdown2.o(.ARM.Collect$$libshutdown$$00000004)
    __rt_lib_shutdown_user_alloc_1           0x08000137   Thumb Code     0  libshutdown2.o(.ARM.Collect$$libshutdown$$0000000C)
    __rt_entry                               0x08000139   Thumb Code     0  __rtentry.o(.ARM.Collect$$rtentry$$00000000)
    __rt_entry_presh_1                       0x08000139   Thumb Code     0  __rtentry2.o(.ARM.Collect$$rtentry$$00000002)
    __rt_entry_sh                            0x08000139   Thumb Code     0  __rtentry4.o(.ARM.Collect$$rtentry$$00000004)
    __rt_entry_li                            0x0800013f   Thumb Code     0  __rtentry2.o(.ARM.Collect$$rtentry$$0000000A)
    __rt_entry_postsh_1                      0x0800013f   Thumb Code     0  __rtentry2.o(.ARM.Collect$$rtentry$$00000009)
    __rt_entry_main                          0x08000143   Thumb Code     0  __rtentry2.o(.ARM.Collect$$rtentry$$0000000D)
    __rt_entry_postli_1                      0x08000143   Thumb Code     0  __rtentry2.o(.ARM.Collect$$rtentry$$0000000C)
    __rt_exit                                0x0800014b   Thumb Code     0  rtexit.o(.ARM.Collect$$rtexit$$00000000)
    __rt_exit_ls                             0x0800014d   Thumb Code     0  rtexit2.o(.ARM.Collect$$rtexit$$00000003)
    __rt_exit_prels_1                        0x0800014d   Thumb Code     0  rtexit2.o(.ARM.Collect$$rtexit$$00000002)
    __rt_exit_exit                           0x08000151   Thumb Code     0  rtexit2.o(.ARM.Collect$$rtexit$$00000004)
    Reset_Handler                            0x08000159   Thumb Code    38  startup_stm32f030.o(.text)
    NMI_Handler                              0x0800017f   Thumb Code     2  startup_stm32f030.o(.text)
    HardFault_Handler                        0x08000181   Thumb Code     2  startup_stm32f030.o(.text)
    SVC_Handler                              0x08000183   Thumb Code     2  startup_stm32f030.o(.text)
    PendSV_Handler                           0x08000185   Thumb Code     2  startup_stm32f030.o(.text)
    DMA1_Channel1_IRQHandler                 0x08000189   Thumb Code     0  startup_stm32f030.o(.text)
    DMA1_Channel2_3_IRQHandler               0x08000189   Thumb Code     0  startup_stm32f030.o(.text)
    DMA1_Channel4_5_IRQHandler               0x08000189   Thumb Code     0  startup_stm32f030.o(.text)
    EXTI0_1_IRQHandler                       0x08000189   Thumb Code     0  startup_stm32f030.o(.text)
    EXTI2_3_IRQHandler                       0x08000189   Thumb Code     0  startup_stm32f030.o(.text)
    EXTI4_15_IRQHandler                      0x08000189   Thumb Code     0  startup_stm32f030.o(.text)
    FLASH_IRQHandler                         0x08000189   Thumb Code     0  startup_stm32f030.o(.text)
    I2C1_IRQHandler                          0x08000189   Thumb Code     0  startup_stm32f030.o(.text)
    I2C2_IRQHandler                          0x08000189   Thumb Code     0  startup_stm32f030.o(.text)
    RCC_IRQHandler                           0x08000189   Thumb Code     0  startup_stm32f030.o(.text)
    RTC_IRQHandler                           0x08000189   Thumb Code     0  startup_stm32f030.o(.text)
    SPI1_IRQHandler                          0x08000189   Thumb Code     0  startup_stm32f030.o(.text)
    SPI2_IRQHandler                          0x08000189   Thumb Code     0  startup_stm32f030.o(.text)
    TIM14_IRQHandler                         0x08000189   Thumb Code     0  startup_stm32f030.o(.text)
    TIM15_IRQHandler                         0x08000189   Thumb Code     0  startup_stm32f030.o(.text)
    TIM16_IRQHandler                         0x08000189   Thumb Code     0  startup_stm32f030.o(.text)
    TIM17_IRQHandler                         0x08000189   Thumb Code     0  startup_stm32f030.o(.text)
    TIM1_BRK_UP_TRG_COM_IRQHandler           0x08000189   Thumb Code     0  startup_stm32f030.o(.text)
    TIM1_CC_IRQHandler                       0x08000189   Thumb Code     0  startup_stm32f030.o(.text)
    USART2_IRQHandler                        0x08000189   Thumb Code     0  startup_stm32f030.o(.text)
    WWDG_IRQHandler                          0x08000189   Thumb Code     0  startup_stm32f030.o(.text)
    __user_initial_stackheap                 0x0800018d   Thumb Code     0  startup_stm32f030.o(.text)
    __aeabi_uidiv                            0x080001cd   Thumb Code     0  aeabi_sdiv.o(.text)
    __aeabi_uidivmod                         0x080001cd   Thumb Code    20  aeabi_sdiv.o(.text)
    __aeabi_idiv                             0x080001e1   Thumb Code     0  aeabi_sdiv.o(.text)
    __aeabi_idivmod                          0x080001e1   Thumb Code   326  aeabi_sdiv.o(.text)
    __use_two_region_memory                  0x08000327   Thumb Code     2  heapauxi.o(.text)
    __rt_heap_escrow$2region                 0x08000329   Thumb Code     2  heapauxi.o(.text)
    __rt_heap_expand$2region                 0x0800032b   Thumb Code     2  heapauxi.o(.text)
    __aeabi_d2f                              0x0800032d   Thumb Code     0  d2f.o(.text)
    _d2f                                     0x0800032d   Thumb Code   120  d2f.o(.text)
    __aeabi_ddiv                             0x080003a9   Thumb Code     0  ddiv.o(.text)
    _ddiv                                    0x080003a9   Thumb Code  1072  ddiv.o(.text)
    _drdiv                                   0x080007d9   Thumb Code    20  ddiv.o(.text)
    __aeabi_d2uiz                            0x080007f1   Thumb Code     0  dfixui.o(.text)
    _dfixu                                   0x080007f1   Thumb Code    68  dfixui.o(.text)
    __aeabi_i2d_normalise                    0x08000839   Thumb Code    66  dflti.o(.text)
    __aeabi_i2d                              0x0800087b   Thumb Code    16  dflti.o(.text)
    _dflt                                    0x0800087b   Thumb Code     0  dflti.o(.text)
    __aeabi_ui2d                             0x0800088b   Thumb Code     6  dflti.o(.text)
    _dfltu                                   0x0800088b   Thumb Code     0  dflti.o(.text)
    __aeabi_dmul                             0x08000891   Thumb Code     0  dmul.o(.text)
    _dmul                                    0x08000891   Thumb Code   558  dmul.o(.text)
    __aeabi_f2d                              0x08000ad9   Thumb Code     0  f2d.o(.text)
    _f2d                                     0x08000ad9   Thumb Code    80  f2d.o(.text)
    __aeabi_fdiv                             0x08000b2d   Thumb Code     0  fdiv.o(.text)
    _fdiv                                    0x08000b2d   Thumb Code   334  fdiv.o(.text)
    _frdiv                                   0x08000c7b   Thumb Code     8  fdiv.o(.text)
    __aeabi_f2uiz                            0x08000c8d   Thumb Code     0  ffixui.o(.text)
    _ffixu                                   0x08000c8d   Thumb Code    48  ffixui.o(.text)
    __aeabi_i2f_normalise                    0x08000cbd   Thumb Code    72  fflti.o(.text)
    __aeabi_i2f                              0x08000d05   Thumb Code    16  fflti.o(.text)
    _fflt                                    0x08000d05   Thumb Code     0  fflti.o(.text)
    __aeabi_ui2f                             0x08000d15   Thumb Code     6  fflti.o(.text)
    _ffltu                                   0x08000d15   Thumb Code     0  fflti.o(.text)
    __fpl_fcmp_InfNaN                        0x08000d1d   Thumb Code    96  fcmpin.o(.text)
    __fpl_cmpreturn                          0x08000d81   Thumb Code    46  cmpret.o(.text)
    __fpl_fcheck_NaN2                        0x08000db1   Thumb Code    10  fnan2.o(.text)
    __user_setup_stackheap                   0x08000dc1   Thumb Code    62  sys_stackheap_outer.o(.text)
    exit                                     0x08000dff   Thumb Code    16  exit.o(.text)
    __fpl_return_NaN                         0x08000e0f   Thumb Code    94  retnan.o(.text)
    __user_libspace                          0x08000e6d   Thumb Code     8  libspace.o(.text)
    __user_perproc_libspace                  0x08000e6d   Thumb Code     0  libspace.o(.text)
    __user_perthread_libspace                0x08000e6d   Thumb Code     0  libspace.o(.text)
    _sys_exit                                0x08000e75   Thumb Code     8  sys_exit.o(.text)
    __I$use$semihosting                      0x08000e81   Thumb Code     0  use_no_semi.o(.text)
    __use_no_semihosting_swi                 0x08000e81   Thumb Code     2  use_no_semi.o(.text)
    __semihosting_library_function           0x08000e83   Thumb Code     0  indicate_semi.o(.text)
    ADC1_IRQHandler                          0x08000e85   Thumb Code    96  adc_lib.o(i.ADC1_IRQHandler)
    ADC_ClearITPendingBit                    0x08000ef1   Thumb Code     4  stm32f0xx_adc.o(i.ADC_ClearITPendingBit)
    ADC_Cmd                                  0x08000ef5   Thumb Code    24  stm32f0xx_adc.o(i.ADC_Cmd)
    ADC_DiscModeCmd                          0x08000f0d   Thumb Code    28  stm32f0xx_adc.o(i.ADC_DiscModeCmd)
    ADC_GetCalibrationFactor                 0x08000f29   Thumb Code    60  stm32f0xx_adc.o(i.ADC_GetCalibrationFactor)
    ADC_GetConversionValue                   0x08000f65   Thumb Code     8  stm32f0xx_adc.o(i.ADC_GetConversionValue)
    ADC_GetFlagStatus                        0x08000f6d   Thumb Code    48  stm32f0xx_adc.o(i.ADC_GetFlagStatus)
    ADC_GetITStatus                          0x08000f9d   Thumb Code    34  stm32f0xx_adc.o(i.ADC_GetITStatus)
    ADC_ITConfig                             0x08000fbf   Thumb Code    20  stm32f0xx_adc.o(i.ADC_ITConfig)
    ADC_Init                                 0x08000fd5   Thumb Code    40  stm32f0xx_adc.o(i.ADC_Init)
    ADC_Init_All                             0x08001001   Thumb Code   158  adc_lib.o(i.ADC_Init_All)
    ADC_Kalman_Filter                        0x080010b1   Thumb Code   160  adc_lib.o(i.ADC_Kalman_Filter)
    ADC_Read_All                             0x08001159   Thumb Code   154  adc_lib.o(i.ADC_Read_All)
    ADC_StartOfConversion                    0x0800121d   Thumb Code    10  stm32f0xx_adc.o(i.ADC_StartOfConversion)
    ADC_StopOfConversion                     0x08001227   Thumb Code    10  stm32f0xx_adc.o(i.ADC_StopOfConversion)
    CT_BeeP                                  0x08001231   Thumb Code    98  ct_lib.o(i.CT_BeeP)
    CT_Init                                  0x08001295   Thumb Code   142  ct_lib.o(i.CT_Init)
    CT_Motor_1                               0x08001329   Thumb Code   104  motor_lib.o(i.CT_Motor_1)
    CT_Motor_Init                            0x08001391   Thumb Code    12  motor_lib.o(i.CT_Motor_Init)
    CT_ReadAllButton                         0x080013bd   Thumb Code    36  ct_lib.o(i.CT_ReadAllButton)
    CT_Relay                                 0x080013ed   Thumb Code    38  ct_lib.o(i.CT_Relay)
    GPIO_Init                                0x08001469   Thumb Code   144  stm32f0xx_gpio.o(i.GPIO_Init)
    GPIO_PinAFConfig                         0x080014f9   Thumb Code    68  stm32f0xx_gpio.o(i.GPIO_PinAFConfig)
    GPIO_ReadInputDataBit                    0x0800153d   Thumb Code    20  stm32f0xx_gpio.o(i.GPIO_ReadInputDataBit)
    GPIO_WriteBit                            0x08001551   Thumb Code    12  stm32f0xx_gpio.o(i.GPIO_WriteBit)
    IWD_Clear_Time_Out                       0x0800155d   Thumb Code     8  iwdg.o(i.IWD_Clear_Time_Out)
    IWD_Init                                 0x0800156d   Thumb Code   296  iwdg.o(i.IWD_Init)
    RCC_AHBPeriphClockCmd                    0x080017f1   Thumb Code    28  stm32f0xx_rcc.o(i.RCC_AHBPeriphClockCmd)
    RCC_APB1PeriphClockCmd                   0x08001811   Thumb Code    28  stm32f0xx_rcc.o(i.RCC_APB1PeriphClockCmd)
    RCC_APB2PeriphClockCmd                   0x08001831   Thumb Code    28  stm32f0xx_rcc.o(i.RCC_APB2PeriphClockCmd)
    RCC_PLLConfig                            0x08001851   Thumb Code    30  stm32f0xx_rcc.o(i.RCC_PLLConfig)
    SPI_Cmd                                  0x08001875   Thumb Code    24  stm32f0xx_spi.o(i.SPI_Cmd)
    SPI_Command_Init                         0x08001891   Thumb Code   190  spi_lib.o(i.SPI_Command_Init)
    SPI_Init                                 0x08001955   Thumb Code    76  stm32f0xx_spi.o(i.SPI_Init)
    SPIx_DisableSlave                        0x080019ad   Thumb Code    10  spi_lib.o(i.SPIx_DisableSlave)
    SPIx_EnableSlave                         0x080019b9   Thumb Code     8  spi_lib.o(i.SPIx_EnableSlave)
    SPIx_Transfer                            0x080019c5   Thumb Code    40  spi_lib.o(i.SPIx_Transfer)
    SYS_Init_ALL                             0x080019f1   Thumb Code    56  sys_lib.o(i.SYS_Init_ALL)
    SYS_Run                                  0x08001a35   Thumb Code   492  sys_lib.o(i.SYS_Run)
    SysTick_Handler                          0x08001da1   Thumb Code    20  delay.o(i.SysTick_Handler)
    SystemCoreClockUpdate                    0x08001db9   Thumb Code   154  system_stm32f0xx.o(i.SystemCoreClockUpdate)
    SystemInit                               0x08001e69   Thumb Code   110  system_stm32f0xx.o(i.SystemInit)
    TIM3_IRQHandler                          0x08001ee5   Thumb Code   220  sys_lib.o(i.TIM3_IRQHandler)
    TIM_ARRPreloadConfig                     0x08001fdd   Thumb Code    24  stm32f0xx_tim.o(i.TIM_ARRPreloadConfig)
    TIM_ClearITPendingBit                    0x08001ff9   Thumb Code     6  stm32f0xx_tim.o(i.TIM_ClearITPendingBit)
    TIM_Cmd                                  0x08002001   Thumb Code    24  stm32f0xx_tim.o(i.TIM_Cmd)
    TIM_CtrlPWMOutputs                       0x0800201d   Thumb Code    34  stm32f0xx_tim.o(i.TIM_CtrlPWMOutputs)
    TIM_GetITStatus                          0x0800203f   Thumb Code    38  stm32f0xx_tim.o(i.TIM_GetITStatus)
    TIM_ITConfig                             0x08002065   Thumb Code    20  stm32f0xx_tim.o(i.TIM_ITConfig)
    TIM_OC1Init                              0x08002079   Thumb Code   122  stm32f0xx_tim.o(i.TIM_OC1Init)
    TIM_OC1PreloadConfig                     0x0800210d   Thumb Code    20  stm32f0xx_tim.o(i.TIM_OC1PreloadConfig)
    TIM_OC2Init                              0x08002125   Thumb Code   142  stm32f0xx_tim.o(i.TIM_OC2Init)
    TIM_OC2PreloadConfig                     0x080021d1   Thumb Code    20  stm32f0xx_tim.o(i.TIM_OC2PreloadConfig)
    TIM_TimeBaseInit                         0x080021e9   Thumb Code    90  stm32f0xx_tim.o(i.TIM_TimeBaseInit)
    Transfer_Data                            0x08002265   Thumb Code    38  spi_lib.o(i.Transfer_Data)
    UART_Init                                0x0800228b   Thumb Code    42  uart.o(i.UART_Init)
    USART1_IRQHandler                        0x080022b5   Thumb Code    88  uart.o(i.USART1_IRQHandler)
    USART_ClearITPendingBit                  0x08002325   Thumb Code    18  stm32f0xx_usart.o(i.USART_ClearITPendingBit)
    USART_GetITStatus                        0x08002337   Thumb Code    78  stm32f0xx_usart.o(i.USART_GetITStatus)
    USART_ReceiveData                        0x08002385   Thumb Code    10  stm32f0xx_usart.o(i.USART_ReceiveData)
    __ARM_common_switch8                     0x0800238f   Thumb Code    28  adc_lib.o(i.__ARM_common_switch8)
    delay_ms                                 0x080023e5   Thumb Code    38  delay.o(i.delay_ms)
    main                                     0x08002415   Thumb Code    20  main.o(i.main)
    map                                      0x08002449   Thumb Code    32  sys_lib.o(i.map)
    __aeabi_fadd                             0x08002915   Thumb Code     0  faddsub.o(x$fpl$fadd)
    _fadd                                    0x08002915   Thumb Code   134  faddsub.o(x$fpl$fadd)
    __aeabi_cfcmple                          0x080029a1   Thumb Code     0  flef.o(x$fpl$fleqf)
    _fcmple                                  0x080029a1   Thumb Code    78  flef.o(x$fpl$fleqf)
    __aeabi_fmul                             0x080029f5   Thumb Code     0  fmul.o(x$fpl$fmul)
    _fmul                                    0x080029f5   Thumb Code   172  fmul.o(x$fpl$fmul)
    __aeabi_cfrcmple                         0x08002aa5   Thumb Code     0  frlef.o(x$fpl$frleqf)
    _frcmple                                 0x08002aa5   Thumb Code    84  frlef.o(x$fpl$frleqf)
    __aeabi_fsub                             0x08002afd   Thumb Code     0  faddsub.o(x$fpl$fsub)
    _fsub                                    0x08002afd   Thumb Code   204  faddsub.o(x$fpl$fsub)
    __I$use$fp                               0x08002bcc   Number         0  usenofp.o(x$fpl$usenofp)
    Region$$Table$$Base                      0x08002c8c   Number         0  anon$$obj.o(Region$$Table)
    Region$$Table$$Limit                     0x08002cac   Number         0  anon$$obj.o(Region$$Table)
    delay                                    0x20000000   Data           2  delay.o(.data)
    RX_FLAG_END_LINE                         0x20000004   Data           1  uart.o(.data)
    RXI                                      0x20000008   Data           4  uart.o(.data)
    temp_char                                0x2000000c   Data           1  uart.o(.data)
    BT1                                      0x2000000e   Data           4  ct_lib.o(.data)
    BT2                                      0x20000012   Data           4  ct_lib.o(.data)
    count_empty_time                         0x2000004c   Data           1  adc_lib.o(.data)
    Adc_VarArr                               0x2000004e   Data           8  adc_lib.o(.data)
    NUMBER_READ_ADC                          0x20000072   Data           2  adc_lib.o(.data)
    SystemCoreClock                          0x20000074   Data           4  system_stm32f0xx.o(.data)
    AHBPrescTable                            0x20000078   Data          16  system_stm32f0xx.o(.data)
    RRX                                      0x20000088   Data          80  uart.o(.bss)
    a                                        0x200000d8   Data          10  uart.o(.bss)
    Kalman_OUT_ADC_1                         0x20000118   Data          32  adc_lib.o(.bss)
    Kalman_OUT_ADC_2                         0x20000138   Data          32  adc_lib.o(.bss)
    Kalman_OUT_ADC_3                         0x20000158   Data          32  adc_lib.o(.bss)
    Kalman_LM35                              0x20000178   Data          32  adc_lib.o(.bss)
    Kalman_ADC_M1                            0x20000198   Data          32  adc_lib.o(.bss)
    Kalman_ADC_M2                            0x200001b8   Data          32  adc_lib.o(.bss)
    __libspace_start                         0x200001d8   Data          96  libspace.o(.bss)
    __temporary_stack_top$libspace           0x20000238   Data           0  libspace.o(.bss)



==============================================================================

Memory Map of the image

  Image Entry point : 0x08000159

  Load Region LR_1 (Base: 0x08000000, Size: 0x00002d34, Max: 0xffffffff, ABSOLUTE)

    Execution Region ER_RO (Base: 0x08000000, Size: 0x00002cac, Max: 0xffffffff, ABSOLUTE)

    Base Addr    Size         Type   Attr      Idx    E Section Name        Object

    0x08000000   0x000000b4   Data   RO         4231    RESET               startup_stm32f030.o
    0x080000b4   0x00000008   Code   RO         4244  * !!!main             c_p.l(__main.o)
    0x080000bc   0x0000003c   Code   RO         4454    !!!scatter          c_p.l(__scatter.o)
    0x080000f8   0x0000001a   Code   RO         4456    !!handler_copy      c_p.l(__scatter_copy.o)
    0x08000112   0x00000002   PAD
    0x08000114   0x0000001c   Code   RO         4458    !!handler_zi        c_p.l(__scatter_zi.o)
    0x08000130   0x00000002   Code   RO         4321    .ARM.Collect$$libinit$$00000000  c_p.l(libinit.o)
    0x08000132   0x00000000   Code   RO         4337    .ARM.Collect$$libinit$$00000002  c_p.l(libinit2.o)
    0x08000132   0x00000000   Code   RO         4339    .ARM.Collect$$libinit$$00000004  c_p.l(libinit2.o)
    0x08000132   0x00000000   Code   RO         4342    .ARM.Collect$$libinit$$0000000A  c_p.l(libinit2.o)
    0x08000132   0x00000000   Code   RO         4344    .ARM.Collect$$libinit$$0000000C  c_p.l(libinit2.o)
    0x08000132   0x00000000   Code   RO         4346    .ARM.Collect$$libinit$$0000000E  c_p.l(libinit2.o)
    0x08000132   0x00000000   Code   RO         4349    .ARM.Collect$$libinit$$00000011  c_p.l(libinit2.o)
    0x08000132   0x00000000   Code   RO         4351    .ARM.Collect$$libinit$$00000013  c_p.l(libinit2.o)
    0x08000132   0x00000000   Code   RO         4353    .ARM.Collect$$libinit$$00000015  c_p.l(libinit2.o)
    0x08000132   0x00000000   Code   RO         4355    .ARM.Collect$$libinit$$00000017  c_p.l(libinit2.o)
    0x08000132   0x00000000   Code   RO         4357    .ARM.Collect$$libinit$$00000019  c_p.l(libinit2.o)
    0x08000132   0x00000000   Code   RO         4359    .ARM.Collect$$libinit$$0000001B  c_p.l(libinit2.o)
    0x08000132   0x00000000   Code   RO         4361    .ARM.Collect$$libinit$$0000001D  c_p.l(libinit2.o)
    0x08000132   0x00000000   Code   RO         4363    .ARM.Collect$$libinit$$0000001F  c_p.l(libinit2.o)
    0x08000132   0x00000000   Code   RO         4365    .ARM.Collect$$libinit$$00000021  c_p.l(libinit2.o)
    0x08000132   0x00000000   Code   RO         4367    .ARM.Collect$$libinit$$00000023  c_p.l(libinit2.o)
    0x08000132   0x00000000   Code   RO         4369    .ARM.Collect$$libinit$$00000025  c_p.l(libinit2.o)
    0x08000132   0x00000000   Code   RO         4373    .ARM.Collect$$libinit$$0000002C  c_p.l(libinit2.o)
    0x08000132   0x00000000   Code   RO         4375    .ARM.Collect$$libinit$$0000002E  c_p.l(libinit2.o)
    0x08000132   0x00000000   Code   RO         4377    .ARM.Collect$$libinit$$00000030  c_p.l(libinit2.o)
    0x08000132   0x00000000   Code   RO         4379    .ARM.Collect$$libinit$$00000032  c_p.l(libinit2.o)
    0x08000132   0x00000002   Code   RO         4380    .ARM.Collect$$libinit$$00000033  c_p.l(libinit2.o)
    0x08000134   0x00000002   Code   RO         4411    .ARM.Collect$$libshutdown$$00000000  c_p.l(libshutdown.o)
    0x08000136   0x00000000   Code   RO         4437    .ARM.Collect$$libshutdown$$00000002  c_p.l(libshutdown2.o)
    0x08000136   0x00000000   Code   RO         4439    .ARM.Collect$$libshutdown$$00000004  c_p.l(libshutdown2.o)
    0x08000136   0x00000000   Code   RO         4442    .ARM.Collect$$libshutdown$$00000007  c_p.l(libshutdown2.o)
    0x08000136   0x00000000   Code   RO         4445    .ARM.Collect$$libshutdown$$0000000A  c_p.l(libshutdown2.o)
    0x08000136   0x00000000   Code   RO         4447    .ARM.Collect$$libshutdown$$0000000C  c_p.l(libshutdown2.o)
    0x08000136   0x00000000   Code   RO         4450    .ARM.Collect$$libshutdown$$0000000F  c_p.l(libshutdown2.o)
    0x08000136   0x00000002   Code   RO         4451    .ARM.Collect$$libshutdown$$00000010  c_p.l(libshutdown2.o)
    0x08000138   0x00000000   Code   RO         4278    .ARM.Collect$$rtentry$$00000000  c_p.l(__rtentry.o)
    0x08000138   0x00000000   Code   RO         4287    .ARM.Collect$$rtentry$$00000002  c_p.l(__rtentry2.o)
    0x08000138   0x00000006   Code   RO         4299    .ARM.Collect$$rtentry$$00000004  c_p.l(__rtentry4.o)
    0x0800013e   0x00000000   Code   RO         4289    .ARM.Collect$$rtentry$$00000009  c_p.l(__rtentry2.o)
    0x0800013e   0x00000004   Code   RO         4290    .ARM.Collect$$rtentry$$0000000A  c_p.l(__rtentry2.o)
    0x08000142   0x00000000   Code   RO         4292    .ARM.Collect$$rtentry$$0000000C  c_p.l(__rtentry2.o)
    0x08000142   0x00000008   Code   RO         4293    .ARM.Collect$$rtentry$$0000000D  c_p.l(__rtentry2.o)
    0x0800014a   0x00000002   Code   RO         4328    .ARM.Collect$$rtexit$$00000000  c_p.l(rtexit.o)
    0x0800014c   0x00000000   Code   RO         4384    .ARM.Collect$$rtexit$$00000002  c_p.l(rtexit2.o)
    0x0800014c   0x00000004   Code   RO         4385    .ARM.Collect$$rtexit$$00000003  c_p.l(rtexit2.o)
    0x08000150   0x00000006   Code   RO         4386    .ARM.Collect$$rtexit$$00000004  c_p.l(rtexit2.o)
    0x08000156   0x00000002   PAD
    0x08000158   0x00000074   Code   RO         4232  * .text               startup_stm32f030.o
    0x080001cc   0x0000015a   Code   RO         4238    .text               c_p.l(aeabi_sdiv.o)
    0x08000326   0x00000006   Code   RO         4242    .text               c_p.l(heapauxi.o)
    0x0800032c   0x0000007c   Code   RO         4246    .text               fz_ps.l(d2f.o)
    0x080003a8   0x00000448   Code   RO         4248    .text               fz_ps.l(ddiv.o)
    0x080007f0   0x00000048   Code   RO         4251    .text               fz_ps.l(dfixui.o)
    0x08000838   0x00000058   Code   RO         4253    .text               fz_ps.l(dflti.o)
    0x08000890   0x00000248   Code   RO         4255    .text               fz_ps.l(dmul.o)
    0x08000ad8   0x00000054   Code   RO         4257    .text               fz_ps.l(f2d.o)
    0x08000b2c   0x00000160   Code   RO         4265    .text               fz_ps.l(fdiv.o)
    0x08000c8c   0x00000030   Code   RO         4268    .text               fz_ps.l(ffixui.o)
    0x08000cbc   0x0000005e   Code   RO         4270    .text               fz_ps.l(fflti.o)
    0x08000d1a   0x00000002   PAD
    0x08000d1c   0x00000064   Code   RO         4283    .text               fz_ps.l(fcmpin.o)
    0x08000d80   0x0000002e   Code   RO         4303    .text               fz_ps.l(cmpret.o)
    0x08000dae   0x00000002   PAD
    0x08000db0   0x00000010   Code   RO         4305    .text               fz_ps.l(fnan2.o)
    0x08000dc0   0x0000003e   Code   RO         4307    .text               c_p.l(sys_stackheap_outer.o)
    0x08000dfe   0x00000010   Code   RO         4310    .text               c_p.l(exit.o)
    0x08000e0e   0x0000005e   Code   RO         4322    .text               fz_ps.l(retnan.o)
    0x08000e6c   0x00000008   Code   RO         4324    .text               c_p.l(libspace.o)
    0x08000e74   0x0000000c   Code   RO         4381    .text               c_p.l(sys_exit.o)
    0x08000e80   0x00000002   Code   RO         4400    .text               c_p.l(use_no_semi.o)
    0x08000e82   0x00000000   Code   RO         4402    .text               c_p.l(indicate_semi.o)
    0x08000e82   0x00000002   PAD
    0x08000e84   0x0000006c   Code   RO          538    i.ADC1_IRQHandler   adc_lib.o
    0x08000ef0   0x00000004   Code   RO          632    i.ADC_ClearITPendingBit  stm32f0xx_adc.o
    0x08000ef4   0x00000018   Code   RO          634    i.ADC_Cmd           stm32f0xx_adc.o
    0x08000f0c   0x0000001c   Code   RO          639    i.ADC_DiscModeCmd   stm32f0xx_adc.o
    0x08000f28   0x0000003c   Code   RO          640    i.ADC_GetCalibrationFactor  stm32f0xx_adc.o
    0x08000f64   0x00000008   Code   RO          641    i.ADC_GetConversionValue  stm32f0xx_adc.o
    0x08000f6c   0x00000030   Code   RO          642    i.ADC_GetFlagStatus  stm32f0xx_adc.o
    0x08000f9c   0x00000022   Code   RO          643    i.ADC_GetITStatus   stm32f0xx_adc.o
    0x08000fbe   0x00000014   Code   RO          644    i.ADC_ITConfig      stm32f0xx_adc.o
    0x08000fd2   0x00000002   PAD
    0x08000fd4   0x0000002c   Code   RO          645    i.ADC_Init          stm32f0xx_adc.o
    0x08001000   0x000000b0   Code   RO          539    i.ADC_Init_All      adc_lib.o
    0x080010b0   0x000000a8   Code   RO          540    i.ADC_Kalman_Filter  adc_lib.o
    0x08001158   0x000000c4   Code   RO          541    i.ADC_Read_All      adc_lib.o
    0x0800121c   0x0000000a   Code   RO          648    i.ADC_StartOfConversion  stm32f0xx_adc.o
    0x08001226   0x0000000a   Code   RO          649    i.ADC_StopOfConversion  stm32f0xx_adc.o
    0x08001230   0x00000062   Code   RO          259    i.CT_BeeP           ct_lib.o
    0x08001292   0x00000002   PAD
    0x08001294   0x00000094   Code   RO          260    i.CT_Init           ct_lib.o
    0x08001328   0x00000068   Code   RO          308    i.CT_Motor_1        motor_lib.o
    0x08001390   0x0000000c   Code   RO          310    i.CT_Motor_Init     motor_lib.o
    0x0800139c   0x00000020   Code   RO          311    i.CT_Motor_PWM1     motor_lib.o
    0x080013bc   0x00000030   Code   RO          261    i.CT_ReadAllButton  ct_lib.o
    0x080013ec   0x00000026   Code   RO          262    i.CT_Relay          ct_lib.o
    0x08001412   0x00000002   PAD
    0x08001414   0x00000054   Code   RO          313    i.GPIO_Control_Init  motor_lib.o
    0x08001468   0x00000090   Code   RO         1883    i.GPIO_Init         stm32f0xx_gpio.o
    0x080014f8   0x00000044   Code   RO         1884    i.GPIO_PinAFConfig  stm32f0xx_gpio.o
    0x0800153c   0x00000014   Code   RO         1887    i.GPIO_ReadInputDataBit  stm32f0xx_gpio.o
    0x08001550   0x0000000c   Code   RO         1894    i.GPIO_WriteBit     stm32f0xx_gpio.o
    0x0800155c   0x00000010   Code   RO          599    i.IWD_Clear_Time_Out  iwdg.o
    0x0800156c   0x00000140   Code   RO          600    i.IWD_Init          iwdg.o
    0x080016ac   0x00000078   Code   RO          144    i.NVIC_SetPriority  delay.o
    0x08001724   0x000000cc   Code   RO          314    i.PWM_Init          motor_lib.o
    0x080017f0   0x00000020   Code   RO         2403    i.RCC_AHBPeriphClockCmd  stm32f0xx_rcc.o
    0x08001810   0x00000020   Code   RO         2405    i.RCC_APB1PeriphClockCmd  stm32f0xx_rcc.o
    0x08001830   0x00000020   Code   RO         2407    i.RCC_APB2PeriphClockCmd  stm32f0xx_rcc.o
    0x08001850   0x00000024   Code   RO         2435    i.RCC_PLLConfig     stm32f0xx_rcc.o
    0x08001874   0x0000001c   Code   RO         3000    i.SPI_Cmd           stm32f0xx_spi.o
    0x08001890   0x000000c4   Code   RO          494    i.SPI_Command_Init  spi_lib.o
    0x08001954   0x00000058   Code   RO         3014    i.SPI_Init          stm32f0xx_spi.o
    0x080019ac   0x0000000a   Code   RO          495    i.SPIx_DisableSlave  spi_lib.o
    0x080019b6   0x00000002   PAD
    0x080019b8   0x0000000c   Code   RO          496    i.SPIx_EnableSlave  spi_lib.o
    0x080019c4   0x0000002c   Code   RO          497    i.SPIx_Transfer     spi_lib.o
    0x080019f0   0x00000044   Code   RO          368    i.SYS_Init_ALL      sys_lib.o
    0x08001a34   0x0000020c   Code   RO          369    i.SYS_Run           sys_lib.o
    0x08001c40   0x0000004c   Code   RO          370    i.SYS_TIM3_Init     sys_lib.o
    0x08001c8c   0x000000e0   Code   RO         4194    i.SetSysClock       system_stm32f0xx.o
    0x08001d6c   0x00000034   Code   RO          145    i.SysTick_Config    delay.o
    0x08001da0   0x00000018   Code   RO          146    i.SysTick_Handler   delay.o
    0x08001db8   0x000000b0   Code   RO         4195    i.SystemCoreClockUpdate  system_stm32f0xx.o
    0x08001e68   0x0000007c   Code   RO         4196    i.SystemInit        system_stm32f0xx.o
    0x08001ee4   0x000000f8   Code   RO          371    i.TIM3_IRQHandler   sys_lib.o
    0x08001fdc   0x0000001c   Code   RO         3260    i.TIM_ARRPreloadConfig  stm32f0xx_tim.o
    0x08001ff8   0x00000006   Code   RO         3267    i.TIM_ClearITPendingBit  stm32f0xx_tim.o
    0x08001ffe   0x00000002   PAD
    0x08002000   0x0000001c   Code   RO         3272    i.TIM_Cmd           stm32f0xx_tim.o
    0x0800201c   0x00000022   Code   RO         3274    i.TIM_CtrlPWMOutputs  stm32f0xx_tim.o
    0x0800203e   0x00000026   Code   RO         3293    i.TIM_GetITStatus   stm32f0xx_tim.o
    0x08002064   0x00000014   Code   RO         3297    i.TIM_ITConfig      stm32f0xx_tim.o
    0x08002078   0x00000094   Code   RO         3301    i.TIM_OC1Init       stm32f0xx_tim.o
    0x0800210c   0x00000018   Code   RO         3304    i.TIM_OC1PreloadConfig  stm32f0xx_tim.o
    0x08002124   0x000000ac   Code   RO         3306    i.TIM_OC2Init       stm32f0xx_tim.o
    0x080021d0   0x00000018   Code   RO         3309    i.TIM_OC2PreloadConfig  stm32f0xx_tim.o
    0x080021e8   0x0000007c   Code   RO         3345    i.TIM_TimeBaseInit  stm32f0xx_tim.o
    0x08002264   0x00000026   Code   RO          498    i.Transfer_Data     spi_lib.o
    0x0800228a   0x0000002a   Code   RO          194    i.UART_Init         uart.o
    0x080022b4   0x00000070   Code   RO          195    i.USART1_IRQHandler  uart.o
    0x08002324   0x00000012   Code   RO         3828    i.USART_ClearITPendingBit  stm32f0xx_usart.o
    0x08002336   0x0000004e   Code   RO         3840    i.USART_GetITStatus  stm32f0xx_usart.o
    0x08002384   0x0000000a   Code   RO         3855    i.USART_ReceiveData  stm32f0xx_usart.o
    0x0800238e   0x0000001c   Code   RO          586    i.__ARM_common_switch8  adc_lib.o
    0x080023aa   0x00000002   PAD
    0x080023ac   0x00000038   Code   RO          263    i.ct_buttonread     ct_lib.o
    0x080023e4   0x00000030   Code   RO          147    i.delay_ms          delay.o
    0x08002414   0x00000014   Code   RO            3    i.main              main.o
    0x08002428   0x00000020   Code   RO          315    i.map               motor_lib.o
    0x08002448   0x00000020   Code   RO          372    i.map               sys_lib.o
    0x08002468   0x00000084   Code   RO          543    i.read_adc_all      adc_lib.o
    0x080024ec   0x000001c4   Code   RO          374    i.sys_assign_adc    sys_lib.o
    0x080026b0   0x000000b0   Code   RO          375    i.sys_control_motor  sys_lib.o
    0x08002760   0x00000028   Code   RO          376    i.sys_status_abnormal_overload  sys_lib.o
    0x08002788   0x00000028   Code   RO          377    i.sys_status_abnormal_overvoltage  sys_lib.o
    0x080027b0   0x00000028   Code   RO          378    i.sys_status_abnormal_undervoltage  sys_lib.o
    0x080027d8   0x00000024   Code   RO          379    i.sys_status_error  sys_lib.o
    0x080027fc   0x00000020   Code   RO          380    i.sys_status_init   sys_lib.o
    0x0800281c   0x00000044   Code   RO          381    i.sys_status_normal_loading  sys_lib.o
    0x08002860   0x0000002c   Code   RO          382    i.sys_status_normal_overload  sys_lib.o
    0x0800288c   0x0000002c   Code   RO          383    i.sys_status_normal_overvoltage  sys_lib.o
    0x080028b8   0x0000002c   Code   RO          384    i.sys_status_normal_undervoltage  sys_lib.o
    0x080028e4   0x0000000c   Code   RO          385    i.sys_status_reset  sys_lib.o
    0x080028f0   0x00000024   Code   RO          386    i.sys_status_stanby  sys_lib.o
    0x08002914   0x0000008c   Code   RO         4259    x$fpl$fadd          fz_ps.l(faddsub.o)
    0x080029a0   0x00000054   Code   RO         4272    x$fpl$fleqf         fz_ps.l(flef.o)
    0x080029f4   0x000000b0   Code   RO         4274    x$fpl$fmul          fz_ps.l(fmul.o)
    0x08002aa4   0x00000058   Code   RO         4276    x$fpl$frleqf        fz_ps.l(frlef.o)
    0x08002afc   0x000000d0   Code   RO         4261    x$fpl$fsub          fz_ps.l(faddsub.o)
    0x08002bcc   0x00000000   Code   RO         4285    x$fpl$usenofp       fz_ps.l(usenofp.o)
    0x08002bcc   0x00000080   Data   RO         4249    .constdata          fz_ps.l(ddiv.o)
    0x08002c4c   0x00000040   Data   RO         4266    .constdata          fz_ps.l(fdiv.o)
    0x08002c8c   0x00000020   Data   RO         4452    Region$$Table       anon$$obj.o


    Execution Region ER_RW (Base: 0x20000000, Size: 0x00000088, Max: 0xffffffff, ABSOLUTE)

    Base Addr    Size         Type   Attr      Idx    E Section Name        Object

    0x20000000   0x00000002   Data   RW          149    .data               delay.o
    0x20000002   0x00000002   PAD
    0x20000004   0x00000009   Data   RW          197    .data               uart.o
    0x2000000d   0x00000001   PAD
    0x2000000e   0x00000008   Data   RW          264    .data               ct_lib.o
    0x20000016   0x00000002   PAD
    0x20000018   0x00000034   Data   RW          388    .data               sys_lib.o
    0x2000004c   0x00000028   Data   RW          545    .data               adc_lib.o
    0x20000074   0x00000014   Data   RW         4197    .data               system_stm32f0xx.o


    Execution Region ER_ZI (Base: 0x20000088, Size: 0x000007b0, Max: 0xffffffff, ABSOLUTE)

    Base Addr    Size         Type   Attr      Idx    E Section Name        Object

    0x20000088   0x0000005a   Zero   RW          196    .bss                uart.o
    0x200000e2   0x00000002   PAD
    0x200000e4   0x00000034   Zero   RW          387    .bss                sys_lib.o
    0x20000118   0x000000c0   Zero   RW          544    .bss                adc_lib.o
    0x200001d8   0x00000060   Zero   RW         4325    .bss                c_p.l(libspace.o)
    0x20000238   0x00000200   Zero   RW         4230    HEAP                startup_stm32f030.o
    0x20000438   0x00000400   Zero   RW         4229    STACK               startup_stm32f030.o


==============================================================================

Image component sizes


      Code (inc. data)   RO Data    RW Data    ZI Data      Debug   Object Name

       808        110          0         40        192      10993   adc_lib.o
       388         24          0          8          0       3960   ct_lib.o
       244         32          0          2          0       7889   delay.o
       336         32          0          0          0       1128   iwdg.o
        20          0          0          0          0     207799   main.o
       468         14          0          0          0       3685   motor_lib.o
       300         14          0          0          0       2930   spi_lib.o
       116         56        180          0       1536        668   startup_stm32f030.o
       290          4          0          0          0       7539   stm32f0xx_adc.o
       244          0          0          0          0       3279   stm32f0xx_gpio.o
       132         18          0          0          0       2490   stm32f0xx_rcc.o
       116         16          0          0          0       1857   stm32f0xx_spi.o
       646        106          0          0          0       7972   stm32f0xx_tim.o
       106          0          0          0          0       2870   stm32f0xx_usart.o
      2012        178          0         52         52      15801   sys_lib.o
       524         44          0         20          0       2389   system_stm32f0xx.o
       154         24          0          9         90     154175   uart.o

    ----------------------------------------------------------------------
      6916        672        212        136       1872     437424   Object Totals
         0          0         32          0          0          0   (incl. Generated)
        12          0          0          5          2          0   (incl. Padding)

    ----------------------------------------------------------------------

      Code (inc. data)   RO Data    RW Data    ZI Data      Debug   Library Member Name

         8          0          0          0          0         68   __main.o
         0          0          0          0          0          0   __rtentry.o
        12          0          0          0          0          0   __rtentry2.o
         6          0          0          0          0          0   __rtentry4.o
        60          8          0          0          0          0   __scatter.o
        26          0          0          0          0          0   __scatter_copy.o
        28          0          0          0          0          0   __scatter_zi.o
       346          0          0          0          0         92   aeabi_sdiv.o
        16          0          0          0          0         68   exit.o
         6          0          0          0          0        136   heapauxi.o
         0          0          0          0          0          0   indicate_semi.o
         2          0          0          0          0          0   libinit.o
         2          0          0          0          0          0   libinit2.o
         2          0          0          0          0          0   libshutdown.o
         2          0          0          0          0          0   libshutdown2.o
         8          4          0          0         96         68   libspace.o
         2          0          0          0          0          0   rtexit.o
        10          0          0          0          0          0   rtexit2.o
        12          4          0          0          0         60   sys_exit.o
        62          0          0          0          0         80   sys_stackheap_outer.o
         2          0          0          0          0         68   use_no_semi.o
        46          0          0          0          0         60   cmpret.o
       124          4          0          0          0         72   d2f.o
      1096         26        128          0          0        112   ddiv.o
        72          4          0          0          0         68   dfixui.o
        88          0          0          0          0         92   dflti.o
       584         26          0          0          0         84   dmul.o
        84          4          0          0          0         60   f2d.o
       348          8          0          0          0        160   faddsub.o
       100          4          0          0          0         68   fcmpin.o
       352         10         64          0          0         92   fdiv.o
        48          0          0          0          0         60   ffixui.o
        94          0          0          0          0         92   fflti.o
        84          4          0          0          0         76   flef.o
       176          4          0          0          0         80   fmul.o
        16          6          0          0          0         68   fnan2.o
        88          4          0          0          0         76   frlef.o
        94          0          0          0          0         68   retnan.o
         0          0          0          0          0          0   usenofp.o

    ----------------------------------------------------------------------
      4116        120        192          0         96       2028   Library Totals
        10          0          0          0          0          0   (incl. Padding)

    ----------------------------------------------------------------------

      Code (inc. data)   RO Data    RW Data    ZI Data      Debug   Library Name

       612         16          0          0         96        640   c_p.l
      3494        104        192          0          0       1388   fz_ps.l

    ----------------------------------------------------------------------
      4116        120        192          0         96       2028   Library Totals

    ----------------------------------------------------------------------

==============================================================================


      Code (inc. data)   RO Data    RW Data    ZI Data      Debug   

     11032        792        404        136       1968     434736   Grand Totals
     11032        792        404        136       1968     434736   ELF Image Totals
     11032        792        404        136          0          0   ROM Totals

==============================================================================

    Total RO  Size (Code + RO Data)                11436 (  11.17kB)
    Total RW  Size (RW Data + ZI Data)              2104 (   2.05kB)
    Total ROM Size (Code + RO Data + RW Data)      11572 (  11.30kB)

==============================================================================

