Component: ARM Compiler 5.06 update 1 (build 61) Tool: armlink [4d35a8]

==============================================================================

Section Cross References

    main.o(i.main) refers to system_stm32f0xx.o(i.SystemInit) for SystemInit
    main.o(i.main) refers to system_stm32f0xx.o(i.SystemCoreClockUpdate) for SystemCoreClockUpdate
    main.o(i.main) refers to sys_lib.o(i.SYS_Init_ALL) for SYS_Init_ALL
    main.o(i.main) refers to sys_lib.o(i.SYS_Run) for SYS_Run
    delay.o(i.Fn_DELAY_Init) refers to delay.o(.data) for fac_us
    delay.o(i.Fn_DELAY_ms) refers to delay.o(.data) for fac_ms
    delay.o(i.Fn_DELAY_us) refers to delay.o(.data) for fac_us
    delay.o(i.SysTick_Config) refers to delay.o(i.NVIC_SetPriority) for NVIC_SetPriority
    delay.o(i.SysTick_Handler) refers to delay.o(.data) for delay
    delay.o(i.delay_ms) refers to aeabi_sdiv.o(.text) for __aeabi_uidivmod
    delay.o(i.delay_ms) refers to delay.o(i.SysTick_Config) for SysTick_Config
    delay.o(i.delay_ms) refers to system_stm32f0xx.o(.data) for SystemCoreClock
    delay.o(i.delay_ms) refers to delay.o(.data) for delay
    delay.o(i.delay_us) refers to aeabi_sdiv.o(.text) for __aeabi_uidivmod
    delay.o(i.delay_us) refers to delay.o(i.SysTick_Config) for SysTick_Config
    delay.o(i.delay_us) refers to system_stm32f0xx.o(.data) for SystemCoreClock
    delay.o(i.delay_us) refers to delay.o(.data) for delay
    uart.o(i.Send_String) refers to uart.o(i.Send_char) for Send_char
    uart.o(i.Send_char) refers to stm32f0xx_usart.o(i.USART_SendData) for USART_SendData
    uart.o(i.Send_char) refers to stm32f0xx_usart.o(i.USART_GetFlagStatus) for USART_GetFlagStatus
    uart.o(i.UART_Init) refers to stm32f0xx_rcc.o(i.RCC_APB2PeriphClockCmd) for RCC_APB2PeriphClockCmd
    uart.o(i.UART_Init) refers to stm32f0xx_rcc.o(i.RCC_AHBPeriphClockCmd) for RCC_AHBPeriphClockCmd
    uart.o(i.UART_Init) refers to stm32f0xx_gpio.o(i.GPIO_PinAFConfig) for GPIO_PinAFConfig
    uart.o(i.UART_Init) refers to stm32f0xx_gpio.o(i.GPIO_Init) for GPIO_Init
    uart.o(i.UART_Init) refers to stm32f0xx_usart.o(i.USART_Init) for USART_Init
    uart.o(i.UART_Init) refers to stm32f0xx_usart.o(i.USART_Cmd) for USART_Cmd
    uart.o(i.UART_Init) refers to stm32f0xx_usart.o(i.USART_ITConfig) for USART_ITConfig
    uart.o(i.USART1_IRQHandler) refers to stm32f0xx_usart.o(i.USART_GetITStatus) for USART_GetITStatus
    uart.o(i.USART1_IRQHandler) refers to stm32f0xx_usart.o(i.USART_ReceiveData) for USART_ReceiveData
    uart.o(i.USART1_IRQHandler) refers to stm32f0xx_usart.o(i.USART_ClearITPendingBit) for USART_ClearITPendingBit
    uart.o(i.USART1_IRQHandler) refers to uart.o(.data) for temp_char
    uart.o(i.USART1_IRQHandler) refers to uart.o(.bss) for RRX
    ct_lib.o(i.CT_Init) refers to stm32f0xx_rcc.o(i.RCC_AHBPeriphClockCmd) for RCC_AHBPeriphClockCmd
    ct_lib.o(i.CT_Init) refers to stm32f0xx_gpio.o(i.GPIO_Init) for GPIO_Init
    ct_lib.o(i.CT_ReadAllButton) refers to stm32f0xx_gpio.o(i.GPIO_ReadInputDataBit) for GPIO_ReadInputDataBit
    ct_lib.o(i.CT_ReadAllButton) refers to ct_lib.o(i.ct_buttonread) for ct_buttonread
    ct_lib.o(i.CT_ReadAllButton) refers to ct_lib.o(.data) for BT1
    ct_lib.o(i.CT_Relay) refers to stm32f0xx_gpio.o(i.GPIO_WriteBit) for GPIO_WriteBit
    motor_lib.o(i.CT_Motor_1) refers to motor_lib.o(i.CT_Motor_PWM1) for CT_Motor_PWM1
    motor_lib.o(i.CT_Motor_1) refers to stm32f0xx_gpio.o(i.GPIO_WriteBit) for GPIO_WriteBit
    motor_lib.o(i.CT_Motor_2) refers to motor_lib.o(i.CT_Motor_PWM2) for CT_Motor_PWM2
    motor_lib.o(i.CT_Motor_2) refers to stm32f0xx_gpio.o(i.GPIO_WriteBit) for GPIO_WriteBit
    motor_lib.o(i.CT_Motor_Init) refers to motor_lib.o(i.PWM_Init) for PWM_Init
    motor_lib.o(i.CT_Motor_Init) refers to motor_lib.o(i.GPIO_Control_Init) for GPIO_Control_Init
    motor_lib.o(i.CT_Motor_PWM1) refers to motor_lib.o(i.map) for map
    motor_lib.o(i.CT_Motor_PWM2) refers to motor_lib.o(i.map) for map
    motor_lib.o(i.GPIO_Control_Init) refers to stm32f0xx_rcc.o(i.RCC_AHBPeriphClockCmd) for RCC_AHBPeriphClockCmd
    motor_lib.o(i.GPIO_Control_Init) refers to stm32f0xx_gpio.o(i.GPIO_Init) for GPIO_Init
    motor_lib.o(i.PWM_Init) refers to stm32f0xx_rcc.o(i.RCC_AHBPeriphClockCmd) for RCC_AHBPeriphClockCmd
    motor_lib.o(i.PWM_Init) refers to stm32f0xx_rcc.o(i.RCC_APB2PeriphClockCmd) for RCC_APB2PeriphClockCmd
    motor_lib.o(i.PWM_Init) refers to stm32f0xx_gpio.o(i.GPIO_Init) for GPIO_Init
    motor_lib.o(i.PWM_Init) refers to stm32f0xx_gpio.o(i.GPIO_PinAFConfig) for GPIO_PinAFConfig
    motor_lib.o(i.PWM_Init) refers to stm32f0xx_tim.o(i.TIM_TimeBaseInit) for TIM_TimeBaseInit
    motor_lib.o(i.PWM_Init) refers to stm32f0xx_tim.o(i.TIM_OC1Init) for TIM_OC1Init
    motor_lib.o(i.PWM_Init) refers to stm32f0xx_tim.o(i.TIM_OC1PreloadConfig) for TIM_OC1PreloadConfig
    motor_lib.o(i.PWM_Init) refers to stm32f0xx_tim.o(i.TIM_OC2Init) for TIM_OC2Init
[...]
    Removing stm32f0xx_spi.o(i.SPI_NSSPulseModeCmd), (28 bytes).
    Removing stm32f0xx_spi.o(i.SPI_ReceiveData8), (12 bytes).
    Removing stm32f0xx_spi.o(i.SPI_RxFIFOThresholdConfig), (20 bytes).
    Removing stm32f0xx_spi.o(i.SPI_SSOutputCmd), (28 bytes).
    Removing stm32f0xx_spi.o(i.SPI_SendData8), (10 bytes).
    Removing stm32f0xx_spi.o(i.SPI_StructInit), (30 bytes).
    Removing stm32f0xx_spi.o(i.SPI_TIModeCmd), (28 bytes).
    Removing stm32f0xx_spi.o(i.SPI_TransmitCRC), (12 bytes).
    Removing stm32f0xx_syscfg.o(.rev16_text), (4 bytes).
    Removing stm32f0xx_syscfg.o(.revsh_text), (4 bytes).
    Removing stm32f0xx_syscfg.o(i.SYSCFG_BreakConfig), (16 bytes).
    Removing stm32f0xx_syscfg.o(i.SYSCFG_ClearFlag), (16 bytes).
    Removing stm32f0xx_syscfg.o(i.SYSCFG_DMAChannelRemapConfig), (32 bytes).
    Removing stm32f0xx_syscfg.o(i.SYSCFG_DeInit), (44 bytes).
    Removing stm32f0xx_syscfg.o(i.SYSCFG_EXTILineConfig), (64 bytes).
    Removing stm32f0xx_syscfg.o(i.SYSCFG_GetFlagStatus), (32 bytes).
    Removing stm32f0xx_syscfg.o(i.SYSCFG_I2CFastModePlusConfig), (32 bytes).
    Removing stm32f0xx_syscfg.o(i.SYSCFG_MemoryRemapConfig), (28 bytes).
    Removing stm32f0xx_tim.o(.rev16_text), (4 bytes).
    Removing stm32f0xx_tim.o(.revsh_text), (4 bytes).
    Removing stm32f0xx_tim.o(i.TI1_Config), (56 bytes).
    Removing stm32f0xx_tim.o(i.TI2_Config), (76 bytes).
    Removing stm32f0xx_tim.o(i.TI3_Config), (72 bytes).
    Removing stm32f0xx_tim.o(i.TI4_Config), (80 bytes).
    Removing stm32f0xx_tim.o(i.TIM_ARRPreloadConfig), (28 bytes).
    Removing stm32f0xx_tim.o(i.TIM_BDTRConfig), (32 bytes).
    Removing stm32f0xx_tim.o(i.TIM_BDTRStructInit), (18 bytes).
    Removing stm32f0xx_tim.o(i.TIM_CCPreloadControl), (28 bytes).
    Removing stm32f0xx_tim.o(i.TIM_CCxCmd), (30 bytes).
    Removing stm32f0xx_tim.o(i.TIM_CCxNCmd), (30 bytes).
    Removing stm32f0xx_tim.o(i.TIM_ClearFlag), (6 bytes).
    Removing stm32f0xx_tim.o(i.TIM_ClearOC1Ref), (24 bytes).
    Removing stm32f0xx_tim.o(i.TIM_ClearOC2Ref), (20 bytes).
    Removing stm32f0xx_tim.o(i.TIM_ClearOC3Ref), (24 bytes).
    Removing stm32f0xx_tim.o(i.TIM_ClearOC4Ref), (20 bytes).
    Removing stm32f0xx_tim.o(i.TIM_CounterModeConfig), (24 bytes).
    Removing stm32f0xx_tim.o(i.TIM_CtrlPWMOutputs), (34 bytes).
    Removing stm32f0xx_tim.o(i.TIM_DMACmd), (20 bytes).
    Removing stm32f0xx_tim.o(i.TIM_DMAConfig), (12 bytes).
    Removing stm32f0xx_tim.o(i.TIM_DeInit), (260 bytes).
    Removing stm32f0xx_tim.o(i.TIM_ETRClockMode1Config), (52 bytes).
    Removing stm32f0xx_tim.o(i.TIM_ETRClockMode2Config), (34 bytes).
    Removing stm32f0xx_tim.o(i.TIM_ETRConfig), (24 bytes).
    Removing stm32f0xx_tim.o(i.TIM_EncoderInterfaceConfig), (68 bytes).
    Removing stm32f0xx_tim.o(i.TIM_ForcedOC1Config), (24 bytes).
    Removing stm32f0xx_tim.o(i.TIM_ForcedOC2Config), (24 bytes).
    Removing stm32f0xx_tim.o(i.TIM_ForcedOC3Config), (24 bytes).
    Removing stm32f0xx_tim.o(i.TIM_ForcedOC4Config), (24 bytes).
    Removing stm32f0xx_tim.o(i.TIM_GenerateEvent), (4 bytes).
    Removing stm32f0xx_tim.o(i.TIM_GetCapture1), (6 bytes).
    Removing stm32f0xx_tim.o(i.TIM_GetCapture2), (6 bytes).
    Removing stm32f0xx_tim.o(i.TIM_GetCapture3), (6 bytes).
    Removing stm32f0xx_tim.o(i.TIM_GetCapture4), (6 bytes).
    Removing stm32f0xx_tim.o(i.TIM_GetCounter), (6 bytes).
    Removing stm32f0xx_tim.o(i.TIM_GetFlagStatus), (20 bytes).
    Removing stm32f0xx_tim.o(i.TIM_GetPrescaler), (6 bytes).
    Removing stm32f0xx_tim.o(i.TIM_ICInit), (112 bytes).
    Removing stm32f0xx_tim.o(i.TIM_ICStructInit), (18 bytes).
    Removing stm32f0xx_tim.o(i.TIM_ITRxExternalClockConfig), (24 bytes).
    Removing stm32f0xx_tim.o(i.TIM_InternalClockConfig), (16 bytes).
    Removing stm32f0xx_tim.o(i.TIM_OC1FastConfig), (24 bytes).
    Removing stm32f0xx_tim.o(i.TIM_OC1Init), (148 bytes).
    Removing stm32f0xx_tim.o(i.TIM_OC1NPolarityConfig), (24 bytes).
    Removing stm32f0xx_tim.o(i.TIM_OC1PolarityConfig), (24 bytes).
    Removing stm32f0xx_tim.o(i.TIM_OC1PreloadConfig), (24 bytes).
    Removing stm32f0xx_tim.o(i.TIM_OC2FastConfig), (24 bytes).
    Removing stm32f0xx_tim.o(i.TIM_OC2Init), (172 bytes).
    Removing stm32f0xx_tim.o(i.TIM_OC2NPolarityConfig), (24 bytes).
    Removing stm32f0xx_tim.o(i.TIM_OC2PolarityConfig), (24 bytes).
    Removing stm32f0xx_tim.o(i.TIM_OC2PreloadConfig), (24 bytes).
    Removing stm32f0xx_tim.o(i.TIM_OC3FastConfig), (24 bytes).
    Removing stm32f0xx_tim.o(i.TIM_OC3Init), (152 bytes).
    Removing stm32f0xx_tim.o(i.TIM_OC3NPolarityConfig), (24 bytes).
    Removing stm32f0xx_tim.o(i.TIM_OC3PolarityConfig), (24 bytes).
    Removing stm32f0xx_tim.o(i.TIM_OC3PreloadConfig), (24 bytes).
    Removing stm32f0xx_tim.o(i.TIM_OC4FastConfig), (24 bytes).
    Removing stm32f0xx_tim.o(i.TIM_OC4Init), (112 bytes).
    Removing stm32f0xx_tim.o(i.TIM_OC4PolarityConfig), (24 bytes).
    Removing stm32f0xx_tim.o(i.TIM_OC4PreloadConfig), (24 bytes).
    Removing stm32f0xx_tim.o(i.TIM_OCStructInit), (20 bytes).
    Removing stm32f0xx_tim.o(i.TIM_PWMIConfig), (124 bytes).
    Removing stm32f0xx_tim.o(i.TIM_PrescalerConfig), (6 bytes).
    Removing stm32f0xx_tim.o(i.TIM_RemapConfig), (6 bytes).
    Removing stm32f0xx_tim.o(i.TIM_SelectCCDMA), (28 bytes).
    Removing stm32f0xx_tim.o(i.TIM_SelectCOM), (28 bytes).
    Removing stm32f0xx_tim.o(i.TIM_SelectHallSensor), (28 bytes).
    Removing stm32f0xx_tim.o(i.TIM_SelectInputTrigger), (24 bytes).
    Removing stm32f0xx_tim.o(i.TIM_SelectMasterSlaveMode), (20 bytes).
    Removing stm32f0xx_tim.o(i.TIM_SelectOCREFClear), (20 bytes).
    Removing stm32f0xx_tim.o(i.TIM_SelectOCxM), (82 bytes).
    Removing stm32f0xx_tim.o(i.TIM_SelectOnePulseMode), (20 bytes).
    Removing stm32f0xx_tim.o(i.TIM_SelectOutputTrigger), (20 bytes).
    Removing stm32f0xx_tim.o(i.TIM_SelectSlaveMode), (20 bytes).
    Removing stm32f0xx_tim.o(i.TIM_SetAutoreload), (4 bytes).
    Removing stm32f0xx_tim.o(i.TIM_SetClockDivision), (20 bytes).
    Removing stm32f0xx_tim.o(i.TIM_SetCompare1), (4 bytes).
    Removing stm32f0xx_tim.o(i.TIM_SetCompare2), (4 bytes).
    Removing stm32f0xx_tim.o(i.TIM_SetCompare3), (4 bytes).
    Removing stm32f0xx_tim.o(i.TIM_SetCompare4), (4 bytes).
    Removing stm32f0xx_tim.o(i.TIM_SetCounter), (4 bytes).
    Removing stm32f0xx_tim.o(i.TIM_SetIC1Prescaler), (20 bytes).
    Removing stm32f0xx_tim.o(i.TIM_SetIC2Prescaler), (24 bytes).
    Removing stm32f0xx_tim.o(i.TIM_SetIC3Prescaler), (20 bytes).
    Removing stm32f0xx_tim.o(i.TIM_SetIC4Prescaler), (24 bytes).
    Removing stm32f0xx_tim.o(i.TIM_TIxExternalClockConfig), (58 bytes).
    Removing stm32f0xx_tim.o(i.TIM_TimeBaseStructInit), (18 bytes).
    Removing stm32f0xx_tim.o(i.TIM_UpdateDisableConfig), (28 bytes).
    Removing stm32f0xx_tim.o(i.TIM_UpdateRequestConfig), (28 bytes).
    Removing stm32f0xx_usart.o(.rev16_text), (4 bytes).
    Removing stm32f0xx_usart.o(.revsh_text), (4 bytes).
    Removing stm32f0xx_usart.o(i.USART_AddressDetectionConfig), (16 bytes).
    Removing stm32f0xx_usart.o(i.USART_AutoBaudRateCmd), (28 bytes).
    Removing stm32f0xx_usart.o(i.USART_AutoBaudRateConfig), (18 bytes).
    Removing stm32f0xx_usart.o(i.USART_ClearFlag), (4 bytes).
    Removing stm32f0xx_usart.o(i.USART_ClockInit), (36 bytes).
    Removing stm32f0xx_usart.o(i.USART_ClockStructInit), (12 bytes).
    Removing stm32f0xx_usart.o(i.USART_DECmd), (28 bytes).
    Removing stm32f0xx_usart.o(i.USART_DEPolarityConfig), (18 bytes).
    Removing stm32f0xx_usart.o(i.USART_DMACmd), (20 bytes).
    Removing stm32f0xx_usart.o(i.USART_DMAReceptionErrorConfig), (18 bytes).
    Removing stm32f0xx_usart.o(i.USART_DataInvCmd), (28 bytes).
    Removing stm32f0xx_usart.o(i.USART_DeInit), (124 bytes).
    Removing stm32f0xx_usart.o(i.USART_DirectionModeCmd), (20 bytes).
    Removing stm32f0xx_usart.o(i.USART_HalfDuplexCmd), (24 bytes).
    Removing stm32f0xx_usart.o(i.USART_InvPinCmd), (20 bytes).
    Removing stm32f0xx_usart.o(i.USART_IrDACmd), (24 bytes).
    Removing stm32f0xx_usart.o(i.USART_IrDAConfig), (16 bytes).
    Removing stm32f0xx_usart.o(i.USART_LINBreakDetectLengthConfig), (16 bytes).
    Removing stm32f0xx_usart.o(i.USART_LINCmd), (28 bytes).
    Removing stm32f0xx_usart.o(i.USART_MSBFirstCmd), (28 bytes).
    Removing stm32f0xx_usart.o(i.USART_MuteModeCmd), (28 bytes).
    Removing stm32f0xx_usart.o(i.USART_MuteModeWakeUpConfig), (18 bytes).
    Removing stm32f0xx_usart.o(i.USART_OneBitMethodCmd), (28 bytes).
    Removing stm32f0xx_usart.o(i.USART_OverSampling8Cmd), (28 bytes).
    Removing stm32f0xx_usart.o(i.USART_OverrunDetectionConfig), (18 bytes).
    Removing stm32f0xx_usart.o(i.USART_ReceiverTimeOutCmd), (28 bytes).
    Removing stm32f0xx_usart.o(i.USART_RequestCmd), (20 bytes).
    Removing stm32f0xx_usart.o(i.USART_STOPModeCmd), (24 bytes).
    Removing stm32f0xx_usart.o(i.USART_SWAPPinCmd), (28 bytes).
    Removing stm32f0xx_usart.o(i.USART_SetAddress), (18 bytes).
    Removing stm32f0xx_usart.o(i.USART_SetAutoRetryCount), (20 bytes).
    Removing stm32f0xx_usart.o(i.USART_SetBlockLength), (18 bytes).
    Removing stm32f0xx_usart.o(i.USART_SetDEAssertionTime), (20 bytes).
    Removing stm32f0xx_usart.o(i.USART_SetDEDeassertionTime), (20 bytes).
    Removing stm32f0xx_usart.o(i.USART_SetGuardTime), (16 bytes).
    Removing stm32f0xx_usart.o(i.USART_SetPrescaler), (18 bytes).
    Removing stm32f0xx_usart.o(i.USART_SetReceiverTimeOut), (16 bytes).
    Removing stm32f0xx_usart.o(i.USART_SmartCardCmd), (24 bytes).
    Removing stm32f0xx_usart.o(i.USART_SmartCardNACKCmd), (24 bytes).
    Removing stm32f0xx_usart.o(i.USART_StopModeWakeUpSourceConfig), (18 bytes).
    Removing stm32f0xx_usart.o(i.USART_StructInit), (24 bytes).
    Removing stm32f0xx_wwdg.o(.rev16_text), (4 bytes).
    Removing stm32f0xx_wwdg.o(.revsh_text), (4 bytes).
    Removing stm32f0xx_wwdg.o(i.WWDG_ClearFlag), (12 bytes).
    Removing stm32f0xx_wwdg.o(i.WWDG_DeInit), (22 bytes).
    Removing stm32f0xx_wwdg.o(i.WWDG_Enable), (16 bytes).
    Removing stm32f0xx_wwdg.o(i.WWDG_EnableIT), (20 bytes).
    Removing stm32f0xx_wwdg.o(i.WWDG_GetFlagStatus), (24 bytes).
    Removing stm32f0xx_wwdg.o(i.WWDG_SetCounter), (16 bytes).
    Removing stm32f0xx_wwdg.o(i.WWDG_SetPrescaler), (32 bytes).
    Removing stm32f0xx_wwdg.o(i.WWDG_SetWindowValue), (40 bytes).
    Removing system_stm32f0xx.o(.rev16_text), (4 bytes).
    Removing system_stm32f0xx.o(.revsh_text), (4 bytes).

612 unused section(s) (total 22540 bytes) removed from the image.

==============================================================================

Image Symbol Table

    Local Symbols

    Symbol Name                              Value     Ov Type        Size  Object(Section)

    ../clib/angel/boardlib.s                 0x00000000   Number         0  boardinit1.o ABSOLUTE
    ../clib/angel/boardlib.s                 0x00000000   Number         0  boardinit2.o ABSOLUTE
    ../clib/angel/boardlib.s                 0x00000000   Number         0  boardinit3.o ABSOLUTE
    ../clib/angel/boardlib.s                 0x00000000   Number         0  boardshut.o ABSOLUTE
    ../clib/angel/handlers.s                 0x00000000   Number         0  __scatter_zi.o ABSOLUTE
    ../clib/angel/handlers.s                 0x00000000   Number         0  __scatter_copy.o ABSOLUTE
    ../clib/angel/kernel.s                   0x00000000   Number         0  __rtentry2.o ABSOLUTE
    ../clib/angel/kernel.s                   0x00000000   Number         0  __rtentry4.o ABSOLUTE
    ../clib/angel/kernel.s                   0x00000000   Number         0  rtexit2.o ABSOLUTE
    ../clib/angel/kernel.s                   0x00000000   Number         0  __rtentry.o ABSOLUTE
    ../clib/angel/kernel.s                   0x00000000   Number         0  rtexit.o ABSOLUTE
    ../clib/angel/rt.s                       0x00000000   Number         0  rt_div0.o ABSOLUTE
    ../clib/angel/rt.s                       0x00000000   Number         0  rt_raise.o ABSOLUTE
    ../clib/angel/rt.s                       0x00000000   Number         0  aeabi_idiv0_sigfpe.o ABSOLUTE
    ../clib/angel/rt.s                       0x00000000   Number         0  aeabi_idiv0.o ABSOLUTE
    ../clib/angel/scatterp.s                 0x00000000   Number         0  __scatter.o ABSOLUTE
    ../clib/angel/startup.s                  0x00000000   Number         0  __main.o ABSOLUTE
    ../clib/angel/sys.s                      0x00000000   Number         0  tempstk.o ABSOLUTE
    ../clib/angel/sys.s                      0x00000000   Number         0  sys_stackheap_outer.o ABSOLUTE
    ../clib/angel/sys.s                      0x00000000   Number         0  libspace.o ABSOLUTE
    ../clib/angel/sys.s                      0x00000000   Number         0  use_no_semi.o ABSOLUTE
    ../clib/angel/sys.s                      0x00000000   Number         0  indicate_semi.o ABSOLUTE
    ../clib/angel/sysapp.c                   0x00000000   Number         0  sys_exit.o ABSOLUTE
    ../clib/angel/sysapp.c                   0x00000000   Number         0  sys_wrch.o ABSOLUTE
    ../clib/angel/sysapp.c                   0x00000000   Number         0  sys_command.o ABSOLUTE
    ../clib/armsys.c                         0x00000000   Number         0  argv_veneer.o ABSOLUTE
    ../clib/armsys.c                         0x00000000   Number         0  no_argv.o ABSOLUTE
    ../clib/armsys.c                         0x00000000   Number         0  _get_argv_nomalloc.o ABSOLUTE
    ../clib/division.c                       0x00000000   Number         0  rtudiv10.o ABSOLUTE
    ../clib/division.s                       0x00000000   Number         0  aeabi_sdiv.o ABSOLUTE
    ../clib/division.s                       0x00000000   Number         0  aeabi_sdiv_div0.o ABSOLUTE
    ../clib/heapalloc.c                      0x00000000   Number         0  hrguard.o ABSOLUTE
    ../clib/heapaux.c                        0x00000000   Number         0  heapauxi.o ABSOLUTE
    ../clib/libinit.s                        0x00000000   Number         0  libshutdown2.o ABSOLUTE
    ../clib/libinit.s                        0x00000000   Number         0  libshutdown.o ABSOLUTE
    ../clib/libinit.s                        0x00000000   Number         0  libinit.o ABSOLUTE
    ../clib/libinit.s                        0x00000000   Number         0  libinit2.o ABSOLUTE
    ../clib/printf.c                         0x00000000   Number         0  __printf_flags.o ABSOLUTE
    ../clib/printf.c                         0x00000000   Number         0  __printf_wp.o ABSOLUTE
    ../clib/printf.c                         0x00000000   Number         0  __printf_flags_wp.o ABSOLUTE
    ../clib/printf.c                         0x00000000   Number         0  __printf_ss_wp.o ABSOLUTE
    ../clib/printf.c                         0x00000000   Number         0  __printf_flags_ss_wp.o ABSOLUTE
    ../clib/printf.c                         0x00000000   Number         0  _sputc.o ABSOLUTE
    ../clib/printf.c                         0x00000000   Number         0  __2sprintf.o ABSOLUTE
    ../clib/printf.c                         0x00000000   Number         0  __printf_nopercent.o ABSOLUTE
    ../clib/printf.c                         0x00000000   Number         0  __printf.o ABSOLUTE
    ../clib/printf.c                         0x00000000   Number         0  __printf_flags_ss.o ABSOLUTE
    ../clib/printf.c                         0x00000000   Number         0  _printf_char_common.o ABSOLUTE
    ../clib/printf.c                         0x00000000   Number         0  _printf_intcommon.o ABSOLUTE
    ../clib/printf.c                         0x00000000   Number         0  __printf_ss.o ABSOLUTE
    ../clib/printf.c                         0x00000000   Number         0  noretval__2sprintf.o ABSOLUTE
    ../clib/printf.c                         0x00000000   Number         0  _printf_dec.o ABSOLUTE
    ../clib/printf_percent.s                 0x00000000   Number         0  _printf_d.o ABSOLUTE
    ../clib/printf_percent.s                 0x00000000   Number         0  _printf_percent.o ABSOLUTE
    ../clib/printf_percent.s                 0x00000000   Number         0  _printf_percent_end.o ABSOLUTE
    ../clib/signal.c                         0x00000000   Number         0  defsig_cppl_inner.o ABSOLUTE
    ../clib/signal.c                         0x00000000   Number         0  defsig_stak_inner.o ABSOLUTE
    ../clib/signal.c                         0x00000000   Number         0  defsig_rtmem_formal.o ABSOLUTE
    ../clib/signal.c                         0x00000000   Number         0  defsig_rtmem_outer.o ABSOLUTE
    ../clib/signal.c                         0x00000000   Number         0  defsig_rtmem_inner.o ABSOLUTE
    ../clib/signal.c                         0x00000000   Number         0  defsig_rtred_inner.o ABSOLUTE
    ../clib/signal.c                         0x00000000   Number         0  defsig_fpe_outer.o ABSOLUTE
    ../clib/signal.c                         0x00000000   Number         0  defsig_abrt_inner.o ABSOLUTE
    ../clib/signal.c                         0x00000000   Number         0  defsig_pvfn_inner.o ABSOLUTE
    ../clib/signal.c                         0x00000000   Number         0  defsig_fpe_formal.o ABSOLUTE
    ../clib/signal.c                         0x00000000   Number         0  defsig_general.o ABSOLUTE
    ../clib/signal.c                         0x00000000   Number         0  __raise.o ABSOLUTE
    ../clib/signal.c                         0x00000000   Number         0  defsig_fpe_inner.o ABSOLUTE
    ../clib/signal.c                         0x00000000   Number         0  defsig_exit.o ABSOLUTE
    ../clib/signal.c                         0x00000000   Number         0  defsig_other.o ABSOLUTE
    ../clib/signal.c                         0x00000000   Number         0  defsig_segv_inner.o ABSOLUTE
    ../clib/signal.s                         0x00000000   Number         0  defsig.o ABSOLUTE
    ../clib/stdlib.c                         0x00000000   Number         0  exit.o ABSOLUTE
    ../fplib/cfplib/cmpret.c                 0x00000000   Number         0  cmpret.o ABSOLUTE
    ../fplib/cfplib/d2f.c                    0x00000000   Number         0  d2f.o ABSOLUTE
    ../fplib/cfplib/ddiv.c                   0x00000000   Number         0  ddiv.o ABSOLUTE
    ../fplib/cfplib/fcmpin.c                 0x00000000   Number         0  fcmpin.o ABSOLUTE
    ../fplib/cfplib/fdiv.c                   0x00000000   Number         0  fdiv.o ABSOLUTE
    ../fplib/cfplib/ffix.c                   0x00000000   Number         0  ffixui.o ABSOLUTE
    ../fplib/cfplib/fflt.c                   0x00000000   Number         0  dflti.o ABSOLUTE
    ../fplib/cfplib/fflt.c                   0x00000000   Number         0  fflti.o ABSOLUTE
    ../fplib/cfplib/fpinit.c                 0x00000000   Number         0  fpinit.o ABSOLUTE
    ../fplib/cfplib/nan2.c                   0x00000000   Number         0  fnan2.o ABSOLUTE
    ../fplib/cfplib/retnan.c                 0x00000000   Number         0  retnan.o ABSOLUTE
    ../fplib/faddsub6m.s                     0x00000000   Number         0  faddsub.o ABSOLUTE
    ../fplib/fleqf6m.s                       0x00000000   Number         0  flef.o ABSOLUTE
    ../fplib/fmul6m.s                        0x00000000   Number         0  fmul.o ABSOLUTE
    ../fplib/usenofp.s                       0x00000000   Number         0  usenofp.o ABSOLUTE
    ..\Libraries\STM32F0xx_StdPeriph_Driver\src\stm32f0xx_adc.c 0x00000000   Number         0  stm32f0xx_adc.o ABSOLUTE
    ..\Libraries\STM32F0xx_StdPeriph_Driver\src\stm32f0xx_can.c 0x00000000   Number         0  stm32f0xx_can.o ABSOLUTE
    ..\Libraries\STM32F0xx_StdPeriph_Driver\src\stm32f0xx_cec.c 0x00000000   Number         0  stm32f0xx_cec.o ABSOLUTE
    ..\Libraries\STM32F0xx_StdPeriph_Driver\src\stm32f0xx_comp.c 0x00000000   Number         0  stm32f0xx_comp.o ABSOLUTE
    ..\Libraries\STM32F0xx_StdPeriph_Driver\src\stm32f0xx_crc.c 0x00000000   Number         0  stm32f0xx_crc.o ABSOLUTE
    ..\Libraries\STM32F0xx_StdPeriph_Driver\src\stm32f0xx_crs.c 0x00000000   Number         0  stm32f0xx_crs.o ABSOLUTE
    ..\Libraries\STM32F0xx_StdPeriph_Driver\src\stm32f0xx_dac.c 0x00000000   Number         0  stm32f0xx_dac.o ABSOLUTE
    ..\Libraries\STM32F0xx_StdPeriph_Driver\src\stm32f0xx_dbgmcu.c 0x00000000   Number         0  stm32f0xx_dbgmcu.o ABSOLUTE
    ..\Libraries\STM32F0xx_StdPeriph_Driver\src\stm32f0xx_dma.c 0x00000000   Number         0  stm32f0xx_dma.o ABSOLUTE
    ..\Libraries\STM32F0xx_StdPeriph_Driver\src\stm32f0xx_exti.c 0x00000000   Number         0  stm32f0xx_exti.o ABSOLUTE
    ..\Libraries\STM32F0xx_StdPeriph_Driver\src\stm32f0xx_flash.c 0x00000000   Number         0  stm32f0xx_flash.o ABSOLUTE
    ..\Libraries\STM32F0xx_StdPeriph_Driver\src\stm32f0xx_gpio.c 0x00000000   Number         0  stm32f0xx_gpio.o ABSOLUTE
    ..\Libraries\STM32F0xx_StdPeriph_Driver\src\stm32f0xx_i2c.c 0x00000000   Number         0  stm32f0xx_i2c.o ABSOLUTE
    ..\Libraries\STM32F0xx_StdPeriph_Driver\src\stm32f0xx_iwdg.c 0x00000000   Number         0  stm32f0xx_iwdg.o ABSOLUTE
    ..\Libraries\STM32F0xx_StdPeriph_Driver\src\stm32f0xx_misc.c 0x00000000   Number         0  stm32f0xx_misc.o ABSOLUTE
    ..\Libraries\STM32F0xx_StdPeriph_Driver\src\stm32f0xx_pwr.c 0x00000000   Number         0  stm32f0xx_pwr.o ABSOLUTE
    ..\Libraries\STM32F0xx_StdPeriph_Driver\src\stm32f0xx_rcc.c 0x00000000   Number         0  stm32f0xx_rcc.o ABSOLUTE
    ..\Libraries\STM32F0xx_StdPeriph_Driver\src\stm32f0xx_rtc.c 0x00000000   Number         0  stm32f0xx_rtc.o ABSOLUTE
    ..\Libraries\STM32F0xx_StdPeriph_Driver\src\stm32f0xx_spi.c 0x00000000   Number         0  stm32f0xx_spi.o ABSOLUTE
    ..\Libraries\STM32F0xx_StdPeriph_Driver\src\stm32f0xx_syscfg.c 0x00000000   Number         0  stm32f0xx_syscfg.o ABSOLUTE
    ..\Libraries\STM32F0xx_StdPeriph_Driver\src\stm32f0xx_tim.c 0x00000000   Number         0  stm32f0xx_tim.o ABSOLUTE
    ..\Libraries\STM32F0xx_StdPeriph_Driver\src\stm32f0xx_usart.c 0x00000000   Number         0  stm32f0xx_usart.o ABSOLUTE
    ..\Libraries\STM32F0xx_StdPeriph_Driver\src\stm32f0xx_wwdg.c 0x00000000   Number         0  stm32f0xx_wwdg.o ABSOLUTE
    ..\USER\Delay.c                          0x00000000   Number         0  delay.o ABSOLUTE
    ..\USER\IWDG.c                           0x00000000   Number         0  iwdg.o ABSOLUTE
    ..\USER\adc_lib.c                        0x00000000   Number         0  adc_lib.o ABSOLUTE
    ..\USER\ct_lib.c                         0x00000000   Number         0  ct_lib.o ABSOLUTE
    ..\USER\main.c                           0x00000000   Number         0  main.o ABSOLUTE
    ..\USER\motor_lib.c                      0x00000000   Number         0  motor_lib.o ABSOLUTE
    ..\USER\spi_lib.c                        0x00000000   Number         0  spi_lib.o ABSOLUTE
    ..\USER\startup_stm32f030.s              0x00000000   Number         0  startup_stm32f030.o ABSOLUTE
    ..\USER\sys_lib.c                        0x00000000   Number         0  sys_lib.o ABSOLUTE
    ..\USER\system_stm32f0xx.c               0x00000000   Number         0  system_stm32f0xx.o ABSOLUTE
    ..\USER\uart.c                           0x00000000   Number         0  uart.o ABSOLUTE
    ..\\Libraries\\STM32F0xx_StdPeriph_Driver\\src\\stm32f0xx_adc.c 0x00000000   Number         0  stm32f0xx_adc.o ABSOLUTE
    ..\\Libraries\\STM32F0xx_StdPeriph_Driver\\src\\stm32f0xx_can.c 0x00000000   Number         0  stm32f0xx_can.o ABSOLUTE
    ..\\Libraries\\STM32F0xx_StdPeriph_Driver\\src\\stm32f0xx_cec.c 0x00000000   Number         0  stm32f0xx_cec.o ABSOLUTE
    ..\\Libraries\\STM32F0xx_StdPeriph_Driver\\src\\stm32f0xx_comp.c 0x00000000   Number         0  stm32f0xx_comp.o ABSOLUTE
    ..\\Libraries\\STM32F0xx_StdPeriph_Driver\\src\\stm32f0xx_crc.c 0x00000000   Number         0  stm32f0xx_crc.o ABSOLUTE
    ..\\Libraries\\STM32F0xx_StdPeriph_Driver\\src\\stm32f0xx_crs.c 0x00000000   Number         0  stm32f0xx_crs.o ABSOLUTE
    ..\\Libraries\\STM32F0xx_StdPeriph_Driver\\src\\stm32f0xx_dac.c 0x00000000   Number         0  stm32f0xx_dac.o ABSOLUTE
    ..\\Libraries\\STM32F0xx_StdPeriph_Driver\\src\\stm32f0xx_dbgmcu.c 0x00000000   Number         0  stm32f0xx_dbgmcu.o ABSOLUTE
    ..\\Libraries\\STM32F0xx_StdPeriph_Driver\\src\\stm32f0xx_dma.c 0x00000000   Number         0  stm32f0xx_dma.o ABSOLUTE
    ..\\Libraries\\STM32F0xx_StdPeriph_Driver\\src\\stm32f0xx_exti.c 0x00000000   Number         0  stm32f0xx_exti.o ABSOLUTE
    ..\\Libraries\\STM32F0xx_StdPeriph_Driver\\src\\stm32f0xx_flash.c 0x00000000   Number         0  stm32f0xx_flash.o ABSOLUTE
    ..\\Libraries\\STM32F0xx_StdPeriph_Driver\\src\\stm32f0xx_gpio.c 0x00000000   Number         0  stm32f0xx_gpio.o ABSOLUTE
    ..\\Libraries\\STM32F0xx_StdPeriph_Driver\\src\\stm32f0xx_i2c.c 0x00000000   Number         0  stm32f0xx_i2c.o ABSOLUTE
    ..\\Libraries\\STM32F0xx_StdPeriph_Driver\\src\\stm32f0xx_iwdg.c 0x00000000   Number         0  stm32f0xx_iwdg.o ABSOLUTE
    ..\\Libraries\\STM32F0xx_StdPeriph_Driver\\src\\stm32f0xx_misc.c 0x00000000   Number         0  stm32f0xx_misc.o ABSOLUTE
    ..\\Libraries\\STM32F0xx_StdPeriph_Driver\\src\\stm32f0xx_pwr.c 0x00000000   Number         0  stm32f0xx_pwr.o ABSOLUTE
    ..\\Libraries\\STM32F0xx_StdPeriph_Driver\\src\\stm32f0xx_rcc.c 0x00000000   Number         0  stm32f0xx_rcc.o ABSOLUTE
    ..\\Libraries\\STM32F0xx_StdPeriph_Driver\\src\\stm32f0xx_rtc.c 0x00000000   Number         0  stm32f0xx_rtc.o ABSOLUTE
    ..\\Libraries\\STM32F0xx_StdPeriph_Driver\\src\\stm32f0xx_spi.c 0x00000000   Number         0  stm32f0xx_spi.o ABSOLUTE
    ..\\Libraries\\STM32F0xx_StdPeriph_Driver\\src\\stm32f0xx_syscfg.c 0x00000000   Number         0  stm32f0xx_syscfg.o ABSOLUTE
    ..\\Libraries\\STM32F0xx_StdPeriph_Driver\\src\\stm32f0xx_tim.c 0x00000000   Number         0  stm32f0xx_tim.o ABSOLUTE
    ..\\Libraries\\STM32F0xx_StdPeriph_Driver\\src\\stm32f0xx_usart.c 0x00000000   Number         0  stm32f0xx_usart.o ABSOLUTE
    ..\\Libraries\\STM32F0xx_StdPeriph_Driver\\src\\stm32f0xx_wwdg.c 0x00000000   Number         0  stm32f0xx_wwdg.o ABSOLUTE
    ..\\USER\\Delay.c                        0x00000000   Number         0  delay.o ABSOLUTE
    ..\\USER\\IWDG.c                         0x00000000   Number         0  iwdg.o ABSOLUTE
    ..\\USER\\adc_lib.c                      0x00000000   Number         0  adc_lib.o ABSOLUTE
    ..\\USER\\ct_lib.c                       0x00000000   Number         0  ct_lib.o ABSOLUTE
    ..\\USER\\main.c                         0x00000000   Number         0  main.o ABSOLUTE
    ..\\USER\\motor_lib.c                    0x00000000   Number         0  motor_lib.o ABSOLUTE
    ..\\USER\\spi_lib.c                      0x00000000   Number         0  spi_lib.o ABSOLUTE
    ..\\USER\\sys_lib.c                      0x00000000   Number         0  sys_lib.o ABSOLUTE
    ..\\USER\\system_stm32f0xx.c             0x00000000   Number         0  system_stm32f0xx.o ABSOLUTE
    ..\\USER\\uart.c                         0x00000000   Number         0  uart.o ABSOLUTE
    dc.s                                     0x00000000   Number         0  dc.o ABSOLUTE
    RESET                                    0x08000000   Section      180  startup_stm32f030.o(RESET)
    !!!main                                  0x080000b4   Section        8  __main.o(!!!main)
    !!!scatter                               0x080000bc   Section       60  __scatter.o(!!!scatter)
    !!handler_copy                           0x080000f8   Section       26  __scatter_copy.o(!!handler_copy)
    !!handler_zi                             0x08000114   Section       28  __scatter_zi.o(!!handler_zi)
    .ARM.Collect$$_printf_percent$$00000000  0x08000130   Section        2  _printf_percent.o(.ARM.Collect$$_printf_percent$$00000000)
    .ARM.Collect$$_printf_percent$$00000009  0x08000132   Section       10  _printf_d.o(.ARM.Collect$$_printf_percent$$00000009)
    .ARM.Collect$$_printf_percent$$00000017  0x0800013c   Section        4  _printf_percent_end.o(.ARM.Collect$$_printf_percent$$00000017)
    .ARM.Collect$$libinit$$00000000          0x08000140   Section        2  libinit.o(.ARM.Collect$$libinit$$00000000)
    .ARM.Collect$$libinit$$00000002          0x08000142   Section        0  libinit2.o(.ARM.Collect$$libinit$$00000002)
    .ARM.Collect$$libinit$$00000004          0x08000142   Section        0  libinit2.o(.ARM.Collect$$libinit$$00000004)
    .ARM.Collect$$libinit$$0000000A          0x08000142   Section        0  libinit2.o(.ARM.Collect$$libinit$$0000000A)
    .ARM.Collect$$libinit$$0000000C          0x08000142   Section        0  libinit2.o(.ARM.Collect$$libinit$$0000000C)
    .ARM.Collect$$libinit$$0000000E          0x08000142   Section        0  libinit2.o(.ARM.Collect$$libinit$$0000000E)
    .ARM.Collect$$libinit$$00000011          0x08000142   Section        0  libinit2.o(.ARM.Collect$$libinit$$00000011)
    .ARM.Collect$$libinit$$00000013          0x08000142   Section        0  libinit2.o(.ARM.Collect$$libinit$$00000013)
    .ARM.Collect$$libinit$$00000015          0x08000142   Section        0  libinit2.o(.ARM.Collect$$libinit$$00000015)
    .ARM.Collect$$libinit$$00000017          0x08000142   Section        0  libinit2.o(.ARM.Collect$$libinit$$00000017)
    .ARM.Collect$$libinit$$00000019          0x08000142   Section        0  libinit2.o(.ARM.Collect$$libinit$$00000019)
    .ARM.Collect$$libinit$$0000001B          0x08000142   Section        0  libinit2.o(.ARM.Collect$$libinit$$0000001B)
    .ARM.Collect$$libinit$$0000001D          0x08000142   Section        0  libinit2.o(.ARM.Collect$$libinit$$0000001D)
    .ARM.Collect$$libinit$$0000001F          0x08000142   Section        0  libinit2.o(.ARM.Collect$$libinit$$0000001F)
    .ARM.Collect$$libinit$$00000021          0x08000142   Section        0  libinit2.o(.ARM.Collect$$libinit$$00000021)
    .ARM.Collect$$libinit$$00000023          0x08000142   Section        0  libinit2.o(.ARM.Collect$$libinit$$00000023)
    .ARM.Collect$$libinit$$00000025          0x08000142   Section        0  libinit2.o(.ARM.Collect$$libinit$$00000025)
    .ARM.Collect$$libinit$$0000002C          0x08000142   Section        0  libinit2.o(.ARM.Collect$$libinit$$0000002C)
    .ARM.Collect$$libinit$$0000002E          0x08000142   Section        0  libinit2.o(.ARM.Collect$$libinit$$0000002E)
    .ARM.Collect$$libinit$$00000030          0x08000142   Section        0  libinit2.o(.ARM.Collect$$libinit$$00000030)
    .ARM.Collect$$libinit$$00000032          0x08000142   Section        0  libinit2.o(.ARM.Collect$$libinit$$00000032)
    .ARM.Collect$$libinit$$00000033          0x08000142   Section        2  libinit2.o(.ARM.Collect$$libinit$$00000033)
    .ARM.Collect$$libshutdown$$00000000      0x08000144   Section        2  libshutdown.o(.ARM.Collect$$libshutdown$$00000000)
    .ARM.Collect$$libshutdown$$00000002      0x08000146   Section        0  libshutdown2.o(.ARM.Collect$$libshutdown$$00000002)
    .ARM.Collect$$libshutdown$$00000004      0x08000146   Section        0  libshutdown2.o(.ARM.Collect$$libshutdown$$00000004)
    .ARM.Collect$$libshutdown$$00000007      0x08000146   Section        0  libshutdown2.o(.ARM.Collect$$libshutdown$$00000007)
    .ARM.Collect$$libshutdown$$0000000A      0x08000146   Section        0  libshutdown2.o(.ARM.Collect$$libshutdown$$0000000A)
    .ARM.Collect$$libshutdown$$0000000C      0x08000146   Section        0  libshutdown2.o(.ARM.Collect$$libshutdown$$0000000C)
    .ARM.Collect$$libshutdown$$0000000F      0x08000146   Section        0  libshutdown2.o(.ARM.Collect$$libshutdown$$0000000F)
    .ARM.Collect$$libshutdown$$00000010      0x08000146   Section        2  libshutdown2.o(.ARM.Collect$$libshutdown$$00000010)
    .ARM.Collect$$rtentry$$00000000          0x08000148   Section        0  __rtentry.o(.ARM.Collect$$rtentry$$00000000)
    .ARM.Collect$$rtentry$$00000002          0x08000148   Section        0  __rtentry2.o(.ARM.Collect$$rtentry$$00000002)
    .ARM.Collect$$rtentry$$00000004          0x08000148   Section        6  __rtentry4.o(.ARM.Collect$$rtentry$$00000004)
    .ARM.Collect$$rtentry$$00000009          0x0800014e   Section        0  __rtentry2.o(.ARM.Collect$$rtentry$$00000009)
    .ARM.Collect$$rtentry$$0000000A          0x0800014e   Section        4  __rtentry2.o(.ARM.Collect$$rtentry$$0000000A)
    .ARM.Collect$$rtentry$$0000000C          0x08000152   Section        0  __rtentry2.o(.ARM.Collect$$rtentry$$0000000C)
    .ARM.Collect$$rtentry$$0000000D          0x08000152   Section        8  __rtentry2.o(.ARM.Collect$$rtentry$$0000000D)
    .ARM.Collect$$rtexit$$00000000           0x0800015a   Section        2  rtexit.o(.ARM.Collect$$rtexit$$00000000)
    .ARM.Collect$$rtexit$$00000002           0x0800015c   Section        0  rtexit2.o(.ARM.Collect$$rtexit$$00000002)
    .ARM.Collect$$rtexit$$00000003           0x0800015c   Section        4  rtexit2.o(.ARM.Collect$$rtexit$$00000003)
    .ARM.Collect$$rtexit$$00000004           0x08000160   Section        6  rtexit2.o(.ARM.Collect$$rtexit$$00000004)
    .text                                    0x08000168   Section      116  startup_stm32f030.o(.text)
    .text                                    0x080001dc   Section        0  noretval__2sprintf.o(.text)
    .text                                    0x08000204   Section        0  __printf.o(.text)
    .text                                    0x08000270   Section        0  _printf_dec.o(.text)
    .text                                    0x080002dc   Section      346  aeabi_sdiv.o(.text)
    .text                                    0x08000436   Section        0  heapauxi.o(.text)
    .text                                    0x0800043c   Section        0  d2f.o(.text)
    .text                                    0x080004b8   Section        0  ddiv.o(.text)
    .text                                    0x08000900   Section        0  dflti.o(.text)
    .text                                    0x08000958   Section        0  fdiv.o(.text)
    .text                                    0x08000ab8   Section        0  ffixui.o(.text)
    .text                                    0x08000ae8   Section        0  fflti.o(.text)
    .text                                    0x08000b46   Section        0  _printf_intcommon.o(.text)
    .text                                    0x08000bf8   Section        0  _printf_char_common.o(.text)
    _printf_input_char                       0x08000bf9   Thumb Code    10  _printf_char_common.o(.text)
    .text                                    0x08000c28   Section        0  _sputc.o(.text)
    .text                                    0x08000c32   Section        0  rtudiv10.o(.text)
    .text                                    0x08000c5c   Section        0  fcmpin.o(.text)
    .text                                    0x08000cc0   Section        0  cmpret.o(.text)
    .text                                    0x08000cf0   Section        0  fnan2.o(.text)
    .text                                    0x08000d00   Section       62  sys_stackheap_outer.o(.text)
    .text                                    0x08000d3e   Section        0  exit.o(.text)
    .text                                    0x08000d4e   Section        0  retnan.o(.text)
    .text                                    0x08000dac   Section        8  libspace.o(.text)
    .text                                    0x08000db4   Section        0  sys_exit.o(.text)
    .text                                    0x08000dc0   Section        2  use_no_semi.o(.text)
    .text                                    0x08000dc2   Section        0  indicate_semi.o(.text)
    i.ADC1_IRQHandler                        0x08000dc4   Section        0  adc_lib.o(i.ADC1_IRQHandler)
    i.ADC_ClearITPendingBit                  0x08000e1c   Section        0  stm32f0xx_adc.o(i.ADC_ClearITPendingBit)
    i.ADC_Cmd                                0x08000e20   Section        0  stm32f0xx_adc.o(i.ADC_Cmd)
    i.ADC_GetCalibrationFactor               0x08000e38   Section        0  stm32f0xx_adc.o(i.ADC_GetCalibrationFactor)
    i.ADC_GetConversionValue                 0x08000e74   Section        0  stm32f0xx_adc.o(i.ADC_GetConversionValue)
    i.ADC_GetFlagStatus                      0x08000e7c   Section        0  stm32f0xx_adc.o(i.ADC_GetFlagStatus)
    i.ADC_GetITStatus                        0x08000eac   Section        0  stm32f0xx_adc.o(i.ADC_GetITStatus)
    i.ADC_ITConfig                           0x08000ece   Section        0  stm32f0xx_adc.o(i.ADC_ITConfig)
    i.ADC_Init                               0x08000ee4   Section        0  stm32f0xx_adc.o(i.ADC_Init)
    i.ADC_Init_All                           0x08000f10   Section        0  adc_lib.o(i.ADC_Init_All)
    i.ADC_Read_All                           0x08000fb0   Section        0  adc_lib.o(i.ADC_Read_All)
    i.ADC_StartOfConversion                  0x08000fdc   Section        0  stm32f0xx_adc.o(i.ADC_StartOfConversion)
    i.CT_Init                                0x08000fe8   Section        0  ct_lib.o(i.CT_Init)
    i.CT_Motor_1                             0x0800107c   Section        0  motor_lib.o(i.CT_Motor_1)
    i.CT_Motor_PWM1                          0x080010e4   Section        0  motor_lib.o(i.CT_Motor_PWM1)
    CT_Motor_PWM1                            0x080010e5   Thumb Code    28  motor_lib.o(i.CT_Motor_PWM1)
    i.CT_ReadAllButton                       0x08001104   Section        0  ct_lib.o(i.CT_ReadAllButton)
    i.GPIO_Init                              0x08001134   Section        0  stm32f0xx_gpio.o(i.GPIO_Init)
    i.GPIO_PinAFConfig                       0x080011c4   Section        0  stm32f0xx_gpio.o(i.GPIO_PinAFConfig)
    i.GPIO_ReadInputDataBit                  0x08001208   Section        0  stm32f0xx_gpio.o(i.GPIO_ReadInputDataBit)
    i.GPIO_WriteBit                          0x0800121c   Section        0  stm32f0xx_gpio.o(i.GPIO_WriteBit)
    i.IWD_Clear_Time_Out                     0x08001228   Section        0  iwdg.o(i.IWD_Clear_Time_Out)
    i.IWD_Init                               0x08001238   Section        0  iwdg.o(i.IWD_Init)
    i.RCC_AHBPeriphClockCmd                  0x08001378   Section        0  stm32f0xx_rcc.o(i.RCC_AHBPeriphClockCmd)
    i.RCC_APB1PeriphClockCmd                 0x08001398   Section        0  stm32f0xx_rcc.o(i.RCC_APB1PeriphClockCmd)
    i.RCC_APB2PeriphClockCmd                 0x080013b8   Section        0  stm32f0xx_rcc.o(i.RCC_APB2PeriphClockCmd)
    i.RCC_GetClocksFreq                      0x080013d8   Section        0  stm32f0xx_rcc.o(i.RCC_GetClocksFreq)
    i.SYS_Init_ALL                           0x080015c8   Section        0  sys_lib.o(i.SYS_Init_ALL)
    i.SYS_Run                                0x0800163c   Section        0  sys_lib.o(i.SYS_Run)
    i.SYS_TIM3_Init                          0x080016c8   Section        0  sys_lib.o(i.SYS_TIM3_Init)
    SYS_TIM3_Init                            0x080016c9   Thumb Code    66  sys_lib.o(i.SYS_TIM3_Init)
    i.Send_String                            0x08001718   Section        0  uart.o(i.Send_String)
    i.Send_char                              0x08001730   Section        0  uart.o(i.Send_char)
    i.SetSysClock                            0x08001750   Section        0  system_stm32f0xx.o(i.SetSysClock)
    SetSysClock                              0x08001751   Thumb Code   206  system_stm32f0xx.o(i.SetSysClock)
    i.SysTick_Handler                        0x08001828   Section        0  delay.o(i.SysTick_Handler)
    i.SystemCoreClockUpdate                  0x08001840   Section        0  system_stm32f0xx.o(i.SystemCoreClockUpdate)
    i.SystemInit                             0x080018f0   Section        0  system_stm32f0xx.o(i.SystemInit)
    i.TIM3_IRQHandler                        0x0800196c   Section        0  sys_lib.o(i.TIM3_IRQHandler)
    i.TIM_ClearITPendingBit                  0x080019d0   Section        0  stm32f0xx_tim.o(i.TIM_ClearITPendingBit)
    i.TIM_Cmd                                0x080019d8   Section        0  stm32f0xx_tim.o(i.TIM_Cmd)
    i.TIM_GetITStatus                        0x080019f4   Section        0  stm32f0xx_tim.o(i.TIM_GetITStatus)
    i.TIM_ITConfig                           0x08001a1a   Section        0  stm32f0xx_tim.o(i.TIM_ITConfig)
    i.TIM_TimeBaseInit                       0x08001a30   Section        0  stm32f0xx_tim.o(i.TIM_TimeBaseInit)
    i.UART_Init                              0x08001aac   Section        0  uart.o(i.UART_Init)
    i.USART1_IRQHandler                      0x08001b44   Section        0  uart.o(i.USART1_IRQHandler)
    i.USART_ClearITPendingBit                0x08001bb4   Section        0  stm32f0xx_usart.o(i.USART_ClearITPendingBit)
    i.USART_Cmd                              0x08001bc6   Section        0  stm32f0xx_usart.o(i.USART_Cmd)
    i.USART_GetFlagStatus                    0x08001bde   Section        0  stm32f0xx_usart.o(i.USART_GetFlagStatus)
    i.USART_GetITStatus                      0x08001bf2   Section        0  stm32f0xx_usart.o(i.USART_GetITStatus)
    i.USART_ITConfig                         0x08001c40   Section        0  stm32f0xx_usart.o(i.USART_ITConfig)
    i.USART_Init                             0x08001c84   Section        0  stm32f0xx_usart.o(i.USART_Init)
    i.USART_ReceiveData                      0x08001d6c   Section        0  stm32f0xx_usart.o(i.USART_ReceiveData)
    i.USART_SendData                         0x08001d76   Section        0  stm32f0xx_usart.o(i.USART_SendData)
    i.ct_buttonread                          0x08001d80   Section        0  ct_lib.o(i.ct_buttonread)
    ct_buttonread                            0x08001d81   Thumb Code    50  ct_lib.o(i.ct_buttonread)
    i.main                                   0x08001db8   Section        0  main.o(i.main)
    i.map                                    0x08001dcc   Section        0  motor_lib.o(i.map)
    map                                      0x08001dcd   Thumb Code    32  motor_lib.o(i.map)
    i.map                                    0x08001dec   Section        0  sys_lib.o(i.map)
    i.read_adc_all                           0x08001e0c   Section        0  adc_lib.o(i.read_adc_all)
    read_adc_all                             0x08001e0d   Thumb Code   106  adc_lib.o(i.read_adc_all)
    i.sys_assign_adc                         0x08001e8c   Section        0  sys_lib.o(i.sys_assign_adc)
    sys_assign_adc                           0x08001e8d   Thumb Code   424  sys_lib.o(i.sys_assign_adc)
    i.sys_control_motor                      0x08002050   Section        0  sys_lib.o(i.sys_control_motor)
    sys_control_motor                        0x08002051   Thumb Code   172  sys_lib.o(i.sys_control_motor)
    i.sys_status_reset                       0x08002100   Section        0  sys_lib.o(i.sys_status_reset)
    sys_status_reset                         0x08002101   Thumb Code     8  sys_lib.o(i.sys_status_reset)
    x$fpl$fadd                               0x0800210c   Section      140  faddsub.o(x$fpl$fadd)
    _fadd1                                   0x08002119   Thumb Code     0  faddsub.o(x$fpl$fadd)
    x$fpl$fleqf                              0x08002198   Section       84  flef.o(x$fpl$fleqf)
    x$fpl$fmul                               0x080021ec   Section      176  fmul.o(x$fpl$fmul)
    x$fpl$fsub                               0x0800229c   Section      208  faddsub.o(x$fpl$fsub)
    _fsub1                                   0x080022a9   Thumb Code     0  faddsub.o(x$fpl$fsub)
    .constdata                               0x0800236c   Section      128  ddiv.o(.constdata)
    x$fpl$usenofp                            0x0800236c   Section        0  usenofp.o(x$fpl$usenofp)
    ddiv_reciptbl                            0x0800236c   Data         128  ddiv.o(.constdata)
    .constdata                               0x080023ec   Section       64  fdiv.o(.constdata)
    fdiv_tab                                 0x080023ec   Data          64  fdiv.o(.constdata)
    .data                                    0x20000000   Section        6  delay.o(.data)
    fac_us                                   0x20000003   Data           1  delay.o(.data)
    fac_ms                                   0x20000004   Data           2  delay.o(.data)
    .data                                    0x20000008   Section        9  uart.o(.data)
    .data                                    0x20000012   Section        8  ct_lib.o(.data)
    .data                                    0x2000001c   Section       52  sys_lib.o(.data)
    VOUT_AVG                                 0x2000001e   Data           2  sys_lib.o(.data)
    Table_Correction_volt_in                 0x20000020   Data          24  sys_lib.o(.data)
    Table_Correction_volt_out                0x20000038   Data          24  sys_lib.o(.data)
    .data                                    0x20000050   Section       40  adc_lib.o(.data)
    Arr_Channel                              0x2000005c   Data          24  adc_lib.o(.data)
    channel_read_all                         0x20000074   Data           1  adc_lib.o(.data)
    .data                                    0x20000078   Section       16  stm32f0xx_rcc.o(.data)
    APBAHBPrescTable                         0x20000078   Data          16  stm32f0xx_rcc.o(.data)
    .data                                    0x20000088   Section       20  system_stm32f0xx.o(.data)
    .bss                                     0x2000009c   Section       90  uart.o(.bss)
    .bss                                     0x200000f8   Section       52  sys_lib.o(.bss)
    Time_tick                                0x200000f8   Data          10  sys_lib.o(.bss)
    Adc_Arr_Convert                          0x20000102   Data          12  sys_lib.o(.bss)
    sys_var                                  0x20000110   Data          28  sys_lib.o(.bss)
    .bss                                     0x2000012c   Section      192  adc_lib.o(.bss)
    .bss                                     0x200001ec   Section       96  libspace.o(.bss)
    HEAP                                     0x20000250   Section      512  startup_stm32f030.o(HEAP)
    Heap_Mem                                 0x20000250   Data         512  startup_stm32f030.o(HEAP)
    STACK                                    0x20000450   Section     1024  startup_stm32f030.o(STACK)
    Stack_Mem                                0x20000450   Data        1024  startup_stm32f030.o(STACK)
    __initial_sp                             0x20000850   Data           0  startup_stm32f030.o(STACK)

    Global Symbols

    Symbol Name                              Value     Ov Type        Size  Object(Section)

    BuildAttributes$$THM_ISAv3M$S$PE$A:L22$X:L11$S22$IEEE1$IW$USESV6$~STKCKD$USESV7$~SHL$OSPACE$ROPI$EBA8$UX$STANDARDLIB$REQ8$PRES8$EABIv2 0x00000000   Number         0  anon$$obj.o ABSOLUTE
    __ARM_use_no_argv                        0x00000000   Number         0  main.o ABSOLUTE
    __ARM_exceptions_init                     - Undefined Weak Reference
    __alloca_initialize                       - Undefined Weak Reference
    __arm_preinit_                            - Undefined Weak Reference
    __cpp_initialize__aeabi_                  - Undefined Weak Reference
    __cxa_finalize                            - Undefined Weak Reference
    __rt_locale                               - Undefined Weak Reference
    __sigvec_lookup                           - Undefined Weak Reference
    _atexit_init                              - Undefined Weak Reference
    _call_atexit_fns                          - Undefined Weak Reference
    _clock_init                               - Undefined Weak Reference
    _fp_trap_init                             - Undefined Weak Reference
    _fp_trap_shutdown                         - Undefined Weak Reference
    _get_lc_collate                           - Undefined Weak Reference
    _get_lc_ctype                             - Undefined Weak Reference
    _get_lc_monetary                          - Undefined Weak Reference
    _get_lc_numeric                           - Undefined Weak Reference
    _get_lc_time                              - Undefined Weak Reference
    _getenv_init                              - Undefined Weak Reference
    _handle_redirection                       - Undefined Weak Reference
    _init_alloc                               - Undefined Weak Reference
    _init_user_alloc                          - Undefined Weak Reference
    _initio                                   - Undefined Weak Reference
    _printf_post_padding                      - Undefined Weak Reference
    _printf_pre_padding                       - Undefined Weak Reference
    _printf_truncate_signed                   - Undefined Weak Reference
    _printf_truncate_unsigned                 - Undefined Weak Reference
    _rand_init                                - Undefined Weak Reference
    _signal_finish                            - Undefined Weak Reference
    _signal_init                              - Undefined Weak Reference
    _terminate_alloc                          - Undefined Weak Reference
    _terminate_user_alloc                     - Undefined Weak Reference
    _terminateio                              - Undefined Weak Reference
    __Vectors_Size                           0x000000b4   Number         0  startup_stm32f030.o ABSOLUTE
    __Vectors                                0x08000000   Data           4  startup_stm32f030.o(RESET)
    __Vectors_End                            0x080000b4   Data           0  startup_stm32f030.o(RESET)
    __main                                   0x080000b5   Thumb Code     8  __main.o(!!!main)
    __scatterload                            0x080000bd   Thumb Code     0  __scatter.o(!!!scatter)
    __scatterload_rt2                        0x080000bd   Thumb Code    52  __scatter.o(!!!scatter)
    __scatterload_rt2_thumb_only             0x080000bd   Thumb Code     0  __scatter.o(!!!scatter)
    __scatterload_null                       0x080000cd   Thumb Code     0  __scatter.o(!!!scatter)
    __scatterload_copy                       0x080000f9   Thumb Code    26  __scatter_copy.o(!!handler_copy)
    __scatterload_zeroinit                   0x08000115   Thumb Code    28  __scatter_zi.o(!!handler_zi)
    _printf_percent                          0x08000131   Thumb Code     0  _printf_percent.o(.ARM.Collect$$_printf_percent$$00000000)
    _printf_d                                0x08000133   Thumb Code     0  _printf_d.o(.ARM.Collect$$_printf_percent$$00000009)
    _printf_percent_end                      0x0800013d   Thumb Code     0  _printf_percent_end.o(.ARM.Collect$$_printf_percent$$00000017)
    __rt_lib_init                            0x08000141   Thumb Code     0  libinit.o(.ARM.Collect$$libinit$$00000000)
    __rt_lib_init_alloca_1                   0x08000143   Thumb Code     0  libinit2.o(.ARM.Collect$$libinit$$0000002E)
    __rt_lib_init_argv_1                     0x08000143   Thumb Code     0  libinit2.o(.ARM.Collect$$libinit$$0000002C)
    __rt_lib_init_atexit_1                   0x08000143   Thumb Code     0  libinit2.o(.ARM.Collect$$libinit$$0000001B)
    __rt_lib_init_clock_1                    0x08000143   Thumb Code     0  libinit2.o(.ARM.Collect$$libinit$$00000021)
    __rt_lib_init_cpp_1                      0x08000143   Thumb Code     0  libinit2.o(.ARM.Collect$$libinit$$00000032)
    __rt_lib_init_exceptions_1               0x08000143   Thumb Code     0  libinit2.o(.ARM.Collect$$libinit$$00000030)
    __rt_lib_init_fp_1                       0x08000143   Thumb Code     0  libinit2.o(.ARM.Collect$$libinit$$00000002)
    __rt_lib_init_fp_trap_1                  0x08000143   Thumb Code     0  libinit2.o(.ARM.Collect$$libinit$$0000001F)
    __rt_lib_init_getenv_1                   0x08000143   Thumb Code     0  libinit2.o(.ARM.Collect$$libinit$$00000023)
    __rt_lib_init_heap_1                     0x08000143   Thumb Code     0  libinit2.o(.ARM.Collect$$libinit$$0000000A)
    __rt_lib_init_lc_collate_1               0x08000143   Thumb Code     0  libinit2.o(.ARM.Collect$$libinit$$00000011)
    __rt_lib_init_lc_ctype_1                 0x08000143   Thumb Code     0  libinit2.o(.ARM.Collect$$libinit$$00000013)
    __rt_lib_init_lc_monetary_1              0x08000143   Thumb Code     0  libinit2.o(.ARM.Collect$$libinit$$00000015)
    __rt_lib_init_lc_numeric_1               0x08000143   Thumb Code     0  libinit2.o(.ARM.Collect$$libinit$$00000017)
    __rt_lib_init_lc_time_1                  0x08000143   Thumb Code     0  libinit2.o(.ARM.Collect$$libinit$$00000019)
    __rt_lib_init_preinit_1                  0x08000143   Thumb Code     0  libinit2.o(.ARM.Collect$$libinit$$00000004)
    __rt_lib_init_rand_1                     0x08000143   Thumb Code     0  libinit2.o(.ARM.Collect$$libinit$$0000000E)
    __rt_lib_init_return                     0x08000143   Thumb Code     0  libinit2.o(.ARM.Collect$$libinit$$00000033)
    __rt_lib_init_signal_1                   0x08000143   Thumb Code     0  libinit2.o(.ARM.Collect$$libinit$$0000001D)
    __rt_lib_init_stdio_1                    0x08000143   Thumb Code     0  libinit2.o(.ARM.Collect$$libinit$$00000025)
    __rt_lib_init_user_alloc_1               0x08000143   Thumb Code     0  libinit2.o(.ARM.Collect$$libinit$$0000000C)
    __rt_lib_shutdown                        0x08000145   Thumb Code     0  libshutdown.o(.ARM.Collect$$libshutdown$$00000000)
    __rt_lib_shutdown_cpp_1                  0x08000147   Thumb Code     0  libshutdown2.o(.ARM.Collect$$libshutdown$$00000002)
    __rt_lib_shutdown_fp_trap_1              0x08000147   Thumb Code     0  libshutdown2.o(.ARM.Collect$$libshutdown$$00000007)
    __rt_lib_shutdown_heap_1                 0x08000147   Thumb Code     0  libshutdown2.o(.ARM.Collect$$libshutdown$$0000000F)
    __rt_lib_shutdown_return                 0x08000147   Thumb Code     0  libshutdown2.o(.ARM.Collect$$libshutdown$$00000010)
    __rt_lib_shutdown_signal_1               0x08000147   Thumb Code     0  libshutdown2.o(.ARM.Collect$$libshutdown$$0000000A)
    __rt_lib_shutdown_stdio_1                0x08000147   Thumb Code     0  libshutdown2.o(.ARM.Collect$$libshutdown$$00000004)
    __rt_lib_shutdown_user_alloc_1           0x08000147   Thumb Code     0  libshutdown2.o(.ARM.Collect$$libshutdown$$0000000C)
    __rt_entry                               0x08000149   Thumb Code     0  __rtentry.o(.ARM.Collect$$rtentry$$00000000)
    __rt_entry_presh_1                       0x08000149   Thumb Code     0  __rtentry2.o(.ARM.Collect$$rtentry$$00000002)
    __rt_entry_sh                            0x08000149   Thumb Code     0  __rtentry4.o(.ARM.Collect$$rtentry$$00000004)
    __rt_entry_li                            0x0800014f   Thumb Code     0  __rtentry2.o(.ARM.Collect$$rtentry$$0000000A)
    __rt_entry_postsh_1                      0x0800014f   Thumb Code     0  __rtentry2.o(.ARM.Collect$$rtentry$$00000009)
    __rt_entry_main                          0x08000153   Thumb Code     0  __rtentry2.o(.ARM.Collect$$rtentry$$0000000D)
    __rt_entry_postli_1                      0x08000153   Thumb Code     0  __rtentry2.o(.ARM.Collect$$rtentry$$0000000C)
    __rt_exit                                0x0800015b   Thumb Code     0  rtexit.o(.ARM.Collect$$rtexit$$00000000)
    __rt_exit_ls                             0x0800015d   Thumb Code     0  rtexit2.o(.ARM.Collect$$rtexit$$00000003)
    __rt_exit_prels_1                        0x0800015d   Thumb Code     0  rtexit2.o(.ARM.Collect$$rtexit$$00000002)
    __rt_exit_exit                           0x08000161   Thumb Code     0  rtexit2.o(.ARM.Collect$$rtexit$$00000004)
    Reset_Handler                            0x08000169   Thumb Code    38  startup_stm32f030.o(.text)
    NMI_Handler                              0x0800018f   Thumb Code     2  startup_stm32f030.o(.text)
    HardFault_Handler                        0x08000191   Thumb Code     2  startup_stm32f030.o(.text)
    SVC_Handler                              0x08000193   Thumb Code     2  startup_stm32f030.o(.text)
    PendSV_Handler                           0x08000195   Thumb Code     2  startup_stm32f030.o(.text)
    DMA1_Channel1_IRQHandler                 0x08000199   Thumb Code     0  startup_stm32f030.o(.text)
    DMA1_Channel2_3_IRQHandler               0x08000199   Thumb Code     0  startup_stm32f030.o(.text)
    DMA1_Channel4_5_IRQHandler               0x08000199   Thumb Code     0  startup_stm32f030.o(.text)
    EXTI0_1_IRQHandler                       0x08000199   Thumb Code     0  startup_stm32f030.o(.text)
    EXTI2_3_IRQHandler                       0x08000199   Thumb Code     0  startup_stm32f030.o(.text)
    EXTI4_15_IRQHandler                      0x08000199   Thumb Code     0  startup_stm32f030.o(.text)
    FLASH_IRQHandler                         0x08000199   Thumb Code     0  startup_stm32f030.o(.text)
    I2C1_IRQHandler                          0x08000199   Thumb Code     0  startup_stm32f030.o(.text)
    I2C2_IRQHandler                          0x08000199   Thumb Code     0  startup_stm32f030.o(.text)
    RCC_IRQHandler                           0x08000199   Thumb Code     0  startup_stm32f030.o(.text)
    RTC_IRQHandler                           0x08000199   Thumb Code     0  startup_stm32f030.o(.text)
    SPI1_IRQHandler                          0x08000199   Thumb Code     0  startup_stm32f030.o(.text)
    SPI2_IRQHandler                          0x08000199   Thumb Code     0  startup_stm32f030.o(.text)
    TIM14_IRQHandler                         0x08000199   Thumb Code     0  startup_stm32f030.o(.text)
    TIM15_IRQHandler                         0x08000199   Thumb Code     0  startup_stm32f030.o(.text)
    TIM16_IRQHandler                         0x08000199   Thumb Code     0  startup_stm32f030.o(.text)
    TIM17_IRQHandler                         0x08000199   Thumb Code     0  startup_stm32f030.o(.text)
    TIM1_BRK_UP_TRG_COM_IRQHandler           0x08000199   Thumb Code     0  startup_stm32f030.o(.text)
    TIM1_CC_IRQHandler                       0x08000199   Thumb Code     0  startup_stm32f030.o(.text)
    USART2_IRQHandler                        0x08000199   Thumb Code     0  startup_stm32f030.o(.text)
    WWDG_IRQHandler                          0x08000199   Thumb Code     0  startup_stm32f030.o(.text)
    __user_initial_stackheap                 0x0800019d   Thumb Code     0  startup_stm32f030.o(.text)
    __2sprintf                               0x080001dd   Thumb Code    36  noretval__2sprintf.o(.text)
    __printf                                 0x08000205   Thumb Code   108  __printf.o(.text)
    _printf_int_dec                          0x08000271   Thumb Code    90  _printf_dec.o(.text)
    __aeabi_uidiv                            0x080002dd   Thumb Code     0  aeabi_sdiv.o(.text)
    __aeabi_uidivmod                         0x080002dd   Thumb Code    20  aeabi_sdiv.o(.text)
    __aeabi_idiv                             0x080002f1   Thumb Code     0  aeabi_sdiv.o(.text)
    __aeabi_idivmod                          0x080002f1   Thumb Code   326  aeabi_sdiv.o(.text)
    __use_two_region_memory                  0x08000437   Thumb Code     2  heapauxi.o(.text)
    __rt_heap_escrow$2region                 0x08000439   Thumb Code     2  heapauxi.o(.text)
    __rt_heap_expand$2region                 0x0800043b   Thumb Code     2  heapauxi.o(.text)
    __aeabi_d2f                              0x0800043d   Thumb Code     0  d2f.o(.text)
    _d2f                                     0x0800043d   Thumb Code   120  d2f.o(.text)
    __aeabi_ddiv                             0x080004b9   Thumb Code     0  ddiv.o(.text)
    _ddiv                                    0x080004b9   Thumb Code  1072  ddiv.o(.text)
    _drdiv                                   0x080008e9   Thumb Code    20  ddiv.o(.text)
    __aeabi_i2d_normalise                    0x08000901   Thumb Code    66  dflti.o(.text)
    __aeabi_i2d                              0x08000943   Thumb Code    16  dflti.o(.text)
    _dflt                                    0x08000943   Thumb Code     0  dflti.o(.text)
    __aeabi_ui2d                             0x08000953   Thumb Code     6  dflti.o(.text)
    _dfltu                                   0x08000953   Thumb Code     0  dflti.o(.text)
    __aeabi_fdiv                             0x08000959   Thumb Code     0  fdiv.o(.text)
    _fdiv                                    0x08000959   Thumb Code   334  fdiv.o(.text)
    _frdiv                                   0x08000aa7   Thumb Code     8  fdiv.o(.text)
    __aeabi_f2uiz                            0x08000ab9   Thumb Code     0  ffixui.o(.text)
    _ffixu                                   0x08000ab9   Thumb Code    48  ffixui.o(.text)
    __aeabi_i2f_normalise                    0x08000ae9   Thumb Code    72  fflti.o(.text)
    __aeabi_i2f                              0x08000b31   Thumb Code    16  fflti.o(.text)
    _fflt                                    0x08000b31   Thumb Code     0  fflti.o(.text)
    __aeabi_ui2f                             0x08000b41   Thumb Code     6  fflti.o(.text)
    _ffltu                                   0x08000b41   Thumb Code     0  fflti.o(.text)
    _printf_int_common                       0x08000b47   Thumb Code   176  _printf_intcommon.o(.text)
    _printf_char_common                      0x08000c03   Thumb Code    32  _printf_char_common.o(.text)
    _sputc                                   0x08000c29   Thumb Code    10  _sputc.o(.text)
    __rt_udiv10                              0x08000c33   Thumb Code    40  rtudiv10.o(.text)
    __fpl_fcmp_InfNaN                        0x08000c5d   Thumb Code    96  fcmpin.o(.text)
    __fpl_cmpreturn                          0x08000cc1   Thumb Code    46  cmpret.o(.text)
    __fpl_fcheck_NaN2                        0x08000cf1   Thumb Code    10  fnan2.o(.text)
    __user_setup_stackheap                   0x08000d01   Thumb Code    62  sys_stackheap_outer.o(.text)
    exit                                     0x08000d3f   Thumb Code    16  exit.o(.text)
    __fpl_return_NaN                         0x08000d4f   Thumb Code    94  retnan.o(.text)
    __user_libspace                          0x08000dad   Thumb Code     8  libspace.o(.text)
    __user_perproc_libspace                  0x08000dad   Thumb Code     0  libspace.o(.text)
    __user_perthread_libspace                0x08000dad   Thumb Code     0  libspace.o(.text)
    _sys_exit                                0x08000db5   Thumb Code     8  sys_exit.o(.text)
    __I$use$semihosting                      0x08000dc1   Thumb Code     0  use_no_semi.o(.text)
    __use_no_semihosting_swi                 0x08000dc1   Thumb Code     2  use_no_semi.o(.text)
    __semihosting_library_function           0x08000dc3   Thumb Code     0  indicate_semi.o(.text)
    ADC1_IRQHandler                          0x08000dc5   Thumb Code    76  adc_lib.o(i.ADC1_IRQHandler)
    ADC_ClearITPendingBit                    0x08000e1d   Thumb Code     4  stm32f0xx_adc.o(i.ADC_ClearITPendingBit)
    ADC_Cmd                                  0x08000e21   Thumb Code    24  stm32f0xx_adc.o(i.ADC_Cmd)
    ADC_GetCalibrationFactor                 0x08000e39   Thumb Code    60  stm32f0xx_adc.o(i.ADC_GetCalibrationFactor)
    ADC_GetConversionValue                   0x08000e75   Thumb Code     8  stm32f0xx_adc.o(i.ADC_GetConversionValue)
    ADC_GetFlagStatus                        0x08000e7d   Thumb Code    48  stm32f0xx_adc.o(i.ADC_GetFlagStatus)
    ADC_GetITStatus                          0x08000ead   Thumb Code    34  stm32f0xx_adc.o(i.ADC_GetITStatus)
    ADC_ITConfig                             0x08000ecf   Thumb Code    20  stm32f0xx_adc.o(i.ADC_ITConfig)
    ADC_Init                                 0x08000ee5   Thumb Code    40  stm32f0xx_adc.o(i.ADC_Init)
    ADC_Init_All                             0x08000f11   Thumb Code   148  adc_lib.o(i.ADC_Init_All)
    ADC_Read_All                             0x08000fb1   Thumb Code    30  adc_lib.o(i.ADC_Read_All)
    ADC_StartOfConversion                    0x08000fdd   Thumb Code    10  stm32f0xx_adc.o(i.ADC_StartOfConversion)
    CT_Init                                  0x08000fe9   Thumb Code   142  ct_lib.o(i.CT_Init)
    CT_Motor_1                               0x0800107d   Thumb Code   104  motor_lib.o(i.CT_Motor_1)
    CT_ReadAllButton                         0x08001105   Thumb Code    36  ct_lib.o(i.CT_ReadAllButton)
    GPIO_Init                                0x08001135   Thumb Code   144  stm32f0xx_gpio.o(i.GPIO_Init)
    GPIO_PinAFConfig                         0x080011c5   Thumb Code    68  stm32f0xx_gpio.o(i.GPIO_PinAFConfig)
    GPIO_ReadInputDataBit                    0x08001209   Thumb Code    20  stm32f0xx_gpio.o(i.GPIO_ReadInputDataBit)
    GPIO_WriteBit                            0x0800121d   Thumb Code    12  stm32f0xx_gpio.o(i.GPIO_WriteBit)
    IWD_Clear_Time_Out                       0x08001229   Thumb Code     8  iwdg.o(i.IWD_Clear_Time_Out)
    IWD_Init                                 0x08001239   Thumb Code   296  iwdg.o(i.IWD_Init)
    RCC_AHBPeriphClockCmd                    0x08001379   Thumb Code    28  stm32f0xx_rcc.o(i.RCC_AHBPeriphClockCmd)
    RCC_APB1PeriphClockCmd                   0x08001399   Thumb Code    28  stm32f0xx_rcc.o(i.RCC_APB1PeriphClockCmd)
    RCC_APB2PeriphClockCmd                   0x080013b9   Thumb Code    28  stm32f0xx_rcc.o(i.RCC_APB2PeriphClockCmd)
    RCC_GetClocksFreq                        0x080013d9   Thumb Code   468  stm32f0xx_rcc.o(i.RCC_GetClocksFreq)
    SYS_Init_ALL                             0x080015c9   Thumb Code    94  sys_lib.o(i.SYS_Init_ALL)
    SYS_Run                                  0x0800163d   Thumb Code    76  sys_lib.o(i.SYS_Run)
    Send_String                              0x08001719   Thumb Code    22  uart.o(i.Send_String)
    Send_char                                0x08001731   Thumb Code    28  uart.o(i.Send_char)
    SysTick_Handler                          0x08001829   Thumb Code    20  delay.o(i.SysTick_Handler)
    SystemCoreClockUpdate                    0x08001841   Thumb Code   154  system_stm32f0xx.o(i.SystemCoreClockUpdate)
    SystemInit                               0x080018f1   Thumb Code   110  system_stm32f0xx.o(i.SystemInit)
    TIM3_IRQHandler                          0x0800196d   Thumb Code    84  sys_lib.o(i.TIM3_IRQHandler)
    TIM_ClearITPendingBit                    0x080019d1   Thumb Code     6  stm32f0xx_tim.o(i.TIM_ClearITPendingBit)
    TIM_Cmd                                  0x080019d9   Thumb Code    24  stm32f0xx_tim.o(i.TIM_Cmd)
    TIM_GetITStatus                          0x080019f5   Thumb Code    38  stm32f0xx_tim.o(i.TIM_GetITStatus)
    TIM_ITConfig                             0x08001a1b   Thumb Code    20  stm32f0xx_tim.o(i.TIM_ITConfig)
    TIM_TimeBaseInit                         0x08001a31   Thumb Code    90  stm32f0xx_tim.o(i.TIM_TimeBaseInit)
    UART_Init                                0x08001aad   Thumb Code   138  uart.o(i.UART_Init)
    USART1_IRQHandler                        0x08001b45   Thumb Code    88  uart.o(i.USART1_IRQHandler)
    USART_ClearITPendingBit                  0x08001bb5   Thumb Code    18  stm32f0xx_usart.o(i.USART_ClearITPendingBit)
    USART_Cmd                                0x08001bc7   Thumb Code    24  stm32f0xx_usart.o(i.USART_Cmd)
    USART_GetFlagStatus                      0x08001bdf   Thumb Code    20  stm32f0xx_usart.o(i.USART_GetFlagStatus)
    USART_GetITStatus                        0x08001bf3   Thumb Code    78  stm32f0xx_usart.o(i.USART_GetITStatus)
    USART_ITConfig                           0x08001c41   Thumb Code    66  stm32f0xx_usart.o(i.USART_ITConfig)
    USART_Init                               0x08001c85   Thumb Code   214  stm32f0xx_usart.o(i.USART_Init)
    USART_ReceiveData                        0x08001d6d   Thumb Code    10  stm32f0xx_usart.o(i.USART_ReceiveData)
    USART_SendData                           0x08001d77   Thumb Code     8  stm32f0xx_usart.o(i.USART_SendData)
    main                                     0x08001db9   Thumb Code    20  main.o(i.main)
    map                                      0x08001ded   Thumb Code    32  sys_lib.o(i.map)
    __aeabi_fadd                             0x0800210d   Thumb Code     0  faddsub.o(x$fpl$fadd)
    _fadd                                    0x0800210d   Thumb Code   134  faddsub.o(x$fpl$fadd)
    __aeabi_cfcmple                          0x08002199   Thumb Code     0  flef.o(x$fpl$fleqf)
    _fcmple                                  0x08002199   Thumb Code    78  flef.o(x$fpl$fleqf)
    __aeabi_fmul                             0x080021ed   Thumb Code     0  fmul.o(x$fpl$fmul)
    _fmul                                    0x080021ed   Thumb Code   172  fmul.o(x$fpl$fmul)
    __aeabi_fsub                             0x0800229d   Thumb Code     0  faddsub.o(x$fpl$fsub)
    _fsub                                    0x0800229d   Thumb Code   204  faddsub.o(x$fpl$fsub)
    __I$use$fp                               0x0800236c   Number         0  usenofp.o(x$fpl$usenofp)
    Region$$Table$$Base                      0x0800242c   Number         0  anon$$obj.o(Region$$Table)
    Region$$Table$$Limit                     0x0800244c   Number         0  anon$$obj.o(Region$$Table)
    delay                                    0x20000000   Data           2  delay.o(.data)
    stt1                                     0x20000002   Data           1  delay.o(.data)
    RX_FLAG_END_LINE                         0x20000008   Data           1  uart.o(.data)
    RXI                                      0x2000000c   Data           4  uart.o(.data)
    temp_char                                0x20000010   Data           1  uart.o(.data)
    BT1                                      0x20000012   Data           4  ct_lib.o(.data)
    BT2                                      0x20000016   Data           4  ct_lib.o(.data)
    sys_test_pwm                             0x2000001c   Data           1  sys_lib.o(.data)
    count_empty_time                         0x20000050   Data           1  adc_lib.o(.data)
    Adc_VarArr                               0x20000052   Data           8  adc_lib.o(.data)
    NUMBER_READ_ADC                          0x20000076   Data           2  adc_lib.o(.data)
    SystemCoreClock                          0x20000088   Data           4  system_stm32f0xx.o(.data)
    AHBPrescTable                            0x2000008c   Data          16  system_stm32f0xx.o(.data)
    RRX                                      0x2000009c   Data          80  uart.o(.bss)
    a                                        0x200000ec   Data          10  uart.o(.bss)
    Kalman_OUT_ADC_1                         0x2000012c   Data          32  adc_lib.o(.bss)
    Kalman_OUT_ADC_2                         0x2000014c   Data          32  adc_lib.o(.bss)
    Kalman_OUT_ADC_3                         0x2000016c   Data          32  adc_lib.o(.bss)
    Kalman_LM35                              0x2000018c   Data          32  adc_lib.o(.bss)
    Kalman_ADC_M1                            0x200001ac   Data          32  adc_lib.o(.bss)
    Kalman_ADC_M2                            0x200001cc   Data          32  adc_lib.o(.bss)
    __libspace_start                         0x200001ec   Data          96  libspace.o(.bss)
    __temporary_stack_top$libspace           0x2000024c   Data           0  libspace.o(.bss)



==============================================================================

Memory Map of the image

  Image Entry point : 0x08000169

  Load Region LR_1 (Base: 0x08000000, Size: 0x000024e8, Max: 0xffffffff, ABSOLUTE)

    Execution Region ER_RO (Base: 0x08000000, Size: 0x0000244c, Max: 0xffffffff, ABSOLUTE)

    Base Addr    Size         Type   Attr      Idx    E Section Name        Object

    0x08000000   0x000000b4   Data   RO         4258    RESET               startup_stm32f030.o
    0x080000b4   0x00000008   Code   RO         4301  * !!!main             c_p.l(__main.o)
    0x080000bc   0x0000003c   Code   RO         4514    !!!scatter          c_p.l(__scatter.o)
    0x080000f8   0x0000001a   Code   RO         4516    !!handler_copy      c_p.l(__scatter_copy.o)
    0x08000112   0x00000002   PAD
    0x08000114   0x0000001c   Code   RO         4518    !!handler_zi        c_p.l(__scatter_zi.o)
    0x08000130   0x00000002   Code   RO         4294    .ARM.Collect$$_printf_percent$$00000000  c_p.l(_printf_percent.o)
    0x08000132   0x0000000a   Code   RO         4293    .ARM.Collect$$_printf_percent$$00000009  c_p.l(_printf_d.o)
    0x0800013c   0x00000004   Code   RO         4338    .ARM.Collect$$_printf_percent$$00000017  c_p.l(_printf_percent_end.o)
    0x08000140   0x00000002   Code   RO         4381    .ARM.Collect$$libinit$$00000000  c_p.l(libinit.o)
    0x08000142   0x00000000   Code   RO         4397    .ARM.Collect$$libinit$$00000002  c_p.l(libinit2.o)
    0x08000142   0x00000000   Code   RO         4399    .ARM.Collect$$libinit$$00000004  c_p.l(libinit2.o)
    0x08000142   0x00000000   Code   RO         4402    .ARM.Collect$$libinit$$0000000A  c_p.l(libinit2.o)
    0x08000142   0x00000000   Code   RO         4404    .ARM.Collect$$libinit$$0000000C  c_p.l(libinit2.o)
    0x08000142   0x00000000   Code   RO         4406    .ARM.Collect$$libinit$$0000000E  c_p.l(libinit2.o)
    0x08000142   0x00000000   Code   RO         4409    .ARM.Collect$$libinit$$00000011  c_p.l(libinit2.o)
    0x08000142   0x00000000   Code   RO         4411    .ARM.Collect$$libinit$$00000013  c_p.l(libinit2.o)
    0x08000142   0x00000000   Code   RO         4413    .ARM.Collect$$libinit$$00000015  c_p.l(libinit2.o)
    0x08000142   0x00000000   Code   RO         4415    .ARM.Collect$$libinit$$00000017  c_p.l(libinit2.o)
    0x08000142   0x00000000   Code   RO         4417    .ARM.Collect$$libinit$$00000019  c_p.l(libinit2.o)
    0x08000142   0x00000000   Code   RO         4419    .ARM.Collect$$libinit$$0000001B  c_p.l(libinit2.o)
    0x08000142   0x00000000   Code   RO         4421    .ARM.Collect$$libinit$$0000001D  c_p.l(libinit2.o)
    0x08000142   0x00000000   Code   RO         4423    .ARM.Collect$$libinit$$0000001F  c_p.l(libinit2.o)
    0x08000142   0x00000000   Code   RO         4425    .ARM.Collect$$libinit$$00000021  c_p.l(libinit2.o)
    0x08000142   0x00000000   Code   RO         4427    .ARM.Collect$$libinit$$00000023  c_p.l(libinit2.o)
    0x08000142   0x00000000   Code   RO         4429    .ARM.Collect$$libinit$$00000025  c_p.l(libinit2.o)
    0x08000142   0x00000000   Code   RO         4433    .ARM.Collect$$libinit$$0000002C  c_p.l(libinit2.o)
    0x08000142   0x00000000   Code   RO         4435    .ARM.Collect$$libinit$$0000002E  c_p.l(libinit2.o)
    0x08000142   0x00000000   Code   RO         4437    .ARM.Collect$$libinit$$00000030  c_p.l(libinit2.o)
    0x08000142   0x00000000   Code   RO         4439    .ARM.Collect$$libinit$$00000032  c_p.l(libinit2.o)
    0x08000142   0x00000002   Code   RO         4440    .ARM.Collect$$libinit$$00000033  c_p.l(libinit2.o)
    0x08000144   0x00000002   Code   RO         4471    .ARM.Collect$$libshutdown$$00000000  c_p.l(libshutdown.o)
    0x08000146   0x00000000   Code   RO         4497    .ARM.Collect$$libshutdown$$00000002  c_p.l(libshutdown2.o)
    0x08000146   0x00000000   Code   RO         4499    .ARM.Collect$$libshutdown$$00000004  c_p.l(libshutdown2.o)
    0x08000146   0x00000000   Code   RO         4502    .ARM.Collect$$libshutdown$$00000007  c_p.l(libshutdown2.o)
    0x08000146   0x00000000   Code   RO         4505    .ARM.Collect$$libshutdown$$0000000A  c_p.l(libshutdown2.o)
    0x08000146   0x00000000   Code   RO         4507    .ARM.Collect$$libshutdown$$0000000C  c_p.l(libshutdown2.o)
    0x08000146   0x00000000   Code   RO         4510    .ARM.Collect$$libshutdown$$0000000F  c_p.l(libshutdown2.o)
    0x08000146   0x00000002   Code   RO         4511    .ARM.Collect$$libshutdown$$00000010  c_p.l(libshutdown2.o)
    0x08000148   0x00000000   Code   RO         4327    .ARM.Collect$$rtentry$$00000000  c_p.l(__rtentry.o)
    0x08000148   0x00000000   Code   RO         4345    .ARM.Collect$$rtentry$$00000002  c_p.l(__rtentry2.o)
    0x08000148   0x00000006   Code   RO         4357    .ARM.Collect$$rtentry$$00000004  c_p.l(__rtentry4.o)
    0x0800014e   0x00000000   Code   RO         4347    .ARM.Collect$$rtentry$$00000009  c_p.l(__rtentry2.o)
    0x0800014e   0x00000004   Code   RO         4348    .ARM.Collect$$rtentry$$0000000A  c_p.l(__rtentry2.o)
    0x08000152   0x00000000   Code   RO         4350    .ARM.Collect$$rtentry$$0000000C  c_p.l(__rtentry2.o)
    0x08000152   0x00000008   Code   RO         4351    .ARM.Collect$$rtentry$$0000000D  c_p.l(__rtentry2.o)
    0x0800015a   0x00000002   Code   RO         4388    .ARM.Collect$$rtexit$$00000000  c_p.l(rtexit.o)
    0x0800015c   0x00000000   Code   RO         4444    .ARM.Collect$$rtexit$$00000002  c_p.l(rtexit2.o)
    0x0800015c   0x00000004   Code   RO         4445    .ARM.Collect$$rtexit$$00000003  c_p.l(rtexit2.o)
    0x08000160   0x00000006   Code   RO         4446    .ARM.Collect$$rtexit$$00000004  c_p.l(rtexit2.o)
    0x08000166   0x00000002   PAD
    0x08000168   0x00000074   Code   RO         4259  * .text               startup_stm32f030.o
    0x080001dc   0x00000028   Code   RO         4267    .text               c_p.l(noretval__2sprintf.o)
    0x08000204   0x0000006c   Code   RO         4269    .text               c_p.l(__printf.o)
    0x08000270   0x0000006c   Code   RO         4271    .text               c_p.l(_printf_dec.o)
    0x080002dc   0x0000015a   Code   RO         4295    .text               c_p.l(aeabi_sdiv.o)
    0x08000436   0x00000006   Code   RO         4299    .text               c_p.l(heapauxi.o)
    0x0800043c   0x0000007c   Code   RO         4303    .text               fz_ps.l(d2f.o)
    0x080004b8   0x00000448   Code   RO         4305    .text               fz_ps.l(ddiv.o)
    0x08000900   0x00000058   Code   RO         4308    .text               fz_ps.l(dflti.o)
    0x08000958   0x00000160   Code   RO         4316    .text               fz_ps.l(fdiv.o)
    0x08000ab8   0x00000030   Code   RO         4319    .text               fz_ps.l(ffixui.o)
    0x08000ae8   0x0000005e   Code   RO         4321    .text               fz_ps.l(fflti.o)
    0x08000b46   0x000000b0   Code   RO         4332    .text               c_p.l(_printf_intcommon.o)
    0x08000bf6   0x00000002   PAD
    0x08000bf8   0x00000030   Code   RO         4334    .text               c_p.l(_printf_char_common.o)
    0x08000c28   0x0000000a   Code   RO         4336    .text               c_p.l(_sputc.o)
    0x08000c32   0x00000028   Code   RO         4339    .text               c_p.l(rtudiv10.o)
    0x08000c5a   0x00000002   PAD
    0x08000c5c   0x00000064   Code   RO         4341    .text               fz_ps.l(fcmpin.o)
    0x08000cc0   0x0000002e   Code   RO         4363    .text               fz_ps.l(cmpret.o)
    0x08000cee   0x00000002   PAD
    0x08000cf0   0x00000010   Code   RO         4365    .text               fz_ps.l(fnan2.o)
    0x08000d00   0x0000003e   Code   RO         4367    .text               c_p.l(sys_stackheap_outer.o)
    0x08000d3e   0x00000010   Code   RO         4370    .text               c_p.l(exit.o)
    0x08000d4e   0x0000005e   Code   RO         4382    .text               fz_ps.l(retnan.o)
    0x08000dac   0x00000008   Code   RO         4384    .text               c_p.l(libspace.o)
    0x08000db4   0x0000000c   Code   RO         4441    .text               c_p.l(sys_exit.o)
    0x08000dc0   0x00000002   Code   RO         4460    .text               c_p.l(use_no_semi.o)
    0x08000dc2   0x00000000   Code   RO         4462    .text               c_p.l(indicate_semi.o)
    0x08000dc2   0x00000002   PAD
    0x08000dc4   0x00000058   Code   RO          570    i.ADC1_IRQHandler   adc_lib.o
    0x08000e1c   0x00000004   Code   RO          659    i.ADC_ClearITPendingBit  stm32f0xx_adc.o
    0x08000e20   0x00000018   Code   RO          661    i.ADC_Cmd           stm32f0xx_adc.o
    0x08000e38   0x0000003c   Code   RO          667    i.ADC_GetCalibrationFactor  stm32f0xx_adc.o
    0x08000e74   0x00000008   Code   RO          668    i.ADC_GetConversionValue  stm32f0xx_adc.o
    0x08000e7c   0x00000030   Code   RO          669    i.ADC_GetFlagStatus  stm32f0xx_adc.o
    0x08000eac   0x00000022   Code   RO          670    i.ADC_GetITStatus   stm32f0xx_adc.o
    0x08000ece   0x00000014   Code   RO          671    i.ADC_ITConfig      stm32f0xx_adc.o
    0x08000ee2   0x00000002   PAD
    0x08000ee4   0x0000002c   Code   RO          672    i.ADC_Init          stm32f0xx_adc.o
    0x08000f10   0x000000a0   Code   RO          571    i.ADC_Init_All      adc_lib.o
    0x08000fb0   0x0000002c   Code   RO          573    i.ADC_Read_All      adc_lib.o
    0x08000fdc   0x0000000a   Code   RO          675    i.ADC_StartOfConversion  stm32f0xx_adc.o
    0x08000fe6   0x00000002   PAD
    0x08000fe8   0x00000094   Code   RO          279    i.CT_Init           ct_lib.o
    0x0800107c   0x00000068   Code   RO          330    i.CT_Motor_1        motor_lib.o
    0x080010e4   0x00000020   Code   RO          333    i.CT_Motor_PWM1     motor_lib.o
    0x08001104   0x00000030   Code   RO          280    i.CT_ReadAllButton  ct_lib.o
    0x08001134   0x00000090   Code   RO         1910    i.GPIO_Init         stm32f0xx_gpio.o
    0x080011c4   0x00000044   Code   RO         1911    i.GPIO_PinAFConfig  stm32f0xx_gpio.o
    0x08001208   0x00000014   Code   RO         1914    i.GPIO_ReadInputDataBit  stm32f0xx_gpio.o
    0x0800121c   0x0000000c   Code   RO         1921    i.GPIO_WriteBit     stm32f0xx_gpio.o
    0x08001228   0x00000010   Code   RO          626    i.IWD_Clear_Time_Out  iwdg.o
    0x08001238   0x00000140   Code   RO          627    i.IWD_Init          iwdg.o
    0x08001378   0x00000020   Code   RO         2430    i.RCC_AHBPeriphClockCmd  stm32f0xx_rcc.o
    0x08001398   0x00000020   Code   RO         2432    i.RCC_APB1PeriphClockCmd  stm32f0xx_rcc.o
    0x080013b8   0x00000020   Code   RO         2434    i.RCC_APB2PeriphClockCmd  stm32f0xx_rcc.o
    0x080013d8   0x000001f0   Code   RO         2444    i.RCC_GetClocksFreq  stm32f0xx_rcc.o
    0x080015c8   0x00000074   Code   RO          390    i.SYS_Init_ALL      sys_lib.o
    0x0800163c   0x0000008c   Code   RO          391    i.SYS_Run           sys_lib.o
    0x080016c8   0x00000050   Code   RO          392    i.SYS_TIM3_Init     sys_lib.o
    0x08001718   0x00000016   Code   RO          211    i.Send_String       uart.o
    0x0800172e   0x00000002   PAD
    0x08001730   0x00000020   Code   RO          212    i.Send_char         uart.o
    0x08001750   0x000000d8   Code   RO         4221    i.SetSysClock       system_stm32f0xx.o
    0x08001828   0x00000018   Code   RO          150    i.SysTick_Handler   delay.o
    0x08001840   0x000000b0   Code   RO         4222    i.SystemCoreClockUpdate  system_stm32f0xx.o
    0x080018f0   0x0000007c   Code   RO         4223    i.SystemInit        system_stm32f0xx.o
    0x0800196c   0x00000064   Code   RO          394    i.TIM3_IRQHandler   sys_lib.o
    0x080019d0   0x00000006   Code   RO         3294    i.TIM_ClearITPendingBit  stm32f0xx_tim.o
    0x080019d6   0x00000002   PAD
    0x080019d8   0x0000001c   Code   RO         3299    i.TIM_Cmd           stm32f0xx_tim.o
    0x080019f4   0x00000026   Code   RO         3320    i.TIM_GetITStatus   stm32f0xx_tim.o
    0x08001a1a   0x00000014   Code   RO         3324    i.TIM_ITConfig      stm32f0xx_tim.o
    0x08001a2e   0x00000002   PAD
    0x08001a30   0x0000007c   Code   RO         3372    i.TIM_TimeBaseInit  stm32f0xx_tim.o
    0x08001aac   0x00000098   Code   RO          213    i.UART_Init         uart.o
    0x08001b44   0x00000070   Code   RO          214    i.USART1_IRQHandler  uart.o
    0x08001bb4   0x00000012   Code   RO         3855    i.USART_ClearITPendingBit  stm32f0xx_usart.o
    0x08001bc6   0x00000018   Code   RO         3858    i.USART_Cmd         stm32f0xx_usart.o
    0x08001bde   0x00000014   Code   RO         3866    i.USART_GetFlagStatus  stm32f0xx_usart.o
    0x08001bf2   0x0000004e   Code   RO         3867    i.USART_GetITStatus  stm32f0xx_usart.o
    0x08001c40   0x00000042   Code   RO         3869    i.USART_ITConfig    stm32f0xx_usart.o
    0x08001c82   0x00000002   PAD
    0x08001c84   0x000000e8   Code   RO         3870    i.USART_Init        stm32f0xx_usart.o
    0x08001d6c   0x0000000a   Code   RO         3882    i.USART_ReceiveData  stm32f0xx_usart.o
    0x08001d76   0x00000008   Code   RO         3887    i.USART_SendData    stm32f0xx_usart.o
    0x08001d7e   0x00000002   PAD
    0x08001d80   0x00000038   Code   RO          282    i.ct_buttonread     ct_lib.o
    0x08001db8   0x00000014   Code   RO            3    i.main              main.o
    0x08001dcc   0x00000020   Code   RO          337    i.map               motor_lib.o
    0x08001dec   0x00000020   Code   RO          395    i.map               sys_lib.o
    0x08001e0c   0x00000080   Code   RO          575    i.read_adc_all      adc_lib.o
    0x08001e8c   0x000001c4   Code   RO          397    i.sys_assign_adc    sys_lib.o
    0x08002050   0x000000b0   Code   RO          398    i.sys_control_motor  sys_lib.o
    0x08002100   0x0000000c   Code   RO          408    i.sys_status_reset  sys_lib.o
    0x0800210c   0x0000008c   Code   RO         4310    x$fpl$fadd          fz_ps.l(faddsub.o)
    0x08002198   0x00000054   Code   RO         4323    x$fpl$fleqf         fz_ps.l(flef.o)
    0x080021ec   0x000000b0   Code   RO         4325    x$fpl$fmul          fz_ps.l(fmul.o)
    0x0800229c   0x000000d0   Code   RO         4312    x$fpl$fsub          fz_ps.l(faddsub.o)
    0x0800236c   0x00000000   Code   RO         4343    x$fpl$usenofp       fz_ps.l(usenofp.o)
    0x0800236c   0x00000080   Data   RO         4306    .constdata          fz_ps.l(ddiv.o)
    0x080023ec   0x00000040   Data   RO         4317    .constdata          fz_ps.l(fdiv.o)
    0x0800242c   0x00000020   Data   RO         4512    Region$$Table       anon$$obj.o


    Execution Region ER_RW (Base: 0x20000000, Size: 0x0000009c, Max: 0xffffffff, ABSOLUTE)

    Base Addr    Size         Type   Attr      Idx    E Section Name        Object

    0x20000000   0x00000006   Data   RW          153    .data               delay.o
    0x20000006   0x00000002   PAD
    0x20000008   0x00000009   Data   RW          216    .data               uart.o
    0x20000011   0x00000001   PAD
    0x20000012   0x00000008   Data   RW          283    .data               ct_lib.o
    0x2000001a   0x00000002   PAD
    0x2000001c   0x00000034   Data   RW          411    .data               sys_lib.o
    0x20000050   0x00000028   Data   RW          577    .data               adc_lib.o
    0x20000078   0x00000010   Data   RW         2470    .data               stm32f0xx_rcc.o
    0x20000088   0x00000014   Data   RW         4224    .data               system_stm32f0xx.o


    Execution Region ER_ZI (Base: 0x2000009c, Size: 0x000007b4, Max: 0xffffffff, ABSOLUTE)

    Base Addr    Size         Type   Attr      Idx    E Section Name        Object

    0x2000009c   0x0000005a   Zero   RW          215    .bss                uart.o
    0x200000f6   0x00000002   PAD
    0x200000f8   0x00000034   Zero   RW          410    .bss                sys_lib.o
    0x2000012c   0x000000c0   Zero   RW          576    .bss                adc_lib.o
    0x200001ec   0x00000060   Zero   RW         4385    .bss                c_p.l(libspace.o)
    0x2000024c   0x00000004   PAD
    0x20000250   0x00000200   Zero   RW         4257    HEAP                startup_stm32f030.o
    0x20000450   0x00000400   Zero   RW         4256    STACK               startup_stm32f030.o


==============================================================================

Image component sizes


      Code (inc. data)   RO Data    RW Data    ZI Data      Debug   Object Name

       420         60          0         40        192       4209   adc_lib.o
       252         24          0          8          0       2739   ct_lib.o
        24          4          0          6          0        695   delay.o
       336         32          0          0          0       1088   iwdg.o
        20          0          0          0          0     209903   main.o
       168          4          0          0          0       1977   motor_lib.o
       116         56        180          0       1536        648   startup_stm32f030.o
       252          4          0          0          0       6158   stm32f0xx_adc.o
       244          0          0          0          0       3171   stm32f0xx_gpio.o
       592         40          0         16          0       3790   stm32f0xx_rcc.o
       216         38          0          0          0       3770   stm32f0xx_tim.o
       456         18          0          0          0       6335   stm32f0xx_usart.o
      1108        152          0         52         52      12200   sys_lib.o
       516         46          0         20          0       2285   system_stm32f0xx.o
       318         42          0          9         90     160913   uart.o

    ----------------------------------------------------------------------
      5052        520        212        156       1872     419881   Object Totals
         0          0         32          0          0          0   (incl. Generated)
        14          0          0          5          2          0   (incl. Padding)

    ----------------------------------------------------------------------

      Code (inc. data)   RO Data    RW Data    ZI Data      Debug   Library Member Name

         8          0          0          0          0         68   __main.o
       108          0          0          0          0         76   __printf.o
         0          0          0          0          0          0   __rtentry.o
        12          0          0          0          0          0   __rtentry2.o
         6          0          0          0          0          0   __rtentry4.o
        60          8          0          0          0          0   __scatter.o
        26          0          0          0          0          0   __scatter_copy.o
        28          0          0          0          0          0   __scatter_zi.o
        48          6          0          0          0         88   _printf_char_common.o
        10          0          0          0          0          0   _printf_d.o
       108         18          0          0          0         76   _printf_dec.o
       176          0          0          0          0         84   _printf_intcommon.o
         2          0          0          0          0          0   _printf_percent.o
         4          0          0          0          0          0   _printf_percent_end.o
        10          0          0          0          0         60   _sputc.o
       346          0          0          0          0         92   aeabi_sdiv.o
        16          0          0          0          0         68   exit.o
         6          0          0          0          0        136   heapauxi.o
         0          0          0          0          0          0   indicate_semi.o
         2          0          0          0          0          0   libinit.o
         2          0          0          0          0          0   libinit2.o
         2          0          0          0          0          0   libshutdown.o
         2          0          0          0          0          0   libshutdown2.o
         8          4          0          0         96         68   libspace.o
        40          4          0          0          0         84   noretval__2sprintf.o
         2          0          0          0          0          0   rtexit.o
        10          0          0          0          0          0   rtexit2.o
        40          0          0          0          0         60   rtudiv10.o
        12          4          0          0          0         60   sys_exit.o
        62          0          0          0          0         80   sys_stackheap_outer.o
         2          0          0          0          0         68   use_no_semi.o
        46          0          0          0          0         60   cmpret.o
       124          4          0          0          0         72   d2f.o
      1096         26        128          0          0        112   ddiv.o
        88          0          0          0          0         92   dflti.o
       348          8          0          0          0        160   faddsub.o
       100          4          0          0          0         68   fcmpin.o
       352         10         64          0          0         92   fdiv.o
        48          0          0          0          0         60   ffixui.o
        94          0          0          0          0         92   fflti.o
        84          4          0          0          0         76   flef.o
       176          4          0          0          0         80   fmul.o
        16          6          0          0          0         68   fnan2.o
        94          0          0          0          0         68   retnan.o
         0          0          0          0          0          0   usenofp.o

    ----------------------------------------------------------------------
      3836        110        192          0        100       2268   Library Totals
        12          0          0          0          4          0   (incl. Padding)

    ----------------------------------------------------------------------

      Code (inc. data)   RO Data    RW Data    ZI Data      Debug   Library Name

      1158         44          0          0         96       1168   c_p.l
      2666         66        192          0          0       1100   fz_ps.l

    ----------------------------------------------------------------------
      3836        110        192          0        100       2268   Library Totals

    ----------------------------------------------------------------------

==============================================================================


      Code (inc. data)   RO Data    RW Data    ZI Data      Debug   

      8888        630        404        156       1972     418541   Grand Totals
      8888        630        404        156       1972     418541   ELF Image Totals
      8888        630        404        156          0          0   ROM Totals

==============================================================================

    Total RO  Size (Code + RO Data)                 9292 (   9.07kB)
    Total RW  Size (RW Data + ZI Data)              2128 (   2.08kB)
    Total ROM Size (Code + RO Data + RW Data)       9448 (   9.23kB)

==============================================================================

