<html>
<body>
<pre>
<h1>µVision Build Log</h1>
<h2>Tool Versions:</h2>
IDE-Version: µVision V5.17.0.0
Copyright (C) 2015 ARM Ltd and ARM Germany GmbH. All rights reserved.
License Information: b b, bb, LIC=VGXG8-35C6P-012P1-CNMQA-XGR99-4H7GQ
 
Tool Versions:
Toolchain:       MDK-ARM Standard  Version: 5.17
Toolchain Path:  C:\Keil_v517\ARM\ARMCC\Bin
C Compiler:      Armcc.exe V5.06 update 1 (build 61)
Assembler:       Armasm.exe V5.06 update 1 (build 61)
Linker/Locator:  ArmLink.exe V5.06 update 1 (build 61)
Library Manager: ArmAr.exe V5.06 update 1 (build 61)
Hex Converter:   FromElf.exe V5.06 update 1 (build 61)
CPU DLL:         SARMCM3.DLL V5.17
Dialog DLL:      DARMCM1.DLL V1.12.0.0
Target DLL:      STLink\ST-LINKIII-KEIL_SWO.dll V2.0.18.0
Dialog DLL:      TARMCM1.DLL V1.9.0.0
 
<h2>Project:</h2>
C:\Users\nguye\OneDrive\Documents\GitHub\Control_AC_HNR_AHien\Control_AC_HNR_AHien\MDK\Project_mau.uvprojx
Project File Date:  12/05/2022

<h2>Output:</h2>
*** Using Compiler 'V5.06 update 1 (build 61)', folder: 'C:\Keil_v517\ARM\ARMCC\Bin'
Build target 'Project'
compiling sys_lib.c...
..\USER\sys_lib.c(81): warning:  #177-D: variable "arr" was declared but never referenced
  	char arr[100];
..\USER\sys_lib.c(440): warning:  #177-D: function "sys_Test_motor" was declared but never referenced
  static void sys_Test_motor(uint8_t mode)
..\USER\sys_lib.c: 2 warnings, 0 errors
linking...
Program Size: Code=11032 RO-data=404 RW-data=136 ZI-data=1968  
".\Objects\Project_mau.axf" - 0 Error(s), 2 Warning(s).

<h2>Collection of Component include folders:</h2>
  C:\Users\nguye\OneDrive\Documents\GitHub\Control_AC_HNR_AHien\Control_AC_HNR_AHien\MDK\RTE
  C:\Keil_v517\ARM\PACK\Keil\STM32F0xx_DFP\2.0.0\Drivers\CMSIS\Device\ST\STM32F0xx\Include

<h2>Collection of Component Files used:</h2>
Build Time Elapsed:  00:00:01
</pre>
</body>
</html>
